<?xml version="1.0"?>
<link_info>
   <banner>TMS320C2000 Linker PC v6.2.7</banner>
   <copyright>Copyright (c) 1996-2014 Texas Instruments Incorporated</copyright>
   <link_time>0x591ade6e</link_time>
   <link_errors>0x0</link_errors>
   <output_file>proj_lab13e.out</output_file>
   <entry_point>
      <name>_c_int00</name>
      <address>0xc2a7</address>
   </entry_point>
   <input_file_list>
      <input_file id="fl-7">
         <path>.\</path>
         <kind>object</kind>
         <file>CodeStartBranch.obj</file>
         <name>CodeStartBranch.obj</name>
      </input_file>
      <input_file id="fl-8">
         <path>.\</path>
         <kind>object</kind>
         <file>adc.obj</file>
         <name>adc.obj</name>
      </input_file>
      <input_file id="fl-9">
         <path>.\</path>
         <kind>object</kind>
         <file>clarke.obj</file>
         <name>clarke.obj</name>
      </input_file>
      <input_file id="fl-a">
         <path>.\</path>
         <kind>object</kind>
         <file>clk.obj</file>
         <name>clk.obj</name>
      </input_file>
      <input_file id="fl-b">
         <path>.\</path>
         <kind>object</kind>
         <file>cpu.obj</file>
         <name>cpu.obj</name>
      </input_file>
      <input_file id="fl-c">
         <path>.\</path>
         <kind>object</kind>
         <file>ctrlQEP.obj</file>
         <name>ctrlQEP.obj</name>
      </input_file>
      <input_file id="fl-d">
         <path>.\</path>
         <kind>object</kind>
         <file>enc.obj</file>
         <name>enc.obj</name>
      </input_file>
      <input_file id="fl-e">
         <path>.\</path>
         <kind>object</kind>
         <file>filter_fo.obj</file>
         <name>filter_fo.obj</name>
      </input_file>
      <input_file id="fl-f">
         <path>.\</path>
         <kind>object</kind>
         <file>flash.obj</file>
         <name>flash.obj</name>
      </input_file>
      <input_file id="fl-10">
         <path>.\</path>
         <kind>object</kind>
         <file>gpio.obj</file>
         <name>gpio.obj</name>
      </input_file>
      <input_file id="fl-11">
         <path>.\</path>
         <kind>object</kind>
         <file>hal.obj</file>
         <name>hal.obj</name>
      </input_file>
      <input_file id="fl-12">
         <path>.\</path>
         <kind>object</kind>
         <file>ipark.obj</file>
         <name>ipark.obj</name>
      </input_file>
      <input_file id="fl-13">
         <path>.\</path>
         <kind>object</kind>
         <file>offset.obj</file>
         <name>offset.obj</name>
      </input_file>
      <input_file id="fl-14">
         <path>.\</path>
         <kind>object</kind>
         <file>osc.obj</file>
         <name>osc.obj</name>
      </input_file>
      <input_file id="fl-15">
         <path>.\</path>
         <kind>object</kind>
         <file>park.obj</file>
         <name>park.obj</name>
      </input_file>
      <input_file id="fl-16">
         <path>.\</path>
         <kind>object</kind>
         <file>pid.obj</file>
         <name>pid.obj</name>
      </input_file>
      <input_file id="fl-17">
         <path>.\</path>
         <kind>object</kind>
         <file>pie.obj</file>
         <name>pie.obj</name>
      </input_file>
      <input_file id="fl-18">
         <path>.\</path>
         <kind>object</kind>
         <file>pll.obj</file>
         <name>pll.obj</name>
      </input_file>
      <input_file id="fl-19">
         <path>.\</path>
         <kind>object</kind>
         <file>proj_lab13e.obj</file>
         <name>proj_lab13e.obj</name>
      </input_file>
      <input_file id="fl-1a">
         <path>.\</path>
         <kind>object</kind>
         <file>pwm.obj</file>
         <name>pwm.obj</name>
      </input_file>
      <input_file id="fl-1b">
         <path>.\</path>
         <kind>object</kind>
         <file>pwr.obj</file>
         <name>pwr.obj</name>
      </input_file>
      <input_file id="fl-1c">
         <path>.\</path>
         <kind>object</kind>
         <file>qep.obj</file>
         <name>qep.obj</name>
      </input_file>
      <input_file id="fl-1d">
         <path>.\</path>
         <kind>object</kind>
         <file>slip.obj</file>
         <name>slip.obj</name>
      </input_file>
      <input_file id="fl-1e">
         <path>.\</path>
         <kind>object</kind>
         <file>spi.obj</file>
         <name>spi.obj</name>
      </input_file>
      <input_file id="fl-1f">
         <path>.\</path>
         <kind>object</kind>
         <file>svgen.obj</file>
         <name>svgen.obj</name>
      </input_file>
      <input_file id="fl-20">
         <path>.\</path>
         <kind>object</kind>
         <file>timer.obj</file>
         <name>timer.obj</name>
      </input_file>
      <input_file id="fl-21">
         <path>.\</path>
         <kind>object</kind>
         <file>traj.obj</file>
         <name>traj.obj</name>
      </input_file>
      <input_file id="fl-22">
         <path>.\</path>
         <kind>object</kind>
         <file>usDelay.obj</file>
         <name>usDelay.obj</name>
      </input_file>
      <input_file id="fl-23">
         <path>.\</path>
         <kind>object</kind>
         <file>user.obj</file>
         <name>user.obj</name>
      </input_file>
      <input_file id="fl-24">
         <path>.\</path>
         <kind>object</kind>
         <file>wdog.obj</file>
         <name>wdog.obj</name>
      </input_file>
      <input_file id="fl-27">
         <path>D:\ti\motorware\motorware_1_01_00_16\sw\modules\fast\lib\32b\f28x\f2806x\</path>
         <kind>archive</kind>
         <file>2806xRevB_FastSpinROMSymbols.lib</file>
         <name>TMS320x2806x_REVB_boot_rom_out_FD$$MPY_tmp.obj</name>
      </input_file>
      <input_file id="fl-28">
         <path>D:\ti\motorware\motorware_1_01_00_16\sw\modules\fast\lib\32b\f28x\f2806x\</path>
         <kind>archive</kind>
         <file>2806xRevB_FastSpinROMSymbols.lib</file>
         <name>TMS320x2806x_REVB_boot_rom_out_FD$$TOL_tmp.obj</name>
      </input_file>
      <input_file id="fl-29">
         <path>D:\ti\motorware\motorware_1_01_00_16\sw\modules\fast\lib\32b\f28x\f2806x\</path>
         <kind>archive</kind>
         <file>2806xRevB_FastSpinROMSymbols.lib</file>
         <name>TMS320x2806x_REVB_boot_rom_out_FS$$ADD_tmp.obj</name>
      </input_file>
      <input_file id="fl-2a">
         <path>D:\ti\motorware\motorware_1_01_00_16\sw\modules\fast\lib\32b\f28x\f2806x\</path>
         <kind>archive</kind>
         <file>2806xRevB_FastSpinROMSymbols.lib</file>
         <name>TMS320x2806x_REVB_boot_rom_out_FS$$CMP_tmp.obj</name>
      </input_file>
      <input_file id="fl-2b">
         <path>D:\ti\motorware\motorware_1_01_00_16\sw\modules\fast\lib\32b\f28x\f2806x\</path>
         <kind>archive</kind>
         <file>2806xRevB_FastSpinROMSymbols.lib</file>
         <name>TMS320x2806x_REVB_boot_rom_out_FS$$DIV_tmp.obj</name>
      </input_file>
      <input_file id="fl-2c">
         <path>D:\ti\motorware\motorware_1_01_00_16\sw\modules\fast\lib\32b\f28x\f2806x\</path>
         <kind>archive</kind>
         <file>2806xRevB_FastSpinROMSymbols.lib</file>
         <name>TMS320x2806x_REVB_boot_rom_out_FS$$MPY_tmp.obj</name>
      </input_file>
      <input_file id="fl-2d">
         <path>D:\ti\motorware\motorware_1_01_00_16\sw\modules\fast\lib\32b\f28x\f2806x\</path>
         <kind>archive</kind>
         <file>2806xRevB_FastSpinROMSymbols.lib</file>
         <name>TMS320x2806x_REVB_boot_rom_out_FS$$NEG_tmp.obj</name>
      </input_file>
      <input_file id="fl-2e">
         <path>D:\ti\motorware\motorware_1_01_00_16\sw\modules\fast\lib\32b\f28x\f2806x\</path>
         <kind>archive</kind>
         <file>2806xRevB_FastSpinROMSymbols.lib</file>
         <name>TMS320x2806x_REVB_boot_rom_out_FS$$TOFD_tmp.obj</name>
      </input_file>
      <input_file id="fl-2f">
         <path>D:\ti\motorware\motorware_1_01_00_16\sw\modules\fast\lib\32b\f28x\f2806x\</path>
         <kind>archive</kind>
         <file>2806xRevB_FastSpinROMSymbols.lib</file>
         <name>TMS320x2806x_REVB_boot_rom_out_FS$$TOI_tmp.obj</name>
      </input_file>
      <input_file id="fl-30">
         <path>D:\ti\motorware\motorware_1_01_00_16\sw\modules\fast\lib\32b\f28x\f2806x\</path>
         <kind>archive</kind>
         <file>2806xRevB_FastSpinROMSymbols.lib</file>
         <name>TMS320x2806x_REVB_boot_rom_out_FS$$TOL_tmp.obj</name>
      </input_file>
      <input_file id="fl-31">
         <path>D:\ti\ccsv6\tools\compiler\c2000_6.2.7\lib\</path>
         <kind>archive</kind>
         <file>rts2800_ml.lib</file>
         <name>fs_tou.obj</name>
      </input_file>
      <input_file id="fl-32">
         <path>D:\ti\ccsv6\tools\compiler\c2000_6.2.7\lib\</path>
         <kind>archive</kind>
         <file>rts2800_ml.lib</file>
         <name>fs_toul.obj</name>
      </input_file>
      <input_file id="fl-33">
         <path>D:\ti\motorware\motorware_1_01_00_16\sw\modules\fast\lib\32b\f28x\f2806x\</path>
         <kind>archive</kind>
         <file>2806xRevB_FastSpinROMSymbols.lib</file>
         <name>TMS320x2806x_REVB_boot_rom_out_I$$TOFS_tmp.obj</name>
      </input_file>
      <input_file id="fl-34">
         <path>D:\ti\motorware\motorware_1_01_00_16\sw\modules\fast\lib\32b\f28x\f2806x\</path>
         <kind>archive</kind>
         <file>2806xRevB_FastSpinROMSymbols.lib</file>
         <name>TMS320x2806x_REVB_boot_rom_out_U$$TOFS_tmp.obj</name>
      </input_file>
      <input_file id="fl-35">
         <path>D:\ti\motorware\motorware_1_01_00_16\sw\modules\fast\lib\32b\f28x\f2806x\</path>
         <kind>archive</kind>
         <file>2806xRevB_FastSpinROMSymbols.lib</file>
         <name>TMS320x2806x_REVB_boot_rom_out_UL$$TOFS_tmp.obj</name>
      </input_file>
      <input_file id="fl-36">
         <path>D:\ti\motorware\motorware_1_01_00_16\sw\modules\fast\lib\32b\f28x\f2806x\</path>
         <kind>archive</kind>
         <file>2806xRevB_FastSpinROMSymbols.lib</file>
         <name>TMS320x2806x_REVB_boot_rom_out__CTRL_getVersion_tmp.obj</name>
      </input_file>
      <input_file id="fl-37">
         <path>D:\ti\motorware\motorware_1_01_00_16\sw\modules\fast\lib\32b\f28x\f2806x\</path>
         <kind>archive</kind>
         <file>2806xRevB_FastSpinROMSymbols.lib</file>
         <name>TMS320x2806x_REVB_boot_rom_out__CTRL_initCtrl_tmp.obj</name>
      </input_file>
      <input_file id="fl-38">
         <path>D:\ti\motorware\motorware_1_01_00_16\sw\modules\fast\lib\32b\f28x\f2806x\</path>
         <kind>archive</kind>
         <file>2806xRevB_FastSpinROMSymbols.lib</file>
         <name>TMS320x2806x_REVB_boot_rom_out__CTRL_runTraj_tmp.obj</name>
      </input_file>
      <input_file id="fl-39">
         <path>D:\ti\motorware\motorware_1_01_00_16\sw\modules\fast\lib\32b\f28x\f2806x\</path>
         <kind>archive</kind>
         <file>2806xRevB_FastSpinROMSymbols.lib</file>
         <name>TMS320x2806x_REVB_boot_rom_out__CTRL_setEstParams_tmp.obj</name>
      </input_file>
      <input_file id="fl-3a">
         <path>D:\ti\motorware\motorware_1_01_00_16\sw\modules\fast\lib\32b\f28x\f2806x\</path>
         <kind>archive</kind>
         <file>2806xRevB_FastSpinROMSymbols.lib</file>
         <name>TMS320x2806x_REVB_boot_rom_out__CTRL_setUserMotorParams_tmp.obj</name>
      </input_file>
      <input_file id="fl-3b">
         <path>D:\ti\motorware\motorware_1_01_00_16\sw\modules\fast\lib\32b\f28x\f2806x\</path>
         <kind>archive</kind>
         <file>2806xRevB_FastSpinROMSymbols.lib</file>
         <name>TMS320x2806x_REVB_boot_rom_out__CTRL_setupCtrl_tmp.obj</name>
      </input_file>
      <input_file id="fl-3c">
         <path>D:\ti\motorware\motorware_1_01_00_16\sw\modules\fast\lib\32b\f28x\f2806x\</path>
         <kind>archive</kind>
         <file>2806xRevB_FastSpinROMSymbols.lib</file>
         <name>TMS320x2806x_REVB_boot_rom_out__CTRL_setupEstIdleState_tmp.obj</name>
      </input_file>
      <input_file id="fl-3d">
         <path>D:\ti\motorware\motorware_1_01_00_16\sw\modules\fast\lib\32b\f28x\f2806x\</path>
         <kind>archive</kind>
         <file>2806xRevB_FastSpinROMSymbols.lib</file>
         <name>TMS320x2806x_REVB_boot_rom_out__CTRL_setupEstOnLineState_tmp.obj</name>
      </input_file>
      <input_file id="fl-3e">
         <path>D:\ti\motorware\motorware_1_01_00_16\sw\modules\fast\lib\32b\f28x\f2806x\</path>
         <kind>archive</kind>
         <file>2806xRevB_FastSpinROMSymbols.lib</file>
         <name>TMS320x2806x_REVB_boot_rom_out__CTRL_setupTraj_tmp.obj</name>
      </input_file>
      <input_file id="fl-3f">
         <path>D:\ti\motorware\motorware_1_01_00_16\sw\modules\fast\lib\32b\f28x\f2806x\</path>
         <kind>archive</kind>
         <file>2806xRevB_FastSpinROMSymbols.lib</file>
         <name>TMS320x2806x_REVB_boot_rom_out__EST_doCurrentCtrl_tmp.obj</name>
      </input_file>
      <input_file id="fl-40">
         <path>D:\ti\motorware\motorware_1_01_00_16\sw\modules\fast\lib\32b\f28x\f2806x\</path>
         <kind>archive</kind>
         <file>2806xRevB_FastSpinROMSymbols.lib</file>
         <name>TMS320x2806x_REVB_boot_rom_out__EST_doSpeedCtrl_tmp.obj</name>
      </input_file>
      <input_file id="fl-41">
         <path>D:\ti\motorware\motorware_1_01_00_16\sw\modules\fast\lib\32b\f28x\f2806x\</path>
         <kind>archive</kind>
         <file>2806xRevB_FastSpinROMSymbols.lib</file>
         <name>TMS320x2806x_REVB_boot_rom_out__EST_getAngle_pu_tmp.obj</name>
      </input_file>
      <input_file id="fl-42">
         <path>D:\ti\motorware\motorware_1_01_00_16\sw\modules\fast\lib\32b\f28x\f2806x\</path>
         <kind>archive</kind>
         <file>2806xRevB_FastSpinROMSymbols.lib</file>
         <name>TMS320x2806x_REVB_boot_rom_out__EST_getFlux_VpHz_tmp.obj</name>
      </input_file>
      <input_file id="fl-43">
         <path>D:\ti\motorware\motorware_1_01_00_16\sw\modules\fast\lib\32b\f28x\f2806x\</path>
         <kind>archive</kind>
         <file>2806xRevB_FastSpinROMSymbols.lib</file>
         <name>TMS320x2806x_REVB_boot_rom_out__EST_getFlux_pu_tmp.obj</name>
      </input_file>
      <input_file id="fl-44">
         <path>D:\ti\motorware\motorware_1_01_00_16\sw\modules\fast\lib\32b\f28x\f2806x\</path>
         <kind>archive</kind>
         <file>2806xRevB_FastSpinROMSymbols.lib</file>
         <name>TMS320x2806x_REVB_boot_rom_out__EST_getFm_pu_tmp.obj</name>
      </input_file>
      <input_file id="fl-45">
         <path>D:\ti\motorware\motorware_1_01_00_16\sw\modules\fast\lib\32b\f28x\f2806x\</path>
         <kind>archive</kind>
         <file>2806xRevB_FastSpinROMSymbols.lib</file>
         <name>TMS320x2806x_REVB_boot_rom_out__EST_getIdRated_tmp.obj</name>
      </input_file>
      <input_file id="fl-46">
         <path>D:\ti\motorware\motorware_1_01_00_16\sw\modules\fast\lib\32b\f28x\f2806x\</path>
         <kind>archive</kind>
         <file>2806xRevB_FastSpinROMSymbols.lib</file>
         <name>TMS320x2806x_REVB_boot_rom_out__EST_getLs_coarse_max_pu_tmp.obj</name>
      </input_file>
      <input_file id="fl-47">
         <path>D:\ti\motorware\motorware_1_01_00_16\sw\modules\fast\lib\32b\f28x\f2806x\</path>
         <kind>archive</kind>
         <file>2806xRevB_FastSpinROMSymbols.lib</file>
         <name>TMS320x2806x_REVB_boot_rom_out__EST_getLs_d_H_tmp.obj</name>
      </input_file>
      <input_file id="fl-48">
         <path>D:\ti\motorware\motorware_1_01_00_16\sw\modules\fast\lib\32b\f28x\f2806x\</path>
         <kind>archive</kind>
         <file>2806xRevB_FastSpinROMSymbols.lib</file>
         <name>TMS320x2806x_REVB_boot_rom_out__EST_getLs_d_pu_tmp.obj</name>
      </input_file>
      <input_file id="fl-49">
         <path>D:\ti\motorware\motorware_1_01_00_16\sw\modules\fast\lib\32b\f28x\f2806x\</path>
         <kind>archive</kind>
         <file>2806xRevB_FastSpinROMSymbols.lib</file>
         <name>TMS320x2806x_REVB_boot_rom_out__EST_getLs_q_H_tmp.obj</name>
      </input_file>
      <input_file id="fl-4a">
         <path>D:\ti\motorware\motorware_1_01_00_16\sw\modules\fast\lib\32b\f28x\f2806x\</path>
         <kind>archive</kind>
         <file>2806xRevB_FastSpinROMSymbols.lib</file>
         <name>TMS320x2806x_REVB_boot_rom_out__EST_getLs_q_pu_tmp.obj</name>
      </input_file>
      <input_file id="fl-4b">
         <path>D:\ti\motorware\motorware_1_01_00_16\sw\modules\fast\lib\32b\f28x\f2806x\</path>
         <kind>archive</kind>
         <file>2806xRevB_FastSpinROMSymbols.lib</file>
         <name>TMS320x2806x_REVB_boot_rom_out__EST_getMaxCurrentSlope_pu_tmp.obj</name>
      </input_file>
      <input_file id="fl-4c">
         <path>D:\ti\motorware\motorware_1_01_00_16\sw\modules\fast\lib\32b\f28x\f2806x\</path>
         <kind>archive</kind>
         <file>2806xRevB_FastSpinROMSymbols.lib</file>
         <name>TMS320x2806x_REVB_boot_rom_out__EST_getOneOverDcBus_pu_tmp.obj</name>
      </input_file>
      <input_file id="fl-4d">
         <path>D:\ti\motorware\motorware_1_01_00_16\sw\modules\fast\lib\32b\f28x\f2806x\</path>
         <kind>archive</kind>
         <file>2806xRevB_FastSpinROMSymbols.lib</file>
         <name>TMS320x2806x_REVB_boot_rom_out__EST_getRr_Ohm_tmp.obj</name>
      </input_file>
      <input_file id="fl-4e">
         <path>D:\ti\motorware\motorware_1_01_00_16\sw\modules\fast\lib\32b\f28x\f2806x\</path>
         <kind>archive</kind>
         <file>2806xRevB_FastSpinROMSymbols.lib</file>
         <name>TMS320x2806x_REVB_boot_rom_out__EST_getRs_Ohm_tmp.obj</name>
      </input_file>
      <input_file id="fl-4f">
         <path>D:\ti\motorware\motorware_1_01_00_16\sw\modules\fast\lib\32b\f28x\f2806x\</path>
         <kind>archive</kind>
         <file>2806xRevB_FastSpinROMSymbols.lib</file>
         <name>TMS320x2806x_REVB_boot_rom_out__EST_getState_tmp.obj</name>
      </input_file>
      <input_file id="fl-50">
         <path>D:\ti\motorware\motorware_1_01_00_16\sw\modules\fast\lib\32b\f28x\f2806x\</path>
         <kind>archive</kind>
         <file>2806xRevB_FastSpinROMSymbols.lib</file>
         <name>TMS320x2806x_REVB_boot_rom_out__EST_get_krpm_to_pu_sf_tmp.obj</name>
      </input_file>
      <input_file id="fl-51">
         <path>D:\ti\motorware\motorware_1_01_00_16\sw\modules\fast\lib\32b\f28x\f2806x\</path>
         <kind>archive</kind>
         <file>2806xRevB_FastSpinROMSymbols.lib</file>
         <name>TMS320x2806x_REVB_boot_rom_out__EST_isError_tmp.obj</name>
      </input_file>
      <input_file id="fl-52">
         <path>D:\ti\motorware\motorware_1_01_00_16\sw\modules\fast\lib\32b\f28x\f2806x\</path>
         <kind>archive</kind>
         <file>2806xRevB_FastSpinROMSymbols.lib</file>
         <name>TMS320x2806x_REVB_boot_rom_out__EST_isIdle_tmp.obj</name>
      </input_file>
      <input_file id="fl-53">
         <path>D:\ti\motorware\motorware_1_01_00_16\sw\modules\fast\lib\32b\f28x\f2806x\</path>
         <kind>archive</kind>
         <file>2806xRevB_FastSpinROMSymbols.lib</file>
         <name>TMS320x2806x_REVB_boot_rom_out__EST_isLockRotor_tmp.obj</name>
      </input_file>
      <input_file id="fl-54">
         <path>D:\ti\motorware\motorware_1_01_00_16\sw\modules\fast\lib\32b\f28x\f2806x\</path>
         <kind>archive</kind>
         <file>2806xRevB_FastSpinROMSymbols.lib</file>
         <name>TMS320x2806x_REVB_boot_rom_out__EST_isMotorIdentified_tmp.obj</name>
      </input_file>
      <input_file id="fl-55">
         <path>D:\ti\motorware\motorware_1_01_00_16\sw\modules\fast\lib\32b\f28x\f2806x\</path>
         <kind>archive</kind>
         <file>2806xRevB_FastSpinROMSymbols.lib</file>
         <name>TMS320x2806x_REVB_boot_rom_out__EST_isOnLine_tmp.obj</name>
      </input_file>
      <input_file id="fl-56">
         <path>D:\ti\motorware\motorware_1_01_00_16\sw\modules\fast\lib\32b\f28x\f2806x\</path>
         <kind>archive</kind>
         <file>2806xRevB_FastSpinROMSymbols.lib</file>
         <name>TMS320x2806x_REVB_boot_rom_out__EST_run_tmp.obj</name>
      </input_file>
      <input_file id="fl-57">
         <path>D:\ti\motorware\motorware_1_01_00_16\sw\modules\fast\lib\32b\f28x\f2806x\</path>
         <kind>archive</kind>
         <file>2806xRevB_FastSpinROMSymbols.lib</file>
         <name>TMS320x2806x_REVB_boot_rom_out__EST_setFlag_enableForceAngle_tmp.obj</name>
      </input_file>
      <input_file id="fl-58">
         <path>D:\ti\motorware\motorware_1_01_00_16\sw\modules\fast\lib\32b\f28x\f2806x\</path>
         <kind>archive</kind>
         <file>2806xRevB_FastSpinROMSymbols.lib</file>
         <name>TMS320x2806x_REVB_boot_rom_out__EST_setFlag_enableRsRecalc_tmp.obj</name>
      </input_file>
      <input_file id="fl-59">
         <path>D:\ti\motorware\motorware_1_01_00_16\sw\modules\fast\lib\32b\f28x\f2806x\</path>
         <kind>archive</kind>
         <file>2806xRevB_FastSpinROMSymbols.lib</file>
         <name>TMS320x2806x_REVB_boot_rom_out__EST_setId_ref_pu_tmp.obj</name>
      </input_file>
      <input_file id="fl-5a">
         <path>D:\ti\motorware\motorware_1_01_00_16\sw\modules\fast\lib\32b\f28x\f2806x\</path>
         <kind>archive</kind>
         <file>2806xRevB_FastSpinROMSymbols.lib</file>
         <name>TMS320x2806x_REVB_boot_rom_out__EST_setIdle_tmp.obj</name>
      </input_file>
      <input_file id="fl-5b">
         <path>D:\ti\motorware\motorware_1_01_00_16\sw\modules\fast\lib\32b\f28x\f2806x\</path>
         <kind>archive</kind>
         <file>2806xRevB_FastSpinROMSymbols.lib</file>
         <name>TMS320x2806x_REVB_boot_rom_out__EST_setIdle_all_tmp.obj</name>
      </input_file>
      <input_file id="fl-5c">
         <path>D:\ti\motorware\motorware_1_01_00_16\sw\modules\fast\lib\32b\f28x\f2806x\</path>
         <kind>archive</kind>
         <file>2806xRevB_FastSpinROMSymbols.lib</file>
         <name>TMS320x2806x_REVB_boot_rom_out__EST_setIq_ref_pu_tmp.obj</name>
      </input_file>
      <input_file id="fl-5d">
         <path>D:\ti\motorware\motorware_1_01_00_16\sw\modules\fast\lib\32b\f28x\f2806x\</path>
         <kind>archive</kind>
         <file>2806xRevB_FastSpinROMSymbols.lib</file>
         <name>TMS320x2806x_REVB_boot_rom_out__EST_setLs_d_pu_tmp.obj</name>
      </input_file>
      <input_file id="fl-5e">
         <path>D:\ti\motorware\motorware_1_01_00_16\sw\modules\fast\lib\32b\f28x\f2806x\</path>
         <kind>archive</kind>
         <file>2806xRevB_FastSpinROMSymbols.lib</file>
         <name>TMS320x2806x_REVB_boot_rom_out__EST_setLs_qFmt_tmp.obj</name>
      </input_file>
      <input_file id="fl-5f">
         <path>D:\ti\motorware\motorware_1_01_00_16\sw\modules\fast\lib\32b\f28x\f2806x\</path>
         <kind>archive</kind>
         <file>2806xRevB_FastSpinROMSymbols.lib</file>
         <name>TMS320x2806x_REVB_boot_rom_out__EST_setLs_q_pu_tmp.obj</name>
      </input_file>
      <input_file id="fl-60">
         <path>D:\ti\motorware\motorware_1_01_00_16\sw\modules\fast\lib\32b\f28x\f2806x\</path>
         <kind>archive</kind>
         <file>2806xRevB_FastSpinROMSymbols.lib</file>
         <name>TMS320x2806x_REVB_boot_rom_out__EST_setMaxCurrentSlope_pu_tmp.obj</name>
      </input_file>
      <input_file id="fl-61">
         <path>D:\ti\motorware\motorware_1_01_00_16\sw\modules\fast\lib\32b\f28x\f2806x\</path>
         <kind>archive</kind>
         <file>2806xRevB_FastSpinROMSymbols.lib</file>
         <name>TMS320x2806x_REVB_boot_rom_out__EST_setRs_pu_tmp.obj</name>
      </input_file>
      <input_file id="fl-62">
         <path>D:\ti\motorware\motorware_1_01_00_16\sw\modules\fast\lib\32b\f28x\f2806x\</path>
         <kind>archive</kind>
         <file>2806xRevB_FastSpinROMSymbols.lib</file>
         <name>TMS320x2806x_REVB_boot_rom_out__EST_updateId_ref_pu_tmp.obj</name>
      </input_file>
      <input_file id="fl-63">
         <path>D:\ti\motorware\motorware_1_01_00_16\sw\modules\fast\lib\32b\f28x\f2806x\</path>
         <kind>archive</kind>
         <file>2806xRevB_FastSpinROMSymbols.lib</file>
         <name>TMS320x2806x_REVB_boot_rom_out__EST_updateState_tmp.obj</name>
      </input_file>
      <input_file id="fl-64">
         <path>D:\ti\motorware\motorware_1_01_00_16\sw\modules\fast\lib\32b\f28x\f2806x\</path>
         <kind>archive</kind>
         <file>2806xRevB_FastSpinROMSymbols.lib</file>
         <name>TMS320x2806x_REVB_boot_rom_out__EST_useZeroIq_ref_tmp.obj</name>
      </input_file>
      <input_file id="fl-65">
         <path>D:\ti\motorware\motorware_1_01_00_16\sw\modules\spintac\lib\32b\</path>
         <kind>archive</kind>
         <file>SpinTAC.lib</file>
         <name>spintac_pos_conv.obj</name>
      </input_file>
      <input_file id="fl-66">
         <path>D:\ti\motorware\motorware_1_01_00_16\sw\modules\spintac\lib\32b\</path>
         <kind>archive</kind>
         <file>SpinTAC.lib</file>
         <name>spintac_pos_ctl.obj</name>
      </input_file>
      <input_file id="fl-67">
         <path>D:\ti\motorware\motorware_1_01_00_16\sw\modules\spintac\lib\32b\</path>
         <kind>archive</kind>
         <file>SpinTAC.lib</file>
         <name>spintac_pos_move.obj</name>
      </input_file>
      <input_file id="fl-68">
         <path>D:\ti\motorware\motorware_1_01_00_16\sw\modules\fast\lib\32b\f28x\f2806x\</path>
         <kind>archive</kind>
         <file>2806xRevB_FastSpinROMSymbols.lib</file>
         <name>TMS320x2806x_REVB_boot_rom_out_L$$DIV_tmp.obj</name>
      </input_file>
      <input_file id="fl-69">
         <path>D:\ti\motorware\motorware_1_01_00_16\sw\modules\fast\lib\32b\f28x\f2806x\</path>
         <kind>archive</kind>
         <file>2806xRevB_FastSpinROMSymbols.lib</file>
         <name>TMS320x2806x_REVB_boot_rom_out_L$$MOD_tmp.obj</name>
      </input_file>
      <input_file id="fl-6a">
         <path>D:\ti\motorware\motorware_1_01_00_16\sw\modules\fast\lib\32b\f28x\f2806x\</path>
         <kind>archive</kind>
         <file>2806xRevB_FastSpinROMSymbols.lib</file>
         <name>TMS320x2806x_REVB_boot_rom_out_L$$TOFS_tmp.obj</name>
      </input_file>
      <input_file id="fl-6b">
         <path>D:\ti\motorware\motorware_1_01_00_16\sw\modules\spintac\lib\32b\</path>
         <kind>archive</kind>
         <file>SpinTAC.lib</file>
         <name>spintac_pos_plan.obj</name>
      </input_file>
      <input_file id="fl-6c">
         <path>D:\ti\motorware\motorware_1_01_00_16\sw\modules\spintac\lib\32b\</path>
         <kind>archive</kind>
         <file>SpinTAC.lib</file>
         <name>spintac_pos_roadd.obj</name>
      </input_file>
      <input_file id="fl-6d">
         <path>D:\ti\motorware\motorware_1_01_00_16\sw\modules\spintac\lib\32b\</path>
         <kind>archive</kind>
         <file>SpinTAC.lib</file>
         <name>spintac_version.obj</name>
      </input_file>
      <input_file id="fl-6e">
         <path>D:\ti\motorware\motorware_1_01_00_16\sw\modules\fast\lib\32b\f28x\f2806x\</path>
         <kind>archive</kind>
         <file>2806xRevB_IQmath_BootROMSymbols.lib</file>
         <name>TMS320x2806x_REVB_boot_rom_out___IQ20div_tmp.obj</name>
      </input_file>
      <input_file id="fl-6f">
         <path>D:\ti\motorware\motorware_1_01_00_16\sw\modules\fast\lib\32b\f28x\f2806x\</path>
         <kind>archive</kind>
         <file>2806xRevB_IQmath_BootROMSymbols.lib</file>
         <name>TMS320x2806x_REVB_boot_rom_out___IQ20exp_tmp.obj</name>
      </input_file>
      <input_file id="fl-70">
         <path>D:\ti\motorware\motorware_1_01_00_16\sw\modules\fast\lib\32b\f28x\f2806x\</path>
         <kind>archive</kind>
         <file>2806xRevB_IQmath_BootROMSymbols.lib</file>
         <name>TMS320x2806x_REVB_boot_rom_out___IQ20log_tmp.obj</name>
      </input_file>
      <input_file id="fl-71">
         <path>D:\ti\motorware\motorware_1_01_00_16\sw\modules\fast\lib\32b\f28x\f2806x\</path>
         <kind>archive</kind>
         <file>2806xRevB_IQmath_BootROMSymbols.lib</file>
         <name>TMS320x2806x_REVB_boot_rom_out___IQ20sqrt_tmp.obj</name>
      </input_file>
      <input_file id="fl-72">
         <path>D:\ti\motorware\motorware_1_01_00_16\sw\modules\fast\lib\32b\f28x\f2806x\</path>
         <kind>archive</kind>
         <file>2806xRevB_IQmath_BootROMSymbols.lib</file>
         <name>TMS320x2806x_REVB_boot_rom_out___IQ24cosPU_tmp.obj</name>
      </input_file>
      <input_file id="fl-73">
         <path>D:\ti\motorware\motorware_1_01_00_16\sw\modules\fast\lib\32b\f28x\f2806x\</path>
         <kind>archive</kind>
         <file>2806xRevB_IQmath_BootROMSymbols.lib</file>
         <name>TMS320x2806x_REVB_boot_rom_out___IQ24div_tmp.obj</name>
      </input_file>
      <input_file id="fl-74">
         <path>D:\ti\motorware\motorware_1_01_00_16\sw\modules\fast\lib\32b\f28x\f2806x\</path>
         <kind>archive</kind>
         <file>2806xRevB_IQmath_BootROMSymbols.lib</file>
         <name>TMS320x2806x_REVB_boot_rom_out___IQ24exp_tmp.obj</name>
      </input_file>
      <input_file id="fl-75">
         <path>D:\ti\motorware\motorware_1_01_00_16\sw\modules\iqmath\lib\f28x\32b\</path>
         <kind>archive</kind>
         <file>IQmath.lib</file>
         <name>IQ24frac.obj</name>
      </input_file>
      <input_file id="fl-76">
         <path>D:\ti\motorware\motorware_1_01_00_16\sw\modules\iqmath\lib\f28x\32b\</path>
         <kind>archive</kind>
         <file>IQmath.lib</file>
         <name>IQ24int.obj</name>
      </input_file>
      <input_file id="fl-77">
         <path>D:\ti\motorware\motorware_1_01_00_16\sw\modules\fast\lib\32b\f28x\f2806x\</path>
         <kind>archive</kind>
         <file>2806xRevB_IQmath_BootROMSymbols.lib</file>
         <name>TMS320x2806x_REVB_boot_rom_out___IQ24log_tmp.obj</name>
      </input_file>
      <input_file id="fl-78">
         <path>D:\ti\motorware\motorware_1_01_00_16\sw\modules\fast\lib\32b\f28x\f2806x\</path>
         <kind>archive</kind>
         <file>2806xRevB_IQmath_BootROMSymbols.lib</file>
         <name>TMS320x2806x_REVB_boot_rom_out___IQ24sinPU_tmp.obj</name>
      </input_file>
      <input_file id="fl-79">
         <path>D:\ti\motorware\motorware_1_01_00_16\sw\modules\fast\lib\32b\f28x\f2806x\</path>
         <kind>archive</kind>
         <file>2806xRevB_IQmath_BootROMSymbols.lib</file>
         <name>TMS320x2806x_REVB_boot_rom_out___IQ24sqrt_tmp.obj</name>
      </input_file>
      <input_file id="fl-7a">
         <path>D:\ti\motorware\motorware_1_01_00_16\sw\modules\fast\lib\32b\f28x\f2806x\</path>
         <kind>archive</kind>
         <file>2806xRevB_IQmath_BootROMSymbols.lib</file>
         <name>TMS320x2806x_REVB_boot_rom_out___IQ30toF_tmp.obj</name>
      </input_file>
      <input_file id="fl-7b">
         <path>D:\ti\ccsv6\tools\compiler\c2000_6.2.7\lib\</path>
         <kind>archive</kind>
         <file>rts2800_ml.lib</file>
         <name>boot.obj</name>
      </input_file>
      <input_file id="fl-7c">
         <path>D:\ti\ccsv6\tools\compiler\c2000_6.2.7\lib\</path>
         <kind>archive</kind>
         <file>rts2800_ml.lib</file>
         <name>args_main.obj</name>
      </input_file>
      <input_file id="fl-7d">
         <path>D:\ti\ccsv6\tools\compiler\c2000_6.2.7\lib\</path>
         <kind>archive</kind>
         <file>rts2800_ml.lib</file>
         <name>exit.obj</name>
      </input_file>
      <input_file id="fl-7e">
         <path>D:\ti\ccsv6\tools\compiler\c2000_6.2.7\lib\</path>
         <kind>archive</kind>
         <file>rts2800_ml.lib</file>
         <name>_lock.obj</name>
      </input_file>
      <input_file id="fl-7f">
         <path>D:\ti\motorware\motorware_1_01_00_16\sw\modules\fast\lib\32b\f28x\f2806x\</path>
         <kind>archive</kind>
         <file>2806xRevB_FastSpinROMSymbols.lib</file>
         <name>TMS320x2806x_REVB_boot_rom_out__log_tmp.obj</name>
      </input_file>
      <input_file id="fl-80">
         <path>D:\ti\motorware\motorware_1_01_00_16\sw\modules\fast\lib\32b\f28x\f2806x\</path>
         <kind>archive</kind>
         <file>2806xRevB_FastSpinROMSymbols.lib</file>
         <name>TMS320x2806x_REVB_boot_rom_out__modf_tmp.obj</name>
      </input_file>
      <input_file id="fl-81">
         <path>D:\ti\motorware\motorware_1_01_00_16\sw\modules\fast\lib\32b\f28x\f2806x\</path>
         <kind>archive</kind>
         <file>2806xRevB_FastSpinROMSymbols.lib</file>
         <name>TMS320x2806x_REVB_boot_rom_out__pow_tmp.obj</name>
      </input_file>
      <input_file id="fl-82">
         <path>D:\ti\motorware\motorware_1_01_00_16\sw\modules\fast\lib\32b\f28x\f2806x\</path>
         <kind>archive</kind>
         <file>2806xRevB_FastSpinROMSymbols.lib</file>
         <name>TMS320x2806x_REVB_boot_rom_out__s0_calc_tmp.obj</name>
      </input_file>
      <input_file id="fl-83">
         <path>D:\ti\motorware\motorware_1_01_00_16\sw\modules\fast\lib\32b\f28x\f2806x\</path>
         <kind>archive</kind>
         <file>2806xRevB_FastSpinROMSymbols.lib</file>
         <name>TMS320x2806x_REVB_boot_rom_out__s0_conf_tmp.obj</name>
      </input_file>
      <input_file id="fl-84">
         <path>D:\ti\motorware\motorware_1_01_00_16\sw\modules\fast\lib\32b\f28x\f2806x\</path>
         <kind>archive</kind>
         <file>2806xRevB_FastSpinROMSymbols.lib</file>
         <name>TMS320x2806x_REVB_boot_rom_out__s1_calc_tmp.obj</name>
      </input_file>
      <input_file id="fl-85">
         <path>D:\ti\motorware\motorware_1_01_00_16\sw\modules\fast\lib\32b\f28x\f2806x\</path>
         <kind>archive</kind>
         <file>2806xRevB_FastSpinROMSymbols.lib</file>
         <name>TMS320x2806x_REVB_boot_rom_out__s2_calc_tmp.obj</name>
      </input_file>
      <input_file id="fl-86">
         <path>D:\ti\motorware\motorware_1_01_00_16\sw\modules\fast\lib\32b\f28x\f2806x\</path>
         <kind>archive</kind>
         <file>2806xRevB_FastSpinROMSymbols.lib</file>
         <name>TMS320x2806x_REVB_boot_rom_out__s4_calc_tmp.obj</name>
      </input_file>
      <input_file id="fl-87">
         <path>D:\ti\motorware\motorware_1_01_00_16\sw\modules\fast\lib\32b\f28x\f2806x\</path>
         <kind>archive</kind>
         <file>2806xRevB_FastSpinROMSymbols.lib</file>
         <name>TMS320x2806x_REVB_boot_rom_out__s4_conf_tmp.obj</name>
      </input_file>
      <input_file id="fl-88">
         <path>D:\ti\motorware\motorware_1_01_00_16\sw\modules\fast\lib\32b\f28x\f2806x\</path>
         <kind>archive</kind>
         <file>2806xRevB_FastSpinROMSymbols.lib</file>
         <name>TMS320x2806x_REVB_boot_rom_out__s4_reset_tmp.obj</name>
      </input_file>
      <input_file id="fl-89">
         <path>D:\ti\motorware\motorware_1_01_00_16\sw\modules\fast\lib\32b\f28x\f2806x\</path>
         <kind>archive</kind>
         <file>2806xRevB_FastSpinROMSymbols.lib</file>
         <name>TMS320x2806x_REVB_boot_rom_out__spintac_rom_ver_tmp.obj</name>
      </input_file>
      <input_file id="fl-8a">
         <path>D:\ti\ccsv6\tools\compiler\c2000_6.2.7\lib\</path>
         <kind>archive</kind>
         <file>rts2800_ml.lib</file>
         <name>sqrt.obj</name>
      </input_file>
      <input_file id="fl-8b">
         <path>D:\ti\motorware\motorware_1_01_00_16\sw\modules\fast\lib\32b\f28x\f2806x\</path>
         <kind>archive</kind>
         <file>2806xRevB_FastSpinROMSymbols.lib</file>
         <name>TMS320x2806x_REVB_boot_rom_out_FS$$SUB_tmp.obj</name>
      </input_file>
      <input_file id="fl-8c">
         <path>D:\ti\motorware\motorware_1_01_00_16\sw\modules\fast\lib\32b\f28x\f2806x\</path>
         <kind>archive</kind>
         <file>2806xRevB_FastSpinROMSymbols.lib</file>
         <name>TMS320x2806x_REVB_boot_rom_out__errno_tmp.obj</name>
      </input_file>
      <input_file id="fl-8d">
         <path>D:\ti\motorware\motorware_1_01_00_16\sw\modules\fast\lib\32b\f28x\f2806x\</path>
         <kind>archive</kind>
         <file>2806xRevB_FastSpinROMSymbols.lib</file>
         <name>TMS320x2806x_REVB_boot_rom_out__ldexp_tmp.obj</name>
      </input_file>
   </input_file_list>
   <object_component_list>
      <object_component id="oc-14">
         <name>codestart</name>
         <load_address>0x0</load_address>
         <run_address>0x0</run_address>
         <size>0x2</size>
         <input_file_ref idref="fl-7"/>
      </object_component>
      <object_component id="oc-d3">
         <name>ramfuncs</name>
         <load_address>0x104</load_address>
         <run_address>0x104</run_address>
         <size>0x32</size>
         <input_file_ref idref="fl-f"/>
      </object_component>
      <object_component id="oc-89">
         <name>ramfuncs</name>
         <load_address>0x136</load_address>
         <run_address>0x136</run_address>
         <size>0x4</size>
         <input_file_ref idref="fl-22"/>
      </object_component>
      <object_component id="oc-c2">
         <name>.text:_STPOSMOVE_run</name>
         <load_address>0x8000</load_address>
         <run_address>0x8000</run_address>
         <size>0xe8f</size>
         <input_file_ref idref="fl-67"/>
      </object_component>
      <object_component id="oc-c4">
         <name>.text</name>
         <load_address>0x8e8f</load_address>
         <run_address>0x8e8f</run_address>
         <size>0xa0e</size>
         <input_file_ref idref="fl-11"/>
      </object_component>
      <object_component id="oc-be">
         <name>.text</name>
         <load_address>0x989d</load_address>
         <run_address>0x989d</run_address>
         <size>0x90d</size>
         <input_file_ref idref="fl-c"/>
      </object_component>
      <object_component id="oc-bd">
         <name>.text</name>
         <load_address>0xa1aa</load_address>
         <run_address>0xa1aa</run_address>
         <size>0x696</size>
         <input_file_ref idref="fl-19"/>
      </object_component>
      <object_component id="oc-c0">
         <name>.text</name>
         <load_address>0xa840</load_address>
         <run_address>0xa840</run_address>
         <size>0x48d</size>
         <input_file_ref idref="fl-23"/>
      </object_component>
      <object_component id="oc-c3">
         <name>.text:_STPOSCTL_run</name>
         <load_address>0xaccd</load_address>
         <run_address>0xaccd</run_address>
         <size>0x39d</size>
         <input_file_ref idref="fl-66"/>
      </object_component>
      <object_component id="oc-cf">
         <name>.text</name>
         <load_address>0xb06a</load_address>
         <run_address>0xb06a</run_address>
         <size>0x2f0</size>
         <input_file_ref idref="fl-1a"/>
      </object_component>
      <object_component id="oc-cd">
         <name>.text:_s31_calc</name>
         <load_address>0xb35a</load_address>
         <run_address>0xb35a</run_address>
         <size>0x273</size>
         <input_file_ref idref="fl-67"/>
      </object_component>
      <object_component id="oc-d4">
         <name>.text</name>
         <load_address>0xb5cd</load_address>
         <run_address>0xb5cd</run_address>
         <size>0x1fb</size>
         <input_file_ref idref="fl-8"/>
      </object_component>
      <object_component id="oc-c1">
         <name>.text:_STPOSCONV_run</name>
         <load_address>0xb7c8</load_address>
         <run_address>0xb7c8</run_address>
         <size>0x1f2</size>
         <input_file_ref idref="fl-65"/>
      </object_component>
      <object_component id="oc-bb">
         <name>.text</name>
         <load_address>0xb9ba</load_address>
         <run_address>0xb9ba</run_address>
         <size>0x193</size>
         <input_file_ref idref="fl-10"/>
      </object_component>
      <object_component id="oc-bc">
         <name>.text</name>
         <load_address>0xbb4d</load_address>
         <run_address>0xbb4d</run_address>
         <size>0x18c</size>
         <input_file_ref idref="fl-d"/>
      </object_component>
      <object_component id="oc-d0">
         <name>.text</name>
         <load_address>0xbcd9</load_address>
         <run_address>0xbcd9</run_address>
         <size>0x18a</size>
         <input_file_ref idref="fl-a"/>
      </object_component>
      <object_component id="oc-d2">
         <name>.text</name>
         <load_address>0xbe63</load_address>
         <run_address>0xbe63</run_address>
         <size>0x10e</size>
         <input_file_ref idref="fl-17"/>
      </object_component>
      <object_component id="oc-64">
         <name>.text:retain</name>
         <load_address>0xbf71</load_address>
         <run_address>0xbf71</run_address>
         <size>0xfd</size>
         <input_file_ref idref="fl-19"/>
      </object_component>
      <object_component id="oc-c8">
         <name>.text:_STPOSPLAN_init</name>
         <load_address>0xc06e</load_address>
         <run_address>0xc06e</run_address>
         <size>0x6a</size>
         <input_file_ref idref="fl-6b"/>
      </object_component>
      <object_component id="oc-d1">
         <name>.text</name>
         <load_address>0xc0d8</load_address>
         <run_address>0xc0d8</run_address>
         <size>0x5b</size>
         <input_file_ref idref="fl-18"/>
      </object_component>
      <object_component id="oc-c7">
         <name>.text:_STPOSMOVE_init</name>
         <load_address>0xc133</load_address>
         <run_address>0xc133</run_address>
         <size>0x52</size>
         <input_file_ref idref="fl-67"/>
      </object_component>
      <object_component id="oc-cb">
         <name>.text</name>
         <load_address>0xc185</load_address>
         <run_address>0xc185</run_address>
         <size>0x50</size>
         <input_file_ref idref="fl-8a"/>
      </object_component>
      <object_component id="oc-da">
         <name>.text</name>
         <load_address>0xc1d5</load_address>
         <run_address>0xc1d5</run_address>
         <size>0x47</size>
         <input_file_ref idref="fl-1b"/>
      </object_component>
      <object_component id="oc-d8">
         <name>.text</name>
         <load_address>0xc21c</load_address>
         <run_address>0xc21c</run_address>
         <size>0x46</size>
         <input_file_ref idref="fl-24"/>
      </object_component>
      <object_component id="oc-d6">
         <name>.text</name>
         <load_address>0xc262</load_address>
         <run_address>0xc262</run_address>
         <size>0x45</size>
         <input_file_ref idref="fl-13"/>
      </object_component>
      <object_component id="oc-12">
         <name>.text</name>
         <load_address>0xc2a7</load_address>
         <run_address>0xc2a7</run_address>
         <size>0x44</size>
         <input_file_ref idref="fl-7b"/>
      </object_component>
      <object_component id="oc-c6">
         <name>.text:_STPOSCTL_init</name>
         <load_address>0xc2eb</load_address>
         <run_address>0xc2eb</run_address>
         <size>0x43</size>
         <input_file_ref idref="fl-66"/>
      </object_component>
      <object_component id="oc-cc">
         <name>.text:_ST_addPosRollOver</name>
         <load_address>0xc32e</load_address>
         <run_address>0xc32e</run_address>
         <size>0x3c</size>
         <input_file_ref idref="fl-6c"/>
      </object_component>
      <object_component id="oc-c9">
         <name>.text:_STPOSCONV_init</name>
         <load_address>0xc36a</load_address>
         <run_address>0xc36a</run_address>
         <size>0x35</size>
         <input_file_ref idref="fl-65"/>
      </object_component>
      <object_component id="oc-ce">
         <name>.text</name>
         <load_address>0xc39f</load_address>
         <run_address>0xc39f</run_address>
         <size>0x32</size>
         <input_file_ref idref="fl-20"/>
      </object_component>
      <object_component id="oc-ca">
         <name>.text:_ST_initVersion</name>
         <load_address>0xc3d1</load_address>
         <run_address>0xc3d1</run_address>
         <size>0x31</size>
         <input_file_ref idref="fl-6d"/>
      </object_component>
      <object_component id="oc-d5">
         <name>.text</name>
         <load_address>0xc402</load_address>
         <run_address>0xc402</run_address>
         <size>0x2d</size>
         <input_file_ref idref="fl-14"/>
      </object_component>
      <object_component id="oc-d7">
         <name>.text</name>
         <load_address>0xc42f</load_address>
         <run_address>0xc42f</run_address>
         <size>0x27</size>
         <input_file_ref idref="fl-b"/>
      </object_component>
      <object_component id="oc-dc">
         <name>.text</name>
         <load_address>0xc456</load_address>
         <run_address>0xc456</run_address>
         <size>0x21</size>
         <input_file_ref idref="fl-e"/>
      </object_component>
      <object_component id="oc-9a">
         <name>.text</name>
         <load_address>0xc477</load_address>
         <run_address>0xc477</run_address>
         <size>0x21</size>
         <input_file_ref idref="fl-32"/>
      </object_component>
      <object_component id="oc-d9">
         <name>.text</name>
         <load_address>0xc498</load_address>
         <run_address>0xc498</run_address>
         <size>0x20</size>
         <input_file_ref idref="fl-f"/>
      </object_component>
      <object_component id="oc-96">
         <name>.text</name>
         <load_address>0xc4b8</load_address>
         <run_address>0xc4b8</run_address>
         <size>0x1d</size>
         <input_file_ref idref="fl-31"/>
      </object_component>
      <object_component id="oc-b9">
         <name>.text</name>
         <load_address>0xc4d5</load_address>
         <run_address>0xc4d5</run_address>
         <size>0x19</size>
         <input_file_ref idref="fl-7c"/>
      </object_component>
      <object_component id="oc-ba">
         <name>.text</name>
         <load_address>0xc4ee</load_address>
         <run_address>0xc4ee</run_address>
         <size>0x19</size>
         <input_file_ref idref="fl-7d"/>
      </object_component>
      <object_component id="oc-c5">
         <name>.text</name>
         <load_address>0xc507</load_address>
         <run_address>0xc507</run_address>
         <size>0x19</size>
         <input_file_ref idref="fl-1d"/>
      </object_component>
      <object_component id="oc-bf">
         <name>.text</name>
         <load_address>0xc520</load_address>
         <run_address>0xc520</run_address>
         <size>0x9</size>
         <input_file_ref idref="fl-7e"/>
      </object_component>
      <object_component id="oc-13">
         <name>.text</name>
         <load_address>0xc529</load_address>
         <run_address>0xc529</run_address>
         <size>0x8</size>
         <input_file_ref idref="fl-7"/>
      </object_component>
      <object_component id="oc-db">
         <name>.text</name>
         <load_address>0xc531</load_address>
         <run_address>0xc531</run_address>
         <size>0x6</size>
         <input_file_ref idref="fl-1c"/>
      </object_component>
      <object_component id="oc-59">
         <name>.text:retain</name>
         <load_address>0xc537</load_address>
         <run_address>0xc537</run_address>
         <size>0x5</size>
         <input_file_ref idref="fl-17"/>
      </object_component>
      <object_component id="oc-62">
         <name>.cinit</name>
         <load_address>0x50</load_address>
         <run_address>0x50</run_address>
         <size>0x9e</size>
         <input_file_ref idref="fl-19"/>
      </object_component>
      <object_component id="oc-b0">
         <name>.cinit</name>
         <load_address>0xee</load_address>
         <run_address>0xee</run_address>
         <size>0xa</size>
         <input_file_ref idref="fl-7e"/>
      </object_component>
      <object_component id="oc-aa">
         <name>.cinit</name>
         <load_address>0xf8</load_address>
         <run_address>0xf8</run_address>
         <size>0xa</size>
         <input_file_ref idref="fl-7d"/>
      </object_component>
      <object_component id="oc-a1">
         <name>.reset</name>
         <load_address>0x3fffc0</load_address>
         <run_address>0x3fffc0</run_address>
         <size>0x2</size>
         <input_file_ref idref="fl-7b"/>
      </object_component>
      <object_component id="oc-a0">
         <name>.stack</name>
         <uninitialized>true</uninitialized>
         <run_address>0x400</run_address>
         <size>0x0</size>
         <input_file_ref idref="fl-7b"/>
      </object_component>
      <object_component id="oc-f6">
         <name>.stack</name>
         <uninitialized>true</uninitialized>
         <run_address>0x400</run_address>
         <size>0x0</size>
      </object_component>
      <object_component id="oc-25">
         <name>.ebss</name>
         <uninitialized>true</uninitialized>
         <run_address>0xc9cc</run_address>
         <size>0x1</size>
         <input_file_ref idref="fl-b"/>
      </object_component>
      <object_component id="oc-3f">
         <name>.ebss</name>
         <uninitialized>true</uninitialized>
         <run_address>0xca00</run_address>
         <size>0x9c</size>
         <input_file_ref idref="fl-11"/>
      </object_component>
      <object_component id="oc-63">
         <name>.ebss</name>
         <uninitialized>true</uninitialized>
         <run_address>0xc540</run_address>
         <size>0x488</size>
         <input_file_ref idref="fl-19"/>
      </object_component>
      <object_component id="oc-ab">
         <name>.ebss</name>
         <uninitialized>true</uninitialized>
         <run_address>0xc9c8</run_address>
         <size>0x4</size>
         <input_file_ref idref="fl-7d"/>
      </object_component>
      <object_component id="oc-b1">
         <name>.ebss</name>
         <uninitialized>true</uninitialized>
         <run_address>0xc53c</run_address>
         <size>0x4</size>
         <input_file_ref idref="fl-7e"/>
      </object_component>
      <object_component id="oc-2a">
         <name>.econst</name>
         <load_address>0xca9c</load_address>
         <run_address>0xca9c</run_address>
         <size>0x1c</size>
         <input_file_ref idref="fl-c"/>
      </object_component>
      <object_component id="oc-8e">
         <name>.econst</name>
         <load_address>0xcab8</load_address>
         <run_address>0xcab8</run_address>
         <size>0x8</size>
         <input_file_ref idref="fl-23"/>
      </object_component>
      <object_component id="oc-40">
         <name>.econst</name>
         <load_address>0xcac0</load_address>
         <run_address>0xcac0</run_address>
         <size>0x4</size>
         <input_file_ref idref="fl-11"/>
      </object_component>
      <object_component id="oc-65">
         <name>.econst</name>
         <load_address>0xcac4</load_address>
         <run_address>0xcac4</run_address>
         <size>0x4</size>
         <input_file_ref idref="fl-19"/>
      </object_component>
      <object_component id="oc-9e">
         <name>IQmath</name>
         <load_address>0xcac8</load_address>
         <run_address>0xcac8</run_address>
         <size>0xb</size>
         <input_file_ref idref="fl-75"/>
      </object_component>
      <object_component id="oc-9f">
         <name>IQmath</name>
         <load_address>0xcad3</load_address>
         <run_address>0xcad3</run_address>
         <size>0x9</size>
         <input_file_ref idref="fl-76"/>
      </object_component>
      <object_component id="oc-15">
         <name>.debug_info</name>
         <load_address>0x0</load_address>
         <run_address>0x0</run_address>
         <size>0x22c</size>
         <input_file_ref idref="fl-7"/>
      </object_component>
      <object_component id="oc-18">
         <name>.debug_info</name>
         <load_address>0x22c</load_address>
         <run_address>0x22c</run_address>
         <size>0x43b6</size>
         <input_file_ref idref="fl-8"/>
      </object_component>
      <object_component id="oc-1c">
         <name>.debug_info</name>
         <load_address>0x45e2</load_address>
         <run_address>0x45e2</run_address>
         <size>0x400</size>
         <input_file_ref idref="fl-9"/>
      </object_component>
      <object_component id="oc-20">
         <name>.debug_info</name>
         <load_address>0x49e2</load_address>
         <run_address>0x49e2</run_address>
         <size>0x4d6b</size>
         <input_file_ref idref="fl-a"/>
      </object_component>
      <object_component id="oc-24">
         <name>.debug_info</name>
         <load_address>0x974d</load_address>
         <run_address>0x974d</run_address>
         <size>0x105a</size>
         <input_file_ref idref="fl-b"/>
      </object_component>
      <object_component id="oc-29">
         <name>.debug_info</name>
         <load_address>0xa7a7</load_address>
         <run_address>0xa7a7</run_address>
         <size>0x9238</size>
         <input_file_ref idref="fl-c"/>
      </object_component>
      <object_component id="oc-2e">
         <name>.debug_info</name>
         <load_address>0x139df</load_address>
         <run_address>0x139df</run_address>
         <size>0x11b4</size>
         <input_file_ref idref="fl-d"/>
      </object_component>
      <object_component id="oc-32">
         <name>.debug_info</name>
         <load_address>0x14b93</load_address>
         <run_address>0x14b93</run_address>
         <size>0xcd3</size>
         <input_file_ref idref="fl-e"/>
      </object_component>
      <object_component id="oc-36">
         <name>.debug_info</name>
         <load_address>0x15866</load_address>
         <run_address>0x15866</run_address>
         <size>0x2031</size>
         <input_file_ref idref="fl-f"/>
      </object_component>
      <object_component id="oc-3a">
         <name>.debug_info</name>
         <load_address>0x17897</load_address>
         <run_address>0x17897</run_address>
         <size>0x36ee</size>
         <input_file_ref idref="fl-10"/>
      </object_component>
      <object_component id="oc-3e">
         <name>.debug_info</name>
         <load_address>0x1af85</load_address>
         <run_address>0x1af85</run_address>
         <size>0xffbe</size>
         <input_file_ref idref="fl-11"/>
      </object_component>
      <object_component id="oc-44">
         <name>.debug_info</name>
         <load_address>0x2af43</load_address>
         <run_address>0x2af43</run_address>
         <size>0x3af</size>
         <input_file_ref idref="fl-12"/>
      </object_component>
      <object_component id="oc-48">
         <name>.debug_info</name>
         <load_address>0x2b2f2</load_address>
         <run_address>0x2b2f2</run_address>
         <size>0xc3c</size>
         <input_file_ref idref="fl-13"/>
      </object_component>
      <object_component id="oc-4c">
         <name>.debug_info</name>
         <load_address>0x2bf2e</load_address>
         <run_address>0x2bf2e</run_address>
         <size>0xa0a</size>
         <input_file_ref idref="fl-14"/>
      </object_component>
      <object_component id="oc-50">
         <name>.debug_info</name>
         <load_address>0x2c938</load_address>
         <run_address>0x2c938</run_address>
         <size>0x3ab</size>
         <input_file_ref idref="fl-15"/>
      </object_component>
      <object_component id="oc-54">
         <name>.debug_info</name>
         <load_address>0x2cce3</load_address>
         <run_address>0x2cce3</run_address>
         <size>0x435</size>
         <input_file_ref idref="fl-16"/>
      </object_component>
      <object_component id="oc-58">
         <name>.debug_info</name>
         <load_address>0x2d118</load_address>
         <run_address>0x2d118</run_address>
         <size>0x46bb</size>
         <input_file_ref idref="fl-17"/>
      </object_component>
      <object_component id="oc-5d">
         <name>.debug_info</name>
         <load_address>0x317d3</load_address>
         <run_address>0x317d3</run_address>
         <size>0x1a05</size>
         <input_file_ref idref="fl-18"/>
      </object_component>
      <object_component id="oc-61">
         <name>.debug_info</name>
         <load_address>0x331d8</load_address>
         <run_address>0x331d8</run_address>
         <size>0xa763</size>
         <input_file_ref idref="fl-19"/>
      </object_component>
      <object_component id="oc-69">
         <name>.debug_info</name>
         <load_address>0x3d93b</load_address>
         <run_address>0x3d93b</run_address>
         <size>0xafb3</size>
         <input_file_ref idref="fl-1a"/>
      </object_component>
      <object_component id="oc-6d">
         <name>.debug_info</name>
         <load_address>0x488ee</load_address>
         <run_address>0x488ee</run_address>
         <size>0x1363</size>
         <input_file_ref idref="fl-1b"/>
      </object_component>
      <object_component id="oc-71">
         <name>.debug_info</name>
         <load_address>0x49c51</load_address>
         <run_address>0x49c51</run_address>
         <size>0x714</size>
         <input_file_ref idref="fl-1c"/>
      </object_component>
      <object_component id="oc-75">
         <name>.debug_info</name>
         <load_address>0x4a365</load_address>
         <run_address>0x4a365</run_address>
         <size>0x7e4</size>
         <input_file_ref idref="fl-1d"/>
      </object_component>
      <object_component id="oc-79">
         <name>.debug_info</name>
         <load_address>0x4ab49</load_address>
         <run_address>0x4ab49</run_address>
         <size>0xbbf</size>
         <input_file_ref idref="fl-1e"/>
      </object_component>
      <object_component id="oc-7d">
         <name>.debug_info</name>
         <load_address>0x4b708</load_address>
         <run_address>0x4b708</run_address>
         <size>0x3a9</size>
         <input_file_ref idref="fl-1f"/>
      </object_component>
      <object_component id="oc-81">
         <name>.debug_info</name>
         <load_address>0x4bab1</load_address>
         <run_address>0x4bab1</run_address>
         <size>0xef1</size>
         <input_file_ref idref="fl-20"/>
      </object_component>
      <object_component id="oc-85">
         <name>.debug_info</name>
         <load_address>0x4c9a2</load_address>
         <run_address>0x4c9a2</run_address>
         <size>0x411</size>
         <input_file_ref idref="fl-21"/>
      </object_component>
      <object_component id="oc-8a">
         <name>.debug_info</name>
         <load_address>0x4cdb3</load_address>
         <run_address>0x4cdb3</run_address>
         <size>0x1ac</size>
         <input_file_ref idref="fl-22"/>
      </object_component>
      <object_component id="oc-8d">
         <name>.debug_info</name>
         <load_address>0x4cf5f</load_address>
         <run_address>0x4cf5f</run_address>
         <size>0x49c0</size>
         <input_file_ref idref="fl-23"/>
      </object_component>
      <object_component id="oc-92">
         <name>.debug_info</name>
         <load_address>0x5191f</load_address>
         <run_address>0x5191f</run_address>
         <size>0x1293</size>
         <input_file_ref idref="fl-24"/>
      </object_component>
      <object_component id="oc-97">
         <name>.debug_info</name>
         <load_address>0x52bb2</load_address>
         <run_address>0x52bb2</run_address>
         <size>0xcc</size>
         <input_file_ref idref="fl-31"/>
      </object_component>
      <object_component id="oc-9b">
         <name>.debug_info</name>
         <load_address>0x52c7e</load_address>
         <run_address>0x52c7e</run_address>
         <size>0xcf</size>
         <input_file_ref idref="fl-32"/>
      </object_component>
      <object_component id="oc-a2">
         <name>.debug_info</name>
         <load_address>0x52d4d</load_address>
         <run_address>0x52d4d</run_address>
         <size>0xde</size>
         <input_file_ref idref="fl-7b"/>
      </object_component>
      <object_component id="oc-a5">
         <name>.debug_info</name>
         <load_address>0x52e2b</load_address>
         <run_address>0x52e2b</run_address>
         <size>0x3bd</size>
         <input_file_ref idref="fl-7c"/>
      </object_component>
      <object_component id="oc-a9">
         <name>.debug_info</name>
         <load_address>0x531e8</load_address>
         <run_address>0x531e8</run_address>
         <size>0x3d6</size>
         <input_file_ref idref="fl-7d"/>
      </object_component>
      <object_component id="oc-af">
         <name>.debug_info</name>
         <load_address>0x535be</load_address>
         <run_address>0x535be</run_address>
         <size>0x3fc</size>
         <input_file_ref idref="fl-7e"/>
      </object_component>
      <object_component id="oc-b5">
         <name>.debug_info</name>
         <load_address>0x539ba</load_address>
         <run_address>0x539ba</run_address>
         <size>0x398</size>
         <input_file_ref idref="fl-8a"/>
      </object_component>
      <object_component id="oc-f7">
         <name>.debug_info</name>
         <load_address>0x53d52</load_address>
         <run_address>0x53d52</run_address>
         <size>0x6f</size>
      </object_component>
      <object_component id="oc-16">
         <name>.debug_line</name>
         <load_address>0x0</load_address>
         <run_address>0x0</run_address>
         <size>0x9d</size>
         <input_file_ref idref="fl-7"/>
      </object_component>
      <object_component id="oc-1a">
         <name>.debug_line</name>
         <load_address>0x9d</load_address>
         <run_address>0x9d</run_address>
         <size>0x35c</size>
         <input_file_ref idref="fl-8"/>
      </object_component>
      <object_component id="oc-1e">
         <name>.debug_line</name>
         <load_address>0x3f9</load_address>
         <run_address>0x3f9</run_address>
         <size>0x65</size>
         <input_file_ref idref="fl-9"/>
      </object_component>
      <object_component id="oc-22">
         <name>.debug_line</name>
         <load_address>0x45e</load_address>
         <run_address>0x45e</run_address>
         <size>0x583</size>
         <input_file_ref idref="fl-a"/>
      </object_component>
      <object_component id="oc-27">
         <name>.debug_line</name>
         <load_address>0x9e1</load_address>
         <run_address>0x9e1</run_address>
         <size>0x14a</size>
         <input_file_ref idref="fl-b"/>
      </object_component>
      <object_component id="oc-2c">
         <name>.debug_line</name>
         <load_address>0xb2b</load_address>
         <run_address>0xb2b</run_address>
         <size>0x1440</size>
         <input_file_ref idref="fl-c"/>
      </object_component>
      <object_component id="oc-30">
         <name>.debug_line</name>
         <load_address>0x1f6b</load_address>
         <run_address>0x1f6b</run_address>
         <size>0x1a4</size>
         <input_file_ref idref="fl-d"/>
      </object_component>
      <object_component id="oc-34">
         <name>.debug_line</name>
         <load_address>0x210f</load_address>
         <run_address>0x210f</run_address>
         <size>0x108</size>
         <input_file_ref idref="fl-e"/>
      </object_component>
      <object_component id="oc-38">
         <name>.debug_line</name>
         <load_address>0x2217</load_address>
         <run_address>0x2217</run_address>
         <size>0x1d2</size>
         <input_file_ref idref="fl-f"/>
      </object_component>
      <object_component id="oc-3c">
         <name>.debug_line</name>
         <load_address>0x23e9</load_address>
         <run_address>0x23e9</run_address>
         <size>0x2a5</size>
         <input_file_ref idref="fl-10"/>
      </object_component>
      <object_component id="oc-42">
         <name>.debug_line</name>
         <load_address>0x268e</load_address>
         <run_address>0x268e</run_address>
         <size>0xd35</size>
         <input_file_ref idref="fl-11"/>
      </object_component>
      <object_component id="oc-46">
         <name>.debug_line</name>
         <load_address>0x33c3</load_address>
         <run_address>0x33c3</run_address>
         <size>0x63</size>
         <input_file_ref idref="fl-12"/>
      </object_component>
      <object_component id="oc-4a">
         <name>.debug_line</name>
         <load_address>0x3426</load_address>
         <run_address>0x3426</run_address>
         <size>0xee</size>
         <input_file_ref idref="fl-13"/>
      </object_component>
      <object_component id="oc-4e">
         <name>.debug_line</name>
         <load_address>0x3514</load_address>
         <run_address>0x3514</run_address>
         <size>0xd2</size>
         <input_file_ref idref="fl-14"/>
      </object_component>
      <object_component id="oc-52">
         <name>.debug_line</name>
         <load_address>0x35e6</load_address>
         <run_address>0x35e6</run_address>
         <size>0x61</size>
         <input_file_ref idref="fl-15"/>
      </object_component>
      <object_component id="oc-56">
         <name>.debug_line</name>
         <load_address>0x3647</load_address>
         <run_address>0x3647</run_address>
         <size>0xa4</size>
         <input_file_ref idref="fl-16"/>
      </object_component>
      <object_component id="oc-5b">
         <name>.debug_line</name>
         <load_address>0x36eb</load_address>
         <run_address>0x36eb</run_address>
         <size>0x32d</size>
         <input_file_ref idref="fl-17"/>
      </object_component>
      <object_component id="oc-5f">
         <name>.debug_line</name>
         <load_address>0x3a18</load_address>
         <run_address>0x3a18</run_address>
         <size>0x1e1</size>
         <input_file_ref idref="fl-18"/>
      </object_component>
      <object_component id="oc-67">
         <name>.debug_line</name>
         <load_address>0x3bf9</load_address>
         <run_address>0x3bf9</run_address>
         <size>0xf62</size>
         <input_file_ref idref="fl-19"/>
      </object_component>
      <object_component id="oc-6b">
         <name>.debug_line</name>
         <load_address>0x4b5b</load_address>
         <run_address>0x4b5b</run_address>
         <size>0xa35</size>
         <input_file_ref idref="fl-1a"/>
      </object_component>
      <object_component id="oc-6f">
         <name>.debug_line</name>
         <load_address>0x5590</load_address>
         <run_address>0x5590</run_address>
         <size>0x106</size>
         <input_file_ref idref="fl-1b"/>
      </object_component>
      <object_component id="oc-73">
         <name>.debug_line</name>
         <load_address>0x5696</load_address>
         <run_address>0x5696</run_address>
         <size>0x80</size>
         <input_file_ref idref="fl-1c"/>
      </object_component>
      <object_component id="oc-77">
         <name>.debug_line</name>
         <load_address>0x5716</load_address>
         <run_address>0x5716</run_address>
         <size>0xaa</size>
         <input_file_ref idref="fl-1d"/>
      </object_component>
      <object_component id="oc-7b">
         <name>.debug_line</name>
         <load_address>0x57c0</load_address>
         <run_address>0x57c0</run_address>
         <size>0x6b</size>
         <input_file_ref idref="fl-1e"/>
      </object_component>
      <object_component id="oc-7f">
         <name>.debug_line</name>
         <load_address>0x582b</load_address>
         <run_address>0x582b</run_address>
         <size>0x63</size>
         <input_file_ref idref="fl-1f"/>
      </object_component>
      <object_component id="oc-83">
         <name>.debug_line</name>
         <load_address>0x588e</load_address>
         <run_address>0x588e</run_address>
         <size>0x11f</size>
         <input_file_ref idref="fl-20"/>
      </object_component>
      <object_component id="oc-87">
         <name>.debug_line</name>
         <load_address>0x59ad</load_address>
         <run_address>0x59ad</run_address>
         <size>0x61</size>
         <input_file_ref idref="fl-21"/>
      </object_component>
      <object_component id="oc-8b">
         <name>.debug_line</name>
         <load_address>0x5a0e</load_address>
         <run_address>0x5a0e</run_address>
         <size>0x7e</size>
         <input_file_ref idref="fl-22"/>
      </object_component>
      <object_component id="oc-90">
         <name>.debug_line</name>
         <load_address>0x5a8c</load_address>
         <run_address>0x5a8c</run_address>
         <size>0x472</size>
         <input_file_ref idref="fl-23"/>
      </object_component>
      <object_component id="oc-94">
         <name>.debug_line</name>
         <load_address>0x5efe</load_address>
         <run_address>0x5efe</run_address>
         <size>0x169</size>
         <input_file_ref idref="fl-24"/>
      </object_component>
      <object_component id="oc-98">
         <name>.debug_line</name>
         <load_address>0x6067</load_address>
         <run_address>0x6067</run_address>
         <size>0x53</size>
         <input_file_ref idref="fl-31"/>
      </object_component>
      <object_component id="oc-9c">
         <name>.debug_line</name>
         <load_address>0x60ba</load_address>
         <run_address>0x60ba</run_address>
         <size>0x56</size>
         <input_file_ref idref="fl-32"/>
      </object_component>
      <object_component id="oc-a3">
         <name>.debug_line</name>
         <load_address>0x6110</load_address>
         <run_address>0x6110</run_address>
         <size>0x70</size>
         <input_file_ref idref="fl-7b"/>
      </object_component>
      <object_component id="oc-a7">
         <name>.debug_line</name>
         <load_address>0x6180</load_address>
         <run_address>0x6180</run_address>
         <size>0x56</size>
         <input_file_ref idref="fl-7c"/>
      </object_component>
      <object_component id="oc-ad">
         <name>.debug_line</name>
         <load_address>0x61d6</load_address>
         <run_address>0x61d6</run_address>
         <size>0x5a</size>
         <input_file_ref idref="fl-7d"/>
      </object_component>
      <object_component id="oc-b3">
         <name>.debug_line</name>
         <load_address>0x6230</load_address>
         <run_address>0x6230</run_address>
         <size>0x5b</size>
         <input_file_ref idref="fl-7e"/>
      </object_component>
      <object_component id="oc-b7">
         <name>.debug_line</name>
         <load_address>0x628b</load_address>
         <run_address>0x628b</run_address>
         <size>0x54</size>
         <input_file_ref idref="fl-8a"/>
      </object_component>
      <object_component id="oc-17">
         <name>.debug_abbrev</name>
         <load_address>0x0</load_address>
         <run_address>0x0</run_address>
         <size>0x20</size>
         <input_file_ref idref="fl-7"/>
      </object_component>
      <object_component id="oc-1b">
         <name>.debug_abbrev</name>
         <load_address>0x20</load_address>
         <run_address>0x20</run_address>
         <size>0x17a</size>
         <input_file_ref idref="fl-8"/>
      </object_component>
      <object_component id="oc-1f">
         <name>.debug_abbrev</name>
         <load_address>0x19a</load_address>
         <run_address>0x19a</run_address>
         <size>0xbc</size>
         <input_file_ref idref="fl-9"/>
      </object_component>
      <object_component id="oc-23">
         <name>.debug_abbrev</name>
         <load_address>0x256</load_address>
         <run_address>0x256</run_address>
         <size>0x15d</size>
         <input_file_ref idref="fl-a"/>
      </object_component>
      <object_component id="oc-28">
         <name>.debug_abbrev</name>
         <load_address>0x3b3</load_address>
         <run_address>0x3b3</run_address>
         <size>0x10a</size>
         <input_file_ref idref="fl-b"/>
      </object_component>
      <object_component id="oc-2d">
         <name>.debug_abbrev</name>
         <load_address>0x4bd</load_address>
         <run_address>0x4bd</run_address>
         <size>0x1f3</size>
         <input_file_ref idref="fl-c"/>
      </object_component>
      <object_component id="oc-31">
         <name>.debug_abbrev</name>
         <load_address>0x6b0</load_address>
         <run_address>0x6b0</run_address>
         <size>0x174</size>
         <input_file_ref idref="fl-d"/>
      </object_component>
      <object_component id="oc-35">
         <name>.debug_abbrev</name>
         <load_address>0x824</load_address>
         <run_address>0x824</run_address>
         <size>0xea</size>
         <input_file_ref idref="fl-e"/>
      </object_component>
      <object_component id="oc-39">
         <name>.debug_abbrev</name>
         <load_address>0x90e</load_address>
         <run_address>0x90e</run_address>
         <size>0x14b</size>
         <input_file_ref idref="fl-f"/>
      </object_component>
      <object_component id="oc-3d">
         <name>.debug_abbrev</name>
         <load_address>0xa59</load_address>
         <run_address>0xa59</run_address>
         <size>0x154</size>
         <input_file_ref idref="fl-10"/>
      </object_component>
      <object_component id="oc-43">
         <name>.debug_abbrev</name>
         <load_address>0xbad</load_address>
         <run_address>0xbad</run_address>
         <size>0x21a</size>
         <input_file_ref idref="fl-11"/>
      </object_component>
      <object_component id="oc-47">
         <name>.debug_abbrev</name>
         <load_address>0xdc7</load_address>
         <run_address>0xdc7</run_address>
         <size>0xbc</size>
         <input_file_ref idref="fl-12"/>
      </object_component>
      <object_component id="oc-4b">
         <name>.debug_abbrev</name>
         <load_address>0xe83</load_address>
         <run_address>0xe83</run_address>
         <size>0x11d</size>
         <input_file_ref idref="fl-13"/>
      </object_component>
      <object_component id="oc-4f">
         <name>.debug_abbrev</name>
         <load_address>0xfa0</load_address>
         <run_address>0xfa0</run_address>
         <size>0xf8</size>
         <input_file_ref idref="fl-14"/>
      </object_component>
      <object_component id="oc-53">
         <name>.debug_abbrev</name>
         <load_address>0x1098</load_address>
         <run_address>0x1098</run_address>
         <size>0xbc</size>
         <input_file_ref idref="fl-15"/>
      </object_component>
      <object_component id="oc-57">
         <name>.debug_abbrev</name>
         <load_address>0x1154</load_address>
         <run_address>0x1154</run_address>
         <size>0xbc</size>
         <input_file_ref idref="fl-16"/>
      </object_component>
      <object_component id="oc-5c">
         <name>.debug_abbrev</name>
         <load_address>0x1210</load_address>
         <run_address>0x1210</run_address>
         <size>0x179</size>
         <input_file_ref idref="fl-17"/>
      </object_component>
      <object_component id="oc-60">
         <name>.debug_abbrev</name>
         <load_address>0x1389</load_address>
         <run_address>0x1389</run_address>
         <size>0x15d</size>
         <input_file_ref idref="fl-18"/>
      </object_component>
      <object_component id="oc-68">
         <name>.debug_abbrev</name>
         <load_address>0x14e6</load_address>
         <run_address>0x14e6</run_address>
         <size>0x1c5</size>
         <input_file_ref idref="fl-19"/>
      </object_component>
      <object_component id="oc-6c">
         <name>.debug_abbrev</name>
         <load_address>0x16ab</load_address>
         <run_address>0x16ab</run_address>
         <size>0x166</size>
         <input_file_ref idref="fl-1a"/>
      </object_component>
      <object_component id="oc-70">
         <name>.debug_abbrev</name>
         <load_address>0x1811</load_address>
         <run_address>0x1811</run_address>
         <size>0x10a</size>
         <input_file_ref idref="fl-1b"/>
      </object_component>
      <object_component id="oc-74">
         <name>.debug_abbrev</name>
         <load_address>0x191b</load_address>
         <run_address>0x191b</run_address>
         <size>0xbc</size>
         <input_file_ref idref="fl-1c"/>
      </object_component>
      <object_component id="oc-78">
         <name>.debug_abbrev</name>
         <load_address>0x19d7</load_address>
         <run_address>0x19d7</run_address>
         <size>0xea</size>
         <input_file_ref idref="fl-1d"/>
      </object_component>
      <object_component id="oc-7c">
         <name>.debug_abbrev</name>
         <load_address>0x1ac1</load_address>
         <run_address>0x1ac1</run_address>
         <size>0x15d</size>
         <input_file_ref idref="fl-1e"/>
      </object_component>
      <object_component id="oc-80">
         <name>.debug_abbrev</name>
         <load_address>0x1c1e</load_address>
         <run_address>0x1c1e</run_address>
         <size>0xe1</size>
         <input_file_ref idref="fl-1f"/>
      </object_component>
      <object_component id="oc-84">
         <name>.debug_abbrev</name>
         <load_address>0x1cff</load_address>
         <run_address>0x1cff</run_address>
         <size>0x10a</size>
         <input_file_ref idref="fl-20"/>
      </object_component>
      <object_component id="oc-88">
         <name>.debug_abbrev</name>
         <load_address>0x1e09</load_address>
         <run_address>0x1e09</run_address>
         <size>0xbc</size>
         <input_file_ref idref="fl-21"/>
      </object_component>
      <object_component id="oc-8c">
         <name>.debug_abbrev</name>
         <load_address>0x1ec5</load_address>
         <run_address>0x1ec5</run_address>
         <size>0x2c</size>
         <input_file_ref idref="fl-22"/>
      </object_component>
      <object_component id="oc-91">
         <name>.debug_abbrev</name>
         <load_address>0x1ef1</load_address>
         <run_address>0x1ef1</run_address>
         <size>0x18b</size>
         <input_file_ref idref="fl-23"/>
      </object_component>
      <object_component id="oc-95">
         <name>.debug_abbrev</name>
         <load_address>0x207c</load_address>
         <run_address>0x207c</run_address>
         <size>0x10a</size>
         <input_file_ref idref="fl-24"/>
      </object_component>
      <object_component id="oc-99">
         <name>.debug_abbrev</name>
         <load_address>0x2186</load_address>
         <run_address>0x2186</run_address>
         <size>0x35</size>
         <input_file_ref idref="fl-31"/>
      </object_component>
      <object_component id="oc-9d">
         <name>.debug_abbrev</name>
         <load_address>0x21bb</load_address>
         <run_address>0x21bb</run_address>
         <size>0x35</size>
         <input_file_ref idref="fl-32"/>
      </object_component>
      <object_component id="oc-a4">
         <name>.debug_abbrev</name>
         <load_address>0x21f0</load_address>
         <run_address>0x21f0</run_address>
         <size>0x43</size>
         <input_file_ref idref="fl-7b"/>
      </object_component>
      <object_component id="oc-a8">
         <name>.debug_abbrev</name>
         <load_address>0x2233</load_address>
         <run_address>0x2233</run_address>
         <size>0xed</size>
         <input_file_ref idref="fl-7c"/>
      </object_component>
      <object_component id="oc-ae">
         <name>.debug_abbrev</name>
         <load_address>0x2320</load_address>
         <run_address>0x2320</run_address>
         <size>0x10c</size>
         <input_file_ref idref="fl-7d"/>
      </object_component>
      <object_component id="oc-b4">
         <name>.debug_abbrev</name>
         <load_address>0x242c</load_address>
         <run_address>0x242c</run_address>
         <size>0xa9</size>
         <input_file_ref idref="fl-7e"/>
      </object_component>
      <object_component id="oc-b8">
         <name>.debug_abbrev</name>
         <load_address>0x24d5</load_address>
         <run_address>0x24d5</run_address>
         <size>0xb0</size>
         <input_file_ref idref="fl-8a"/>
      </object_component>
      <object_component id="oc-f8">
         <name>.debug_abbrev</name>
         <load_address>0x2585</load_address>
         <run_address>0x2585</run_address>
         <size>0xd</size>
      </object_component>
      <object_component id="oc-19">
         <name>.debug_frame</name>
         <load_address>0x0</load_address>
         <run_address>0x0</run_address>
         <size>0x364</size>
         <input_file_ref idref="fl-8"/>
      </object_component>
      <object_component id="oc-1d">
         <name>.debug_frame</name>
         <load_address>0x364</load_address>
         <run_address>0x364</run_address>
         <size>0x64</size>
         <input_file_ref idref="fl-9"/>
[...]
         <value>0xc50f</value>
         <object_component_ref idref="oc-c5"/>
      </symbol>
      <symbol id="sm-3b5">
         <name>_SLIP_setup</name>
         <value>0xc507</value>
         <object_component_ref idref="oc-c5"/>
      </symbol>
      <symbol id="sm-3b6">
         <name>_SLIP_init</name>
         <value>0xc51a</value>
         <object_component_ref idref="oc-c5"/>
      </symbol>
      <symbol id="sm-3cf">
         <name>_TIMER_setEmulationMode</name>
         <value>0xc3ad</value>
         <object_component_ref idref="oc-ce"/>
      </symbol>
      <symbol id="sm-3d0">
         <name>_TIMER_disableInt</name>
         <value>0xc3cb</value>
         <object_component_ref idref="oc-ce"/>
      </symbol>
      <symbol id="sm-3d1">
         <name>_TIMER_setPreScaler</name>
         <value>0xc39f</value>
         <object_component_ref idref="oc-ce"/>
      </symbol>
      <symbol id="sm-3d2">
         <name>_TIMER_setDecimationFactor</name>
         <value>0xc3b1</value>
         <object_component_ref idref="oc-ce"/>
      </symbol>
      <symbol id="sm-3d3">
         <name>_TIMER_getStatus</name>
         <value>0xc3c5</value>
         <object_component_ref idref="oc-ce"/>
      </symbol>
      <symbol id="sm-3d4">
         <name>_TIMER_init</name>
         <value>0xc3bf</value>
         <object_component_ref idref="oc-ce"/>
      </symbol>
      <symbol id="sm-3d5">
         <name>_TIMER_clearFlag</name>
         <value>0xc3ce</value>
         <object_component_ref idref="oc-ce"/>
      </symbol>
      <symbol id="sm-3d6">
         <name>_TIMER_enableInt</name>
         <value>0xc3c8</value>
         <object_component_ref idref="oc-ce"/>
      </symbol>
      <symbol id="sm-3e5">
         <name>_usDelay</name>
         <value>0x136</value>
         <object_component_ref idref="oc-89"/>
      </symbol>
      <symbol id="sm-3ff">
         <name>_USER_computeFlux_pu_to_VpHz_sf</name>
         <value>0xabbf</value>
         <object_component_ref idref="oc-c0"/>
      </symbol>
      <symbol id="sm-400">
         <name>_USER_calcPIgains</name>
         <value>0xac1c</value>
         <object_component_ref idref="oc-c0"/>
      </symbol>
      <symbol id="sm-401">
         <name>_USER_computeTorque_Ls_Id_Iq_pu_to_Nm_sf</name>
         <value>0xaae1</value>
         <object_component_ref idref="oc-c0"/>
      </symbol>
      <symbol id="sm-402">
         <name>_USER_computeTorque_lbin</name>
         <value>0xaa3e</value>
         <object_component_ref idref="oc-c0"/>
      </symbol>
      <symbol id="sm-403">
         <name>_USER_getErrorCode</name>
         <value>0xaa3b</value>
         <object_component_ref idref="oc-c0"/>
      </symbol>
      <symbol id="sm-404">
         <name>_USER_computeFlux</name>
         <value>0xac0a</value>
         <object_component_ref idref="oc-c0"/>
      </symbol>
      <symbol id="sm-405">
         <name>_USER_checkForErrors</name>
         <value>0xac18</value>
         <object_component_ref idref="oc-c0"/>
      </symbol>
      <symbol id="sm-406">
         <name>_USER_computeFlux_pu_to_Wb_sf</name>
         <value>0xab74</value>
         <object_component_ref idref="oc-c0"/>
      </symbol>
      <symbol id="sm-407">
         <name>_USER_computeTorque_Flux_Iq_pu_to_Nm_sf</name>
         <value>0xab29</value>
         <object_component_ref idref="oc-c0"/>
      </symbol>
      <symbol id="sm-408">
         <name>_USER_softwareUpdate1p6</name>
         <value>0xa840</value>
         <object_component_ref idref="oc-c0"/>
      </symbol>
      <symbol id="sm-409">
         <name>_USER_setErrorCode</name>
         <value>0xaa38</value>
         <object_component_ref idref="oc-c0"/>
      </symbol>
      <symbol id="sm-40a">
         <name>_USER_setParams</name>
         <value>0xa8ce</value>
         <object_component_ref idref="oc-c0"/>
      </symbol>
      <symbol id="sm-40b">
         <name>_USER_computeTorque_Nm</name>
         <value>0xaa95</value>
         <object_component_ref idref="oc-c0"/>
      </symbol>
      <symbol id="sm-416">
         <name>_WDOG_disableInt</name>
         <value>0xc24c</value>
         <object_component_ref idref="oc-d8"/>
      </symbol>
      <symbol id="sm-417">
         <name>_WDOG_setPreScaler</name>
         <value>0xc21c</value>
         <object_component_ref idref="oc-d8"/>
      </symbol>
      <symbol id="sm-418">
         <name>_WDOG_enableInt</name>
         <value>0xc237</value>
         <object_component_ref idref="oc-d8"/>
      </symbol>
      <symbol id="sm-419">
         <name>_WDOG_enable</name>
         <value>0xc23d</value>
         <object_component_ref idref="oc-d8"/>
      </symbol>
      <symbol id="sm-41a">
         <name>_WDOG_setCount</name>
         <value>0xc226</value>
         <object_component_ref idref="oc-d8"/>
      </symbol>
      <symbol id="sm-41b">
         <name>_WDOG_init</name>
         <value>0xc228</value>
         <object_component_ref idref="oc-d8"/>
      </symbol>
      <symbol id="sm-41c">
         <name>_WDOG_getIntStatus</name>
         <value>0xc22e</value>
         <object_component_ref idref="oc-d8"/>
      </symbol>
      <symbol id="sm-41d">
         <name>_WDOG_disable</name>
         <value>0xc252</value>
         <object_component_ref idref="oc-d8"/>
      </symbol>
      <symbol id="sm-41e">
         <name>_WDOG_enableOverRide</name>
         <value>0xc231</value>
         <object_component_ref idref="oc-d8"/>
      </symbol>
      <symbol id="sm-41f">
         <name>_WDOG_disableOverRide</name>
         <value>0xc246</value>
         <object_component_ref idref="oc-d8"/>
      </symbol>
      <symbol id="sm-420">
         <name>_WDOG_clearCounter</name>
         <value>0xc25a</value>
         <object_component_ref idref="oc-d8"/>
      </symbol>
      <symbol id="sm-422">
         <name>FD$$MPY</name>
         <value>0x3f81d6</value>
      </symbol>
      <symbol id="sm-424">
         <name>FD$$TOL</name>
         <value>0x3f853d</value>
      </symbol>
      <symbol id="sm-426">
         <name>FS$$ADD</name>
         <value>0x3f8364</value>
      </symbol>
      <symbol id="sm-428">
         <name>FS$$CMP</name>
         <value>0x3f85c9</value>
      </symbol>
      <symbol id="sm-42a">
         <name>FS$$DIV</name>
         <value>0x3f8259</value>
      </symbol>
      <symbol id="sm-42c">
         <name>FS$$MPY</name>
         <value>0x3f83d7</value>
      </symbol>
      <symbol id="sm-42e">
         <name>FS$$NEG</name>
         <value>0x3f8616</value>
      </symbol>
      <symbol id="sm-430">
         <name>FS$$TOFD</name>
         <value>0x3f8579</value>
      </symbol>
      <symbol id="sm-432">
         <name>FS$$TOI</name>
         <value>0x3f84f6</value>
      </symbol>
      <symbol id="sm-434">
         <name>FS$$TOL</name>
         <value>0x3f84cd</value>
      </symbol>
      <symbol id="sm-441">
         <name>FS$$TOU</name>
         <value>0xc4b8</value>
         <object_component_ref idref="oc-96"/>
      </symbol>
      <symbol id="sm-44e">
         <name>FS$$TOUL</name>
         <value>0xc477</value>
         <object_component_ref idref="oc-9a"/>
      </symbol>
      <symbol id="sm-450">
         <name>I$$TOFS</name>
         <value>0x3f8595</value>
      </symbol>
      <symbol id="sm-452">
         <name>U$$TOFS</name>
         <value>0x3f8606</value>
      </symbol>
      <symbol id="sm-454">
         <name>UL$$TOFS</name>
         <value>0x3f85f3</value>
      </symbol>
      <symbol id="sm-456">
         <name>_CTRL_getVersion</name>
         <value>0x3fa721</value>
      </symbol>
      <symbol id="sm-458">
         <name>_CTRL_initCtrl</name>
         <value>0x3fa6fb</value>
      </symbol>
      <symbol id="sm-45a">
         <name>_CTRL_runTraj</name>
         <value>0x3fa5d1</value>
      </symbol>
      <symbol id="sm-45c">
         <name>_CTRL_setEstParams</name>
         <value>0x3f9e64</value>
      </symbol>
      <symbol id="sm-45e">
         <name>_CTRL_setUserMotorParams</name>
         <value>0x3f9d31</value>
      </symbol>
      <symbol id="sm-460">
         <name>_CTRL_setupCtrl</name>
         <value>0x3f9b43</value>
      </symbol>
      <symbol id="sm-462">
         <name>_CTRL_setupEstIdleState</name>
         <value>0x3f99a5</value>
      </symbol>
      <symbol id="sm-464">
         <name>_CTRL_setupEstOnLineState</name>
         <value>0x3f996a</value>
      </symbol>
      <symbol id="sm-466">
         <name>_CTRL_setupTraj</name>
         <value>0x3f9806</value>
      </symbol>
      <symbol id="sm-468">
         <name>_EST_doCurrentCtrl</name>
         <value>0x3f9760</value>
      </symbol>
      <symbol id="sm-46a">
         <name>_EST_doSpeedCtrl</name>
         <value>0x3f9758</value>
      </symbol>
      <symbol id="sm-46c">
         <name>_EST_getAngle_pu</name>
         <value>0x3f8c0d</value>
      </symbol>
      <symbol id="sm-46e">
         <name>_EST_getFlux_VpHz</name>
         <value>0x3f96be</value>
      </symbol>
      <symbol id="sm-470">
         <name>_EST_getFlux_pu</name>
         <value>0x3f96ab</value>
      </symbol>
      <symbol id="sm-472">
         <name>_EST_getFm_pu</name>
         <value>0x3f968e</value>
      </symbol>
      <symbol id="sm-474">
         <name>_EST_getIdRated</name>
         <value>0x3f9632</value>
      </symbol>
      <symbol id="sm-476">
         <name>_EST_getLs_coarse_max_pu</name>
         <value>0x3f95ff</value>
      </symbol>
      <symbol id="sm-478">
         <name>_EST_getLs_d_H</name>
         <value>0x3f95f5</value>
      </symbol>
      <symbol id="sm-47a">
         <name>_EST_getLs_d_pu</name>
         <value>0x3f95f0</value>
      </symbol>
      <symbol id="sm-47c">
         <name>_EST_getLs_q_H</name>
         <value>0x3f95ce</value>
      </symbol>
      <symbol id="sm-47e">
         <name>_EST_getLs_q_pu</name>
         <value>0x3f95c9</value>
      </symbol>
      <symbol id="sm-480">
         <name>_EST_getMaxCurrentSlope_pu</name>
         <value>0x3f95bd</value>
      </symbol>
      <symbol id="sm-482">
         <name>_EST_getOneOverDcBus_pu</name>
         <value>0x3f95b3</value>
      </symbol>
      <symbol id="sm-484">
         <name>_EST_getRr_Ohm</name>
         <value>0x3f95ad</value>
      </symbol>
      <symbol id="sm-486">
         <name>_EST_getRs_Ohm</name>
         <value>0x3f9513</value>
      </symbol>
      <symbol id="sm-488">
         <name>_EST_getState</name>
         <value>0x3f861b</value>
      </symbol>
      <symbol id="sm-48a">
         <name>_EST_get_krpm_to_pu_sf</name>
         <value>0x3f9458</value>
      </symbol>
      <symbol id="sm-48c">
         <name>_EST_isError</name>
         <value>0x3f938d</value>
      </symbol>
      <symbol id="sm-48e">
         <name>_EST_isIdle</name>
         <value>0x3f9386</value>
      </symbol>
      <symbol id="sm-490">
         <name>_EST_isLockRotor</name>
         <value>0x3f937f</value>
      </symbol>
      <symbol id="sm-492">
         <name>_EST_isMotorIdentified</name>
         <value>0x3f8679</value>
      </symbol>
      <symbol id="sm-494">
         <name>_EST_isOnLine</name>
         <value>0x3f9378</value>
      </symbol>
      <symbol id="sm-496">
         <name>_EST_run</name>
         <value>0x3f927b</value>
      </symbol>
      <symbol id="sm-498">
         <name>_EST_setFlag_enableForceAngle</name>
         <value>0x3f8bdb</value>
      </symbol>
      <symbol id="sm-49a">
         <name>_EST_setFlag_enableRsRecalc</name>
         <value>0x3f8bd3</value>
      </symbol>
      <symbol id="sm-49c">
         <name>_EST_setId_ref_pu</name>
         <value>0x3f8b80</value>
      </symbol>
      <symbol id="sm-49e">
         <name>_EST_setIdle</name>
         <value>0x3f8b7a</value>
      </symbol>
      <symbol id="sm-4a0">
         <name>_EST_setIdle_all</name>
         <value>0x3f8b67</value>
      </symbol>
      <symbol id="sm-4a2">
         <name>_EST_setIq_ref_pu</name>
         <value>0x3f8b63</value>
      </symbol>
      <symbol id="sm-4a4">
         <name>_EST_setLs_d_pu</name>
         <value>0x3f8b45</value>
      </symbol>
      <symbol id="sm-4a6">
         <name>_EST_setLs_qFmt</name>
         <value>0x3f8af1</value>
      </symbol>
      <symbol id="sm-4a8">
         <name>_EST_setLs_q_pu</name>
         <value>0x3f8ae7</value>
      </symbol>
      <symbol id="sm-4aa">
         <name>_EST_setMaxCurrentSlope_pu</name>
         <value>0x3f8adb</value>
      </symbol>
      <symbol id="sm-4ac">
         <name>_EST_setRs_pu</name>
         <value>0x3f8a18</value>
      </symbol>
      <symbol id="sm-4ae">
         <name>_EST_updateId_ref_pu</name>
         <value>0x3f89f5</value>
      </symbol>
      <symbol id="sm-4b0">
         <name>_EST_updateState</name>
         <value>0x3f8713</value>
      </symbol>
      <symbol id="sm-4b2">
         <name>_EST_useZeroIq_ref</name>
         <value>0x3f861d</value>
      </symbol>
      <symbol id="sm-4b8">
         <name>_STPOSCONV_run</name>
         <value>0xb7c8</value>
         <object_component_ref idref="oc-c1"/>
      </symbol>
      <symbol id="sm-4b9">
         <name>_STPOSCONV_init</name>
         <value>0xc36a</value>
         <object_component_ref idref="oc-c9"/>
      </symbol>
      <symbol id="sm-4bf">
         <name>_STPOSCTL_init</name>
         <value>0xc2eb</value>
         <object_component_ref idref="oc-c6"/>
      </symbol>
      <symbol id="sm-4c0">
         <name>_STPOSCTL_run</name>
         <value>0xaccd</value>
         <object_component_ref idref="oc-c3"/>
      </symbol>
      <symbol id="sm-4c8">
         <name>_STPOSMOVE_init</name>
         <value>0xc133</value>
         <object_component_ref idref="oc-c7"/>
      </symbol>
      <symbol id="sm-4c9">
         <name>_STPOSMOVE_run</name>
         <value>0x8000</value>
         <object_component_ref idref="oc-c2"/>
      </symbol>
      <symbol id="sm-4cb">
         <name>L$$DIV</name>
         <value>0x3f84a3</value>
      </symbol>
      <symbol id="sm-4cd">
         <name>L$$MOD</name>
         <value>0x3f84b2</value>
      </symbol>
      <symbol id="sm-4cf">
         <name>L$$TOFS</name>
         <value>0x3f85af</value>
      </symbol>
      <symbol id="sm-4d3">
         <name>_STPOSPLAN_init</name>
         <value>0xc06e</value>
         <object_component_ref idref="oc-c8"/>
      </symbol>
      <symbol id="sm-4d7">
         <name>_ST_addPosRollOver</name>
         <value>0xc32e</value>
         <object_component_ref idref="oc-cc"/>
      </symbol>
      <symbol id="sm-4db">
         <name>_ST_initVersion</name>
         <value>0xc3d1</value>
         <object_component_ref idref="oc-ca"/>
      </symbol>
      <symbol id="sm-4dd">
         <name>__IQ20div</name>
         <value>0x3fec6c</value>
      </symbol>
      <symbol id="sm-4df">
         <name>__IQ20exp</name>
         <value>0x3fef5e</value>
      </symbol>
      <symbol id="sm-4e1">
         <name>__IQ20log</name>
         <value>0x3ff209</value>
      </symbol>
      <symbol id="sm-4e3">
         <name>__IQ20sqrt</name>
         <value>0x3fee98</value>
      </symbol>
      <symbol id="sm-4e5">
         <name>__IQ24cosPU</name>
         <value>0x3ff183</value>
      </symbol>
      <symbol id="sm-4e7">
         <name>__IQ24div</name>
         <value>0x3fecb3</value>
      </symbol>
      <symbol id="sm-4e9">
         <name>__IQ24exp</name>
         <value>0x3fef9b</value>
      </symbol>
      <symbol id="sm-4f3">
         <name>__IQ24frac</name>
         <value>0xcac8</value>
         <object_component_ref idref="oc-9e"/>
      </symbol>
      <symbol id="sm-4fd">
         <name>__IQ24int</name>
         <value>0xcad3</value>
         <object_component_ref idref="oc-9f"/>
      </symbol>
      <symbol id="sm-4ff">
         <name>__IQ24log</name>
         <value>0x3ff2a6</value>
      </symbol>
      <symbol id="sm-501">
         <name>__IQ24sinPU</name>
         <value>0x3ff15a</value>
      </symbol>
      <symbol id="sm-503">
         <name>__IQ24sqrt</name>
         <value>0x3feeda</value>
      </symbol>
      <symbol id="sm-505">
         <name>__IQ30toF</name>
         <value>0x3ff1e8</value>
      </symbol>
      <symbol id="sm-519">
         <name>_c_int00</name>
         <value>0xc2a7</value>
         <object_component_ref idref="oc-12"/>
      </symbol>
      <symbol id="sm-51a">
         <name>__stack</name>
         <value>0x400</value>
         <object_component_ref idref="oc-a0"/>
      </symbol>
      <symbol id="sm-526">
         <name>__args_main</name>
         <value>0xc4d5</value>
         <object_component_ref idref="oc-b9"/>
      </symbol>
      <symbol id="sm-527">
         <name>__TI_args_main</name>
         <value>0x1</value>
      </symbol>
      <symbol id="sm-538">
         <name>C$$EXIT</name>
         <value>0xc4ee</value>
         <object_component_ref idref="oc-ba"/>
      </symbol>
      <symbol id="sm-539">
         <name>_exit</name>
         <value>0xc4f0</value>
         <object_component_ref idref="oc-ba"/>
      </symbol>
      <symbol id="sm-53a">
         <name>___TI_cleanup_ptr</name>
         <value>0xc9c8</value>
         <object_component_ref idref="oc-ab"/>
      </symbol>
      <symbol id="sm-53b">
         <name>_abort</name>
         <value>0xc4ee</value>
         <object_component_ref idref="oc-ba"/>
      </symbol>
      <symbol id="sm-53c">
         <name>___TI_dtors_ptr</name>
         <value>0xc9ca</value>
         <object_component_ref idref="oc-ab"/>
      </symbol>
      <symbol id="sm-54a">
         <name>__unlock</name>
         <value>0xc53c</value>
         <object_component_ref idref="oc-b1"/>
      </symbol>
      <symbol id="sm-54b">
         <name>__lock</name>
         <value>0xc53e</value>
         <object_component_ref idref="oc-b1"/>
      </symbol>
      <symbol id="sm-54c">
         <name>__register_lock</name>
         <value>0xc524</value>
         <object_component_ref idref="oc-bf"/>
      </symbol>
      <symbol id="sm-54d">
         <name>__nop</name>
         <value>0xc528</value>
         <object_component_ref idref="oc-bf"/>
      </symbol>
      <symbol id="sm-54e">
         <name>__register_unlock</name>
         <value>0xc520</value>
         <object_component_ref idref="oc-bf"/>
      </symbol>
      <symbol id="sm-550">
         <name>_log</name>
         <value>0x3f8000</value>
      </symbol>
      <symbol id="sm-552">
         <name>_modf</name>
         <value>0x3f8472</value>
      </symbol>
      <symbol id="sm-554">
         <name>_pow</name>
         <value>0x3f82dc</value>
      </symbol>
      <symbol id="sm-556">
         <name>_s0_calc</name>
         <value>0x3fb9dd</value>
      </symbol>
      <symbol id="sm-558">
         <name>_s0_conf</name>
         <value>0x3fb9ad</value>
      </symbol>
      <symbol id="sm-55a">
         <name>_s1_calc</name>
         <value>0x3fb65f</value>
      </symbol>
      <symbol id="sm-55c">
         <name>_s2_calc</name>
         <value>0x3fbae7</value>
      </symbol>
      <symbol id="sm-55e">
         <name>_s4_calc</name>
         <value>0x3fbb85</value>
      </symbol>
      <symbol id="sm-560">
         <name>_s4_conf</name>
         <value>0x3fbc34</value>
      </symbol>
      <symbol id="sm-562">
         <name>_s4_reset</name>
         <value>0x3fbc58</value>
      </symbol>
      <symbol id="sm-564">
         <name>_spintac_rom_ver</name>
         <value>0x3fbc6d</value>
      </symbol>
      <symbol id="sm-571">
         <name>_sqrt</name>
         <value>0xc185</value>
         <object_component_ref idref="oc-cb"/>
      </symbol>
      <symbol id="sm-573">
         <name>FS$$SUB</name>
         <value>0x3f835f</value>
      </symbol>
      <symbol id="sm-575">
         <name>_errno</name>
         <value>0x13800</value>
      </symbol>
      <symbol id="sm-577">
         <name>_ldexp</name>
         <value>0x3f8431</value>
      </symbol>
   </symbol_table>
   <title>Link successful</title>
</link_info>
