<?xml version="1.0"?>
<link_info>
   <banner>TMS320C2000 Linker PC v6.2.7</banner>
   <copyright>Copyright (c) 1996-2014 Texas Instruments Incorporated</copyright>
   <link_time>0x591adc96</link_time>
   <link_errors>0x0</link_errors>
   <output_file>proj_lab09.out</output_file>
   <entry_point>
      <name>_c_int00</name>
      <address>0xaa66</address>
   </entry_point>
   <input_file_list>
      <input_file id="fl-5">
         <path>.\</path>
         <kind>object</kind>
         <file>CodeStartBranch.obj</file>
         <name>CodeStartBranch.obj</name>
      </input_file>
      <input_file id="fl-6">
         <path>.\</path>
         <kind>object</kind>
         <file>adc.obj</file>
         <name>adc.obj</name>
      </input_file>
      <input_file id="fl-7">
         <path>.\</path>
         <kind>object</kind>
         <file>clarke.obj</file>
         <name>clarke.obj</name>
      </input_file>
      <input_file id="fl-8">
         <path>.\</path>
         <kind>object</kind>
         <file>clk.obj</file>
         <name>clk.obj</name>
      </input_file>
      <input_file id="fl-9">
         <path>.\</path>
         <kind>object</kind>
         <file>cpu.obj</file>
         <name>cpu.obj</name>
      </input_file>
      <input_file id="fl-a">
         <path>.\</path>
         <kind>object</kind>
         <file>ctrl.obj</file>
         <name>ctrl.obj</name>
      </input_file>
      <input_file id="fl-b">
         <path>.\</path>
         <kind>object</kind>
         <file>filter_fo.obj</file>
         <name>filter_fo.obj</name>
      </input_file>
      <input_file id="fl-c">
         <path>.\</path>
         <kind>object</kind>
         <file>flash.obj</file>
         <name>flash.obj</name>
      </input_file>
      <input_file id="fl-d">
         <path>.\</path>
         <kind>object</kind>
         <file>fw.obj</file>
         <name>fw.obj</name>
      </input_file>
      <input_file id="fl-e">
         <path>.\</path>
         <kind>object</kind>
         <file>gpio.obj</file>
         <name>gpio.obj</name>
      </input_file>
      <input_file id="fl-f">
         <path>.\</path>
         <kind>object</kind>
         <file>hal.obj</file>
         <name>hal.obj</name>
      </input_file>
      <input_file id="fl-10">
         <path>.\</path>
         <kind>object</kind>
         <file>ipark.obj</file>
         <name>ipark.obj</name>
      </input_file>
      <input_file id="fl-11">
         <path>.\</path>
         <kind>object</kind>
         <file>offset.obj</file>
         <name>offset.obj</name>
      </input_file>
      <input_file id="fl-12">
         <path>.\</path>
         <kind>object</kind>
         <file>osc.obj</file>
         <name>osc.obj</name>
      </input_file>
      <input_file id="fl-13">
         <path>.\</path>
         <kind>object</kind>
         <file>park.obj</file>
         <name>park.obj</name>
      </input_file>
      <input_file id="fl-14">
         <path>.\</path>
         <kind>object</kind>
         <file>pid.obj</file>
         <name>pid.obj</name>
      </input_file>
      <input_file id="fl-15">
         <path>.\</path>
         <kind>object</kind>
         <file>pie.obj</file>
         <name>pie.obj</name>
      </input_file>
      <input_file id="fl-16">
         <path>.\</path>
         <kind>object</kind>
         <file>pll.obj</file>
         <name>pll.obj</name>
      </input_file>
      <input_file id="fl-17">
         <path>.\</path>
         <kind>object</kind>
         <file>proj_lab09.obj</file>
         <name>proj_lab09.obj</name>
      </input_file>
      <input_file id="fl-18">
         <path>.\</path>
         <kind>object</kind>
         <file>pwm.obj</file>
         <name>pwm.obj</name>
      </input_file>
      <input_file id="fl-19">
         <path>.\</path>
         <kind>object</kind>
         <file>pwr.obj</file>
         <name>pwr.obj</name>
      </input_file>
      <input_file id="fl-1a">
         <path>.\</path>
         <kind>object</kind>
         <file>svgen.obj</file>
         <name>svgen.obj</name>
      </input_file>
      <input_file id="fl-1b">
         <path>.\</path>
         <kind>object</kind>
         <file>svgen_current.obj</file>
         <name>svgen_current.obj</name>
      </input_file>
      <input_file id="fl-1c">
         <path>.\</path>
         <kind>object</kind>
         <file>timer.obj</file>
         <name>timer.obj</name>
      </input_file>
      <input_file id="fl-1d">
         <path>.\</path>
         <kind>object</kind>
         <file>traj.obj</file>
         <name>traj.obj</name>
      </input_file>
      <input_file id="fl-1e">
         <path>.\</path>
         <kind>object</kind>
         <file>usDelay.obj</file>
         <name>usDelay.obj</name>
      </input_file>
      <input_file id="fl-1f">
         <path>.\</path>
         <kind>object</kind>
         <file>user.obj</file>
         <name>user.obj</name>
      </input_file>
      <input_file id="fl-20">
         <path>.\</path>
         <kind>object</kind>
         <file>wdog.obj</file>
         <name>wdog.obj</name>
      </input_file>
      <input_file id="fl-23">
         <path>D:\ti\ccsv6\tools\compiler\c2000_6.2.7\lib\</path>
         <kind>archive</kind>
         <file>rts2800_ml.lib</file>
         <name>fd_mpy.obj</name>
      </input_file>
      <input_file id="fl-24">
         <path>D:\ti\ccsv6\tools\compiler\c2000_6.2.7\lib\</path>
         <kind>archive</kind>
         <file>rts2800_ml.lib</file>
         <name>fd_tol.obj</name>
      </input_file>
      <input_file id="fl-25">
         <path>D:\ti\ccsv6\tools\compiler\c2000_6.2.7\lib\</path>
         <kind>archive</kind>
         <file>rts2800_ml.lib</file>
         <name>fs_add.obj</name>
      </input_file>
      <input_file id="fl-26">
         <path>D:\ti\ccsv6\tools\compiler\c2000_6.2.7\lib\</path>
         <kind>archive</kind>
         <file>rts2800_ml.lib</file>
         <name>fs_cmp.obj</name>
      </input_file>
      <input_file id="fl-27">
         <path>D:\ti\ccsv6\tools\compiler\c2000_6.2.7\lib\</path>
         <kind>archive</kind>
         <file>rts2800_ml.lib</file>
         <name>fs_div.obj</name>
      </input_file>
      <input_file id="fl-28">
         <path>D:\ti\ccsv6\tools\compiler\c2000_6.2.7\lib\</path>
         <kind>archive</kind>
         <file>rts2800_ml.lib</file>
         <name>fs_mpy.obj</name>
      </input_file>
      <input_file id="fl-29">
         <path>D:\ti\ccsv6\tools\compiler\c2000_6.2.7\lib\</path>
         <kind>archive</kind>
         <file>rts2800_ml.lib</file>
         <name>fs_neg.obj</name>
      </input_file>
      <input_file id="fl-2a">
         <path>D:\ti\ccsv6\tools\compiler\c2000_6.2.7\lib\</path>
         <kind>archive</kind>
         <file>rts2800_ml.lib</file>
         <name>fs_tofd.obj</name>
      </input_file>
      <input_file id="fl-2b">
         <path>D:\ti\ccsv6\tools\compiler\c2000_6.2.7\lib\</path>
         <kind>archive</kind>
         <file>rts2800_ml.lib</file>
         <name>fs_toi.obj</name>
      </input_file>
      <input_file id="fl-2c">
         <path>D:\ti\ccsv6\tools\compiler\c2000_6.2.7\lib\</path>
         <kind>archive</kind>
         <file>rts2800_ml.lib</file>
         <name>fs_tou.obj</name>
      </input_file>
      <input_file id="fl-2d">
         <path>D:\ti\ccsv6\tools\compiler\c2000_6.2.7\lib\</path>
         <kind>archive</kind>
         <file>rts2800_ml.lib</file>
         <name>fs_toul.obj</name>
      </input_file>
      <input_file id="fl-2e">
         <path>D:\ti\ccsv6\tools\compiler\c2000_6.2.7\lib\</path>
         <kind>archive</kind>
         <file>rts2800_ml.lib</file>
         <name>i_tofs.obj</name>
      </input_file>
      <input_file id="fl-2f">
         <path>D:\ti\ccsv6\tools\compiler\c2000_6.2.7\lib\</path>
         <kind>archive</kind>
         <file>rts2800_ml.lib</file>
         <name>u_tofs.obj</name>
      </input_file>
      <input_file id="fl-30">
         <path>D:\ti\ccsv6\tools\compiler\c2000_6.2.7\lib\</path>
         <kind>archive</kind>
         <file>rts2800_ml.lib</file>
         <name>ul_tofs.obj</name>
      </input_file>
      <input_file id="fl-31">
         <path>D:\ti\motorware\motorware_1_01_00_16\sw\modules\fast\lib\32b\f28x\f2806x\</path>
         <kind>archive</kind>
         <file>2806xRevB_FastSpinROMSymbols.lib</file>
         <name>TMS320x2806x_REVB_boot_rom_out__CTRL_getVersion_tmp.obj</name>
      </input_file>
      <input_file id="fl-32">
         <path>D:\ti\motorware\motorware_1_01_00_16\sw\modules\fast\lib\32b\f28x\f2806x\</path>
         <kind>archive</kind>
         <file>2806xRevB_FastSpinROMSymbols.lib</file>
         <name>TMS320x2806x_REVB_boot_rom_out__CTRL_initCtrl_tmp.obj</name>
      </input_file>
      <input_file id="fl-33">
         <path>D:\ti\motorware\motorware_1_01_00_16\sw\modules\fast\lib\32b\f28x\f2806x\</path>
         <kind>archive</kind>
         <file>2806xRevB_FastSpinROMSymbols.lib</file>
         <name>TMS320x2806x_REVB_boot_rom_out__CTRL_runTraj_tmp.obj</name>
      </input_file>
      <input_file id="fl-34">
         <path>D:\ti\motorware\motorware_1_01_00_16\sw\modules\fast\lib\32b\f28x\f2806x\</path>
         <kind>archive</kind>
         <file>2806xRevB_FastSpinROMSymbols.lib</file>
         <name>TMS320x2806x_REVB_boot_rom_out__CTRL_setEstParams_tmp.obj</name>
      </input_file>
      <input_file id="fl-35">
         <path>D:\ti\motorware\motorware_1_01_00_16\sw\modules\fast\lib\32b\f28x\f2806x\</path>
         <kind>archive</kind>
         <file>2806xRevB_FastSpinROMSymbols.lib</file>
         <name>TMS320x2806x_REVB_boot_rom_out__CTRL_setUserMotorParams_tmp.obj</name>
      </input_file>
      <input_file id="fl-36">
         <path>D:\ti\motorware\motorware_1_01_00_16\sw\modules\fast\lib\32b\f28x\f2806x\</path>
         <kind>archive</kind>
         <file>2806xRevB_FastSpinROMSymbols.lib</file>
         <name>TMS320x2806x_REVB_boot_rom_out__CTRL_setupCtrl_tmp.obj</name>
      </input_file>
      <input_file id="fl-37">
         <path>D:\ti\motorware\motorware_1_01_00_16\sw\modules\fast\lib\32b\f28x\f2806x\</path>
         <kind>archive</kind>
         <file>2806xRevB_FastSpinROMSymbols.lib</file>
         <name>TMS320x2806x_REVB_boot_rom_out__CTRL_setupEstIdleState_tmp.obj</name>
      </input_file>
      <input_file id="fl-38">
         <path>D:\ti\motorware\motorware_1_01_00_16\sw\modules\fast\lib\32b\f28x\f2806x\</path>
         <kind>archive</kind>
         <file>2806xRevB_FastSpinROMSymbols.lib</file>
         <name>TMS320x2806x_REVB_boot_rom_out__CTRL_setupEstOnLineState_tmp.obj</name>
      </input_file>
      <input_file id="fl-39">
         <path>D:\ti\motorware\motorware_1_01_00_16\sw\modules\fast\lib\32b\f28x\f2806x\</path>
         <kind>archive</kind>
         <file>2806xRevB_FastSpinROMSymbols.lib</file>
         <name>TMS320x2806x_REVB_boot_rom_out__CTRL_setupTraj_tmp.obj</name>
      </input_file>
      <input_file id="fl-3a">
         <path>D:\ti\motorware\motorware_1_01_00_16\sw\modules\fast\lib\32b\f28x\f2806x\</path>
         <kind>archive</kind>
         <file>2806xRevB_FastSpinROMSymbols.lib</file>
         <name>TMS320x2806x_REVB_boot_rom_out__EST_doCurrentCtrl_tmp.obj</name>
      </input_file>
      <input_file id="fl-3b">
         <path>D:\ti\motorware\motorware_1_01_00_16\sw\modules\fast\lib\32b\f28x\f2806x\</path>
         <kind>archive</kind>
         <file>2806xRevB_FastSpinROMSymbols.lib</file>
         <name>TMS320x2806x_REVB_boot_rom_out__EST_doSpeedCtrl_tmp.obj</name>
      </input_file>
      <input_file id="fl-3c">
         <path>D:\ti\motorware\motorware_1_01_00_16\sw\modules\fast\lib\32b\f28x\f2806x\</path>
         <kind>archive</kind>
         <file>2806xRevB_FastSpinROMSymbols.lib</file>
         <name>TMS320x2806x_REVB_boot_rom_out__EST_getAngle_pu_tmp.obj</name>
      </input_file>
      <input_file id="fl-3d">
         <path>D:\ti\motorware\motorware_1_01_00_16\sw\modules\fast\lib\32b\f28x\f2806x\</path>
         <kind>archive</kind>
         <file>2806xRevB_FastSpinROMSymbols.lib</file>
         <name>TMS320x2806x_REVB_boot_rom_out__EST_getFlux_VpHz_tmp.obj</name>
      </input_file>
      <input_file id="fl-3e">
         <path>D:\ti\motorware\motorware_1_01_00_16\sw\modules\fast\lib\32b\f28x\f2806x\</path>
         <kind>archive</kind>
         <file>2806xRevB_FastSpinROMSymbols.lib</file>
         <name>TMS320x2806x_REVB_boot_rom_out__EST_getFlux_pu_tmp.obj</name>
      </input_file>
      <input_file id="fl-3f">
         <path>D:\ti\motorware\motorware_1_01_00_16\sw\modules\fast\lib\32b\f28x\f2806x\</path>
         <kind>archive</kind>
         <file>2806xRevB_FastSpinROMSymbols.lib</file>
         <name>TMS320x2806x_REVB_boot_rom_out__EST_getFm_pu_tmp.obj</name>
      </input_file>
      <input_file id="fl-40">
         <path>D:\ti\motorware\motorware_1_01_00_16\sw\modules\fast\lib\32b\f28x\f2806x\</path>
         <kind>archive</kind>
         <file>2806xRevB_FastSpinROMSymbols.lib</file>
         <name>TMS320x2806x_REVB_boot_rom_out__EST_getIdRated_tmp.obj</name>
      </input_file>
      <input_file id="fl-41">
         <path>D:\ti\motorware\motorware_1_01_00_16\sw\modules\fast\lib\32b\f28x\f2806x\</path>
         <kind>archive</kind>
         <file>2806xRevB_FastSpinROMSymbols.lib</file>
         <name>TMS320x2806x_REVB_boot_rom_out__EST_getLs_coarse_max_pu_tmp.obj</name>
      </input_file>
      <input_file id="fl-42">
         <path>D:\ti\motorware\motorware_1_01_00_16\sw\modules\fast\lib\32b\f28x\f2806x\</path>
         <kind>archive</kind>
         <file>2806xRevB_FastSpinROMSymbols.lib</file>
         <name>TMS320x2806x_REVB_boot_rom_out__EST_getLs_d_H_tmp.obj</name>
      </input_file>
      <input_file id="fl-43">
         <path>D:\ti\motorware\motorware_1_01_00_16\sw\modules\fast\lib\32b\f28x\f2806x\</path>
         <kind>archive</kind>
         <file>2806xRevB_FastSpinROMSymbols.lib</file>
         <name>TMS320x2806x_REVB_boot_rom_out__EST_getLs_d_pu_tmp.obj</name>
      </input_file>
      <input_file id="fl-44">
         <path>D:\ti\motorware\motorware_1_01_00_16\sw\modules\fast\lib\32b\f28x\f2806x\</path>
         <kind>archive</kind>
         <file>2806xRevB_FastSpinROMSymbols.lib</file>
         <name>TMS320x2806x_REVB_boot_rom_out__EST_getLs_q_H_tmp.obj</name>
      </input_file>
      <input_file id="fl-45">
         <path>D:\ti\motorware\motorware_1_01_00_16\sw\modules\fast\lib\32b\f28x\f2806x\</path>
         <kind>archive</kind>
         <file>2806xRevB_FastSpinROMSymbols.lib</file>
         <name>TMS320x2806x_REVB_boot_rom_out__EST_getLs_q_pu_tmp.obj</name>
      </input_file>
      <input_file id="fl-46">
         <path>D:\ti\motorware\motorware_1_01_00_16\sw\modules\fast\lib\32b\f28x\f2806x\</path>
         <kind>archive</kind>
         <file>2806xRevB_FastSpinROMSymbols.lib</file>
         <name>TMS320x2806x_REVB_boot_rom_out__EST_getMaxCurrentSlope_pu_tmp.obj</name>
      </input_file>
      <input_file id="fl-47">
         <path>D:\ti\motorware\motorware_1_01_00_16\sw\modules\fast\lib\32b\f28x\f2806x\</path>
         <kind>archive</kind>
         <file>2806xRevB_FastSpinROMSymbols.lib</file>
         <name>TMS320x2806x_REVB_boot_rom_out__EST_getOneOverDcBus_pu_tmp.obj</name>
      </input_file>
      <input_file id="fl-48">
         <path>D:\ti\motorware\motorware_1_01_00_16\sw\modules\fast\lib\32b\f28x\f2806x\</path>
         <kind>archive</kind>
         <file>2806xRevB_FastSpinROMSymbols.lib</file>
         <name>TMS320x2806x_REVB_boot_rom_out__EST_getRr_Ohm_tmp.obj</name>
      </input_file>
      <input_file id="fl-49">
         <path>D:\ti\motorware\motorware_1_01_00_16\sw\modules\fast\lib\32b\f28x\f2806x\</path>
         <kind>archive</kind>
         <file>2806xRevB_FastSpinROMSymbols.lib</file>
         <name>TMS320x2806x_REVB_boot_rom_out__EST_getRs_Ohm_tmp.obj</name>
      </input_file>
      <input_file id="fl-4a">
         <path>D:\ti\motorware\motorware_1_01_00_16\sw\modules\fast\lib\32b\f28x\f2806x\</path>
         <kind>archive</kind>
         <file>2806xRevB_FastSpinROMSymbols.lib</file>
         <name>TMS320x2806x_REVB_boot_rom_out__EST_getSpeed_krpm_tmp.obj</name>
      </input_file>
      <input_file id="fl-4b">
         <path>D:\ti\motorware\motorware_1_01_00_16\sw\modules\fast\lib\32b\f28x\f2806x\</path>
         <kind>archive</kind>
         <file>2806xRevB_FastSpinROMSymbols.lib</file>
         <name>TMS320x2806x_REVB_boot_rom_out__EST_getState_tmp.obj</name>
      </input_file>
      <input_file id="fl-4c">
         <path>D:\ti\motorware\motorware_1_01_00_16\sw\modules\fast\lib\32b\f28x\f2806x\</path>
         <kind>archive</kind>
         <file>2806xRevB_FastSpinROMSymbols.lib</file>
         <name>TMS320x2806x_REVB_boot_rom_out__EST_get_krpm_to_pu_sf_tmp.obj</name>
      </input_file>
      <input_file id="fl-4d">
         <path>D:\ti\motorware\motorware_1_01_00_16\sw\modules\fast\lib\32b\f28x\f2806x\</path>
         <kind>archive</kind>
         <file>2806xRevB_FastSpinROMSymbols.lib</file>
         <name>TMS320x2806x_REVB_boot_rom_out__EST_get_pu_to_krpm_sf_tmp.obj</name>
      </input_file>
      <input_file id="fl-4e">
         <path>D:\ti\motorware\motorware_1_01_00_16\sw\modules\fast\lib\32b\f28x\f2806x\</path>
         <kind>archive</kind>
         <file>2806xRevB_FastSpinROMSymbols.lib</file>
         <name>TMS320x2806x_REVB_boot_rom_out__EST_isError_tmp.obj</name>
      </input_file>
      <input_file id="fl-4f">
         <path>D:\ti\motorware\motorware_1_01_00_16\sw\modules\fast\lib\32b\f28x\f2806x\</path>
         <kind>archive</kind>
         <file>2806xRevB_FastSpinROMSymbols.lib</file>
         <name>TMS320x2806x_REVB_boot_rom_out__EST_isIdle_tmp.obj</name>
      </input_file>
      <input_file id="fl-50">
         <path>D:\ti\motorware\motorware_1_01_00_16\sw\modules\fast\lib\32b\f28x\f2806x\</path>
         <kind>archive</kind>
         <file>2806xRevB_FastSpinROMSymbols.lib</file>
         <name>TMS320x2806x_REVB_boot_rom_out__EST_isLockRotor_tmp.obj</name>
      </input_file>
      <input_file id="fl-51">
         <path>D:\ti\motorware\motorware_1_01_00_16\sw\modules\fast\lib\32b\f28x\f2806x\</path>
         <kind>archive</kind>
         <file>2806xRevB_FastSpinROMSymbols.lib</file>
         <name>TMS320x2806x_REVB_boot_rom_out__EST_isMotorIdentified_tmp.obj</name>
      </input_file>
      <input_file id="fl-52">
         <path>D:\ti\motorware\motorware_1_01_00_16\sw\modules\fast\lib\32b\f28x\f2806x\</path>
         <kind>archive</kind>
         <file>2806xRevB_FastSpinROMSymbols.lib</file>
         <name>TMS320x2806x_REVB_boot_rom_out__EST_isOnLine_tmp.obj</name>
      </input_file>
      <input_file id="fl-53">
         <path>D:\ti\motorware\motorware_1_01_00_16\sw\modules\fast\lib\32b\f28x\f2806x\</path>
         <kind>archive</kind>
         <file>2806xRevB_FastSpinROMSymbols.lib</file>
         <name>TMS320x2806x_REVB_boot_rom_out__EST_run_tmp.obj</name>
      </input_file>
      <input_file id="fl-54">
         <path>D:\ti\motorware\motorware_1_01_00_16\sw\modules\fast\lib\32b\f28x\f2806x\</path>
         <kind>archive</kind>
         <file>2806xRevB_FastSpinROMSymbols.lib</file>
         <name>TMS320x2806x_REVB_boot_rom_out__EST_setFlag_enableForceAngle_tmp.obj</name>
      </input_file>
      <input_file id="fl-55">
         <path>D:\ti\motorware\motorware_1_01_00_16\sw\modules\fast\lib\32b\f28x\f2806x\</path>
         <kind>archive</kind>
         <file>2806xRevB_FastSpinROMSymbols.lib</file>
         <name>TMS320x2806x_REVB_boot_rom_out__EST_setFlag_enableRsRecalc_tmp.obj</name>
      </input_file>
      <input_file id="fl-56">
         <path>D:\ti\motorware\motorware_1_01_00_16\sw\modules\fast\lib\32b\f28x\f2806x\</path>
         <kind>archive</kind>
         <file>2806xRevB_FastSpinROMSymbols.lib</file>
         <name>TMS320x2806x_REVB_boot_rom_out__EST_setId_ref_pu_tmp.obj</name>
      </input_file>
      <input_file id="fl-57">
         <path>D:\ti\motorware\motorware_1_01_00_16\sw\modules\fast\lib\32b\f28x\f2806x\</path>
         <kind>archive</kind>
         <file>2806xRevB_FastSpinROMSymbols.lib</file>
         <name>TMS320x2806x_REVB_boot_rom_out__EST_setIdle_tmp.obj</name>
      </input_file>
      <input_file id="fl-58">
         <path>D:\ti\motorware\motorware_1_01_00_16\sw\modules\fast\lib\32b\f28x\f2806x\</path>
         <kind>archive</kind>
         <file>2806xRevB_FastSpinROMSymbols.lib</file>
         <name>TMS320x2806x_REVB_boot_rom_out__EST_setIdle_all_tmp.obj</name>
      </input_file>
      <input_file id="fl-59">
         <path>D:\ti\motorware\motorware_1_01_00_16\sw\modules\fast\lib\32b\f28x\f2806x\</path>
         <kind>archive</kind>
         <file>2806xRevB_FastSpinROMSymbols.lib</file>
         <name>TMS320x2806x_REVB_boot_rom_out__EST_setIq_ref_pu_tmp.obj</name>
      </input_file>
      <input_file id="fl-5a">
         <path>D:\ti\motorware\motorware_1_01_00_16\sw\modules\fast\lib\32b\f28x\f2806x\</path>
         <kind>archive</kind>
         <file>2806xRevB_FastSpinROMSymbols.lib</file>
         <name>TMS320x2806x_REVB_boot_rom_out__EST_setLs_d_pu_tmp.obj</name>
      </input_file>
      <input_file id="fl-5b">
         <path>D:\ti\motorware\motorware_1_01_00_16\sw\modules\fast\lib\32b\f28x\f2806x\</path>
         <kind>archive</kind>
         <file>2806xRevB_FastSpinROMSymbols.lib</file>
         <name>TMS320x2806x_REVB_boot_rom_out__EST_setLs_qFmt_tmp.obj</name>
      </input_file>
      <input_file id="fl-5c">
         <path>D:\ti\motorware\motorware_1_01_00_16\sw\modules\fast\lib\32b\f28x\f2806x\</path>
         <kind>archive</kind>
         <file>2806xRevB_FastSpinROMSymbols.lib</file>
         <name>TMS320x2806x_REVB_boot_rom_out__EST_setLs_q_pu_tmp.obj</name>
      </input_file>
      <input_file id="fl-5d">
         <path>D:\ti\motorware\motorware_1_01_00_16\sw\modules\fast\lib\32b\f28x\f2806x\</path>
         <kind>archive</kind>
         <file>2806xRevB_FastSpinROMSymbols.lib</file>
         <name>TMS320x2806x_REVB_boot_rom_out__EST_setMaxCurrentSlope_pu_tmp.obj</name>
      </input_file>
      <input_file id="fl-5e">
         <path>D:\ti\motorware\motorware_1_01_00_16\sw\modules\fast\lib\32b\f28x\f2806x\</path>
         <kind>archive</kind>
         <file>2806xRevB_FastSpinROMSymbols.lib</file>
         <name>TMS320x2806x_REVB_boot_rom_out__EST_setRs_pu_tmp.obj</name>
      </input_file>
      <input_file id="fl-5f">
         <path>D:\ti\motorware\motorware_1_01_00_16\sw\modules\fast\lib\32b\f28x\f2806x\</path>
         <kind>archive</kind>
         <file>2806xRevB_FastSpinROMSymbols.lib</file>
         <name>TMS320x2806x_REVB_boot_rom_out__EST_updateId_ref_pu_tmp.obj</name>
      </input_file>
      <input_file id="fl-60">
         <path>D:\ti\motorware\motorware_1_01_00_16\sw\modules\fast\lib\32b\f28x\f2806x\</path>
         <kind>archive</kind>
         <file>2806xRevB_FastSpinROMSymbols.lib</file>
         <name>TMS320x2806x_REVB_boot_rom_out__EST_updateState_tmp.obj</name>
      </input_file>
      <input_file id="fl-61">
         <path>D:\ti\motorware\motorware_1_01_00_16\sw\modules\fast\lib\32b\f28x\f2806x\</path>
         <kind>archive</kind>
         <file>2806xRevB_FastSpinROMSymbols.lib</file>
         <name>TMS320x2806x_REVB_boot_rom_out__EST_useZeroIq_ref_tmp.obj</name>
      </input_file>
      <input_file id="fl-62">
         <path>D:\ti\motorware\motorware_1_01_00_16\sw\modules\iqmath\lib\f28x\32b\</path>
         <kind>archive</kind>
         <file>IQmath.lib</file>
         <name>IQ24cosPU.obj</name>
      </input_file>
      <input_file id="fl-63">
         <path>D:\ti\motorware\motorware_1_01_00_16\sw\modules\iqmath\lib\f28x\32b\</path>
         <kind>archive</kind>
         <file>IQmath.lib</file>
         <name>IQmathTables.obj</name>
      </input_file>
      <input_file id="fl-64">
         <path>D:\ti\motorware\motorware_1_01_00_16\sw\modules\iqmath\lib\f28x\32b\</path>
         <kind>archive</kind>
         <file>IQmath.lib</file>
         <name>IQ24sinPU.obj</name>
      </input_file>
      <input_file id="fl-65">
         <path>D:\ti\motorware\motorware_1_01_00_16\sw\modules\iqmath\lib\f28x\32b\</path>
         <kind>archive</kind>
         <file>IQmath.lib</file>
         <name>IQ24sqrt.obj</name>
      </input_file>
      <input_file id="fl-66">
         <path>D:\ti\motorware\motorware_1_01_00_16\sw\modules\iqmath\lib\f28x\32b\</path>
         <kind>archive</kind>
         <file>IQmath.lib</file>
         <name>IQ30toF.obj</name>
      </input_file>
      <input_file id="fl-67">
         <path>D:\ti\ccsv6\tools\compiler\c2000_6.2.7\lib\</path>
         <kind>archive</kind>
         <file>rts2800_ml.lib</file>
         <name>boot.obj</name>
      </input_file>
      <input_file id="fl-68">
         <path>D:\ti\ccsv6\tools\compiler\c2000_6.2.7\lib\</path>
         <kind>archive</kind>
         <file>rts2800_ml.lib</file>
         <name>args_main.obj</name>
      </input_file>
      <input_file id="fl-69">
         <path>D:\ti\ccsv6\tools\compiler\c2000_6.2.7\lib\</path>
         <kind>archive</kind>
         <file>rts2800_ml.lib</file>
         <name>exit.obj</name>
      </input_file>
      <input_file id="fl-6a">
         <path>D:\ti\ccsv6\tools\compiler\c2000_6.2.7\lib\</path>
         <kind>archive</kind>
         <file>rts2800_ml.lib</file>
         <name>_lock.obj</name>
      </input_file>
      <input_file id="fl-6b">
         <path>D:\ti\ccsv6\tools\compiler\c2000_6.2.7\lib\</path>
         <kind>archive</kind>
         <file>rts2800_ml.lib</file>
         <name>log.obj</name>
      </input_file>
      <input_file id="fl-6c">
         <path>D:\ti\ccsv6\tools\compiler\c2000_6.2.7\lib\</path>
         <kind>archive</kind>
         <file>rts2800_ml.lib</file>
         <name>errno.obj</name>
      </input_file>
      <input_file id="fl-6d">
         <path>D:\ti\ccsv6\tools\compiler\c2000_6.2.7\lib\</path>
         <kind>archive</kind>
         <file>rts2800_ml.lib</file>
         <name>frexp.obj</name>
      </input_file>
      <input_file id="fl-6e">
         <path>D:\ti\ccsv6\tools\compiler\c2000_6.2.7\lib\</path>
         <kind>archive</kind>
         <file>rts2800_ml.lib</file>
         <name>modf.obj</name>
      </input_file>
      <input_file id="fl-6f">
         <path>D:\ti\ccsv6\tools\compiler\c2000_6.2.7\lib\</path>
         <kind>archive</kind>
         <file>rts2800_ml.lib</file>
         <name>fs_tol.obj</name>
      </input_file>
      <input_file id="fl-70">
         <path>D:\ti\ccsv6\tools\compiler\c2000_6.2.7\lib\</path>
         <kind>archive</kind>
         <file>rts2800_ml.lib</file>
         <name>l_tofs.obj</name>
      </input_file>
      <input_file id="fl-71">
         <path>D:\ti\ccsv6\tools\compiler\c2000_6.2.7\lib\</path>
         <kind>archive</kind>
         <file>rts2800_ml.lib</file>
         <name>pow.obj</name>
      </input_file>
      <input_file id="fl-72">
         <path>D:\ti\ccsv6\tools\compiler\c2000_6.2.7\lib\</path>
         <kind>archive</kind>
         <file>rts2800_ml.lib</file>
         <name>i_div.obj</name>
      </input_file>
      <input_file id="fl-73">
         <path>D:\ti\ccsv6\tools\compiler\c2000_6.2.7\lib\</path>
         <kind>archive</kind>
         <file>rts2800_ml.lib</file>
         <name>_log.obj</name>
      </input_file>
      <input_file id="fl-74">
         <path>D:\ti\ccsv6\tools\compiler\c2000_6.2.7\lib\</path>
         <kind>archive</kind>
         <file>rts2800_ml.lib</file>
         <name>exp.obj</name>
      </input_file>
      <input_file id="fl-75">
         <path>D:\ti\ccsv6\tools\compiler\c2000_6.2.7\lib\</path>
         <kind>archive</kind>
         <file>rts2800_ml.lib</file>
         <name>ldexp.obj</name>
      </input_file>
      <input_file id="fl-76">
         <path>D:\ti\ccsv6\tools\compiler\c2000_6.2.7\lib\</path>
         <kind>archive</kind>
         <file>rts2800_ml.lib</file>
         <name>sqrt.obj</name>
      </input_file>
   </input_file_list>
   <object_component_list>
      <object_component id="oc-14">
         <name>codestart</name>
         <load_address>0x0</load_address>
         <run_address>0x0</run_address>
         <size>0x2</size>
         <input_file_ref idref="fl-5"/>
      </object_component>
      <object_component id="oc-121">
         <name>ramfuncs</name>
         <load_address>0xef</load_address>
         <run_address>0xef</run_address>
         <size>0x32</size>
         <input_file_ref idref="fl-c"/>
      </object_component>
      <object_component id="oc-80">
         <name>ramfuncs</name>
         <load_address>0x121</load_address>
         <run_address>0x121</run_address>
         <size>0x4</size>
         <input_file_ref idref="fl-1e"/>
      </object_component>
      <object_component id="oc-116">
         <name>.text</name>
         <load_address>0x8000</load_address>
         <run_address>0x8000</run_address>
         <size>0x97b</size>
         <input_file_ref idref="fl-f"/>
      </object_component>
      <object_component id="oc-112">
         <name>.text</name>
         <load_address>0x897b</load_address>
         <run_address>0x897b</run_address>
         <size>0x95d</size>
         <input_file_ref idref="fl-a"/>
      </object_component>
      <object_component id="oc-115">
         <name>.text</name>
         <load_address>0x92d8</load_address>
         <run_address>0x92d8</run_address>
         <size>0x48c</size>
         <input_file_ref idref="fl-1f"/>
      </object_component>
      <object_component id="oc-114">
         <name>.text</name>
         <load_address>0x9764</load_address>
         <run_address>0x9764</run_address>
         <size>0x32b</size>
         <input_file_ref idref="fl-17"/>
      </object_component>
      <object_component id="oc-11d">
         <name>.text</name>
         <load_address>0x9a8f</load_address>
         <run_address>0x9a8f</run_address>
         <size>0x2f0</size>
         <input_file_ref idref="fl-18"/>
      </object_component>
      <object_component id="oc-122">
         <name>.text</name>
         <load_address>0x9d7f</load_address>
         <run_address>0x9d7f</run_address>
         <size>0x1fb</size>
         <input_file_ref idref="fl-6"/>
      </object_component>
      <object_component id="oc-111">
         <name>.text</name>
         <load_address>0x9f7a</load_address>
         <run_address>0x9f7a</run_address>
         <size>0x193</size>
         <input_file_ref idref="fl-e"/>
      </object_component>
      <object_component id="oc-11e">
         <name>.text</name>
         <load_address>0xa10d</load_address>
         <run_address>0xa10d</run_address>
         <size>0x18a</size>
         <input_file_ref idref="fl-8"/>
      </object_component>
      <object_component id="oc-64">
         <name>.text:retain</name>
         <load_address>0xa297</load_address>
         <run_address>0xa297</run_address>
         <size>0x111</size>
         <input_file_ref idref="fl-17"/>
      </object_component>
      <object_component id="oc-120">
         <name>.text</name>
         <load_address>0xa3a8</load_address>
         <run_address>0xa3a8</run_address>
         <size>0x10e</size>
         <input_file_ref idref="fl-15"/>
      </object_component>
      <object_component id="oc-118">
         <name>.text</name>
         <load_address>0xa4b6</load_address>
         <run_address>0xa4b6</run_address>
         <size>0xaa</size>
         <input_file_ref idref="fl-6b"/>
      </object_component>
      <object_component id="oc-12b">
         <name>.text</name>
         <load_address>0xa560</load_address>
         <run_address>0xa560</run_address>
         <size>0x9d</size>
         <input_file_ref idref="fl-74"/>
      </object_component>
      <object_component id="oc-12a">
         <name>.text</name>
         <load_address>0xa5fd</load_address>
         <run_address>0xa5fd</run_address>
         <size>0x8d</size>
         <input_file_ref idref="fl-73"/>
      </object_component>
      <object_component id="oc-11a">
         <name>.text</name>
         <load_address>0xa68a</load_address>
         <run_address>0xa68a</run_address>
         <size>0x87</size>
         <input_file_ref idref="fl-71"/>
      </object_component>
      <object_component id="oc-8d">
         <name>.text</name>
         <load_address>0xa711</load_address>
         <run_address>0xa711</run_address>
         <size>0x83</size>
         <input_file_ref idref="fl-23"/>
      </object_component>
      <object_component id="oc-9d">
         <name>.text</name>
         <load_address>0xa794</load_address>
         <run_address>0xa794</run_address>
         <size>0x83</size>
         <input_file_ref idref="fl-27"/>
      </object_component>
      <object_component id="oc-95">
         <name>.text</name>
         <load_address>0xa817</load_address>
         <run_address>0xa817</run_address>
         <size>0x78</size>
         <input_file_ref idref="fl-25"/>
      </object_component>
      <object_component id="oc-11f">
         <name>.text</name>
         <load_address>0xa88f</load_address>
         <run_address>0xa88f</run_address>
         <size>0x5b</size>
         <input_file_ref idref="fl-16"/>
      </object_component>
      <object_component id="oc-a1">
         <name>.text</name>
         <load_address>0xa8ea</load_address>
         <run_address>0xa8ea</run_address>
         <size>0x5a</size>
         <input_file_ref idref="fl-28"/>
      </object_component>
      <object_component id="oc-11b">
         <name>.text</name>
         <load_address>0xa944</load_address>
         <run_address>0xa944</run_address>
         <size>0x50</size>
         <input_file_ref idref="fl-76"/>
      </object_component>
      <object_component id="oc-128">
         <name>.text</name>
         <load_address>0xa994</load_address>
         <run_address>0xa994</run_address>
         <size>0x47</size>
         <input_file_ref idref="fl-19"/>
      </object_component>
      <object_component id="oc-126">
         <name>.text</name>
         <load_address>0xa9db</load_address>
         <run_address>0xa9db</run_address>
         <size>0x46</size>
         <input_file_ref idref="fl-20"/>
      </object_component>
      <object_component id="oc-124">
         <name>.text</name>
         <load_address>0xaa21</load_address>
         <run_address>0xaa21</run_address>
         <size>0x45</size>
         <input_file_ref idref="fl-11"/>
      </object_component>
      <object_component id="oc-12">
         <name>.text</name>
         <load_address>0xaa66</load_address>
         <run_address>0xaa66</run_address>
         <size>0x44</size>
         <input_file_ref idref="fl-67"/>
      </object_component>
      <object_component id="oc-12c">
         <name>.text</name>
         <load_address>0xaaaa</load_address>
         <run_address>0xaaaa</run_address>
         <size>0x3f</size>
         <input_file_ref idref="fl-75"/>
      </object_component>
      <object_component id="oc-11c">
         <name>.text</name>
         <load_address>0xaae9</load_address>
         <run_address>0xaae9</run_address>
         <size>0x32</size>
         <input_file_ref idref="fl-1c"/>
      </object_component>
      <object_component id="oc-119">
         <name>.text</name>
         <load_address>0xab1b</load_address>
         <run_address>0xab1b</run_address>
         <size>0x31</size>
         <input_file_ref idref="fl-6e"/>
      </object_component>
      <object_component id="oc-123">
         <name>.text</name>
         <load_address>0xab4c</load_address>
         <run_address>0xab4c</run_address>
         <size>0x2d</size>
         <input_file_ref idref="fl-12"/>
      </object_component>
      <object_component id="oc-ef">
         <name>.text</name>
         <load_address>0xab79</load_address>
         <run_address>0xab79</run_address>
         <size>0x29</size>
         <input_file_ref idref="fl-6f"/>
      </object_component>
      <object_component id="oc-125">
         <name>.text</name>
         <load_address>0xaba2</load_address>
         <run_address>0xaba2</run_address>
         <size>0x27</size>
         <input_file_ref idref="fl-9"/>
      </object_component>
      <object_component id="oc-ad">
         <name>.text</name>
         <load_address>0xabc9</load_address>
         <run_address>0xabc9</run_address>
         <size>0x25</size>
         <input_file_ref idref="fl-2b"/>
      </object_component>
      <object_component id="oc-fb">
         <name>.text</name>
         <load_address>0xabee</load_address>
         <run_address>0xabee</run_address>
         <size>0x22</size>
         <input_file_ref idref="fl-72"/>
      </object_component>
      <object_component id="oc-12d">
         <name>.text</name>
         <load_address>0xac10</load_address>
         <run_address>0xac10</run_address>
         <size>0x21</size>
         <input_file_ref idref="fl-b"/>
      </object_component>
      <object_component id="oc-b5">
         <name>.text</name>
         <load_address>0xac31</load_address>
         <run_address>0xac31</run_address>
         <size>0x21</size>
         <input_file_ref idref="fl-2d"/>
      </object_component>
      <object_component id="oc-127">
         <name>.text</name>
         <load_address>0xac52</load_address>
         <run_address>0xac52</run_address>
         <size>0x20</size>
         <input_file_ref idref="fl-c"/>
      </object_component>
      <object_component id="oc-91">
         <name>.text</name>
         <load_address>0xac72</load_address>
         <run_address>0xac72</run_address>
         <size>0x1f</size>
         <input_file_ref idref="fl-24"/>
      </object_component>
      <object_component id="oc-b1">
         <name>.text</name>
         <load_address>0xac91</load_address>
         <run_address>0xac91</run_address>
         <size>0x1d</size>
         <input_file_ref idref="fl-2c"/>
      </object_component>
      <object_component id="oc-a9">
         <name>.text</name>
         <load_address>0xacae</load_address>
         <run_address>0xacae</run_address>
         <size>0x1c</size>
         <input_file_ref idref="fl-2a"/>
      </object_component>
      <object_component id="oc-b9">
         <name>.text</name>
         <load_address>0xacca</load_address>
         <run_address>0xacca</run_address>
         <size>0x1a</size>
         <input_file_ref idref="fl-2e"/>
      </object_component>
      <object_component id="oc-f3">
         <name>.text</name>
         <load_address>0xace4</load_address>
         <run_address>0xace4</run_address>
         <size>0x1a</size>
         <input_file_ref idref="fl-70"/>
      </object_component>
      <object_component id="oc-10f">
         <name>.text</name>
         <load_address>0xacfe</load_address>
         <run_address>0xacfe</run_address>
         <size>0x19</size>
         <input_file_ref idref="fl-68"/>
      </object_component>
      <object_component id="oc-110">
         <name>.text</name>
         <load_address>0xad17</load_address>
         <run_address>0xad17</run_address>
         <size>0x19</size>
         <input_file_ref idref="fl-69"/>
      </object_component>
      <object_component id="oc-99">
         <name>.text</name>
         <load_address>0xad30</load_address>
         <run_address>0xad30</run_address>
         <size>0x17</size>
         <input_file_ref idref="fl-26"/>
      </object_component>
      <object_component id="oc-129">
         <name>.text</name>
         <load_address>0xad47</load_address>
         <run_address>0xad47</run_address>
         <size>0x14</size>
         <input_file_ref idref="fl-6d"/>
      </object_component>
      <object_component id="oc-c1">
         <name>.text</name>
         <load_address>0xad5b</load_address>
         <run_address>0xad5b</run_address>
         <size>0x13</size>
         <input_file_ref idref="fl-30"/>
      </object_component>
      <object_component id="oc-bd">
         <name>.text</name>
         <load_address>0xad6e</load_address>
         <run_address>0xad6e</run_address>
         <size>0x10</size>
         <input_file_ref idref="fl-2f"/>
      </object_component>
      <object_component id="oc-113">
         <name>.text</name>
         <load_address>0xad7e</load_address>
         <run_address>0xad7e</run_address>
         <size>0x9</size>
         <input_file_ref idref="fl-6a"/>
      </object_component>
      <object_component id="oc-13">
         <name>.text</name>
         <load_address>0xad87</load_address>
         <run_address>0xad87</run_address>
         <size>0x8</size>
         <input_file_ref idref="fl-5"/>
      </object_component>
      <object_component id="oc-117">
         <name>.text</name>
         <load_address>0xad8f</load_address>
         <run_address>0xad8f</run_address>
         <size>0x6</size>
         <input_file_ref idref="fl-d"/>
      </object_component>
      <object_component id="oc-59">
         <name>.text:retain</name>
         <load_address>0xad95</load_address>
         <run_address>0xad95</run_address>
         <size>0x5</size>
         <input_file_ref idref="fl-15"/>
      </object_component>
      <object_component id="oc-a5">
         <name>.text</name>
         <load_address>0xad9a</load_address>
         <run_address>0xad9a</run_address>
         <size>0x5</size>
         <input_file_ref idref="fl-29"/>
      </object_component>
      <object_component id="oc-62">
         <name>.cinit</name>
         <load_address>0x50</load_address>
         <run_address>0x50</run_address>
         <size>0x85</size>
         <input_file_ref idref="fl-17"/>
      </object_component>
      <object_component id="oc-da">
         <name>.cinit</name>
         <load_address>0xd5</load_address>
         <run_address>0xd5</run_address>
         <size>0xa</size>
         <input_file_ref idref="fl-6a"/>
      </object_component>
      <object_component id="oc-d4">
         <name>.cinit</name>
         <load_address>0xdf</load_address>
         <run_address>0xdf</run_address>
         <size>0xa</size>
         <input_file_ref idref="fl-69"/>
      </object_component>
      <object_component id="oc-e4">
         <name>.cinit</name>
         <load_address>0xe9</load_address>
         <run_address>0xe9</run_address>
         <size>0x4</size>
         <input_file_ref idref="fl-6c"/>
      </object_component>
      <object_component id="oc-cb">
         <name>.reset</name>
         <load_address>0x3fffc0</load_address>
         <run_address>0x3fffc0</run_address>
         <size>0x2</size>
         <input_file_ref idref="fl-67"/>
      </object_component>
      <object_component id="oc-ca">
         <name>.stack</name>
         <uninitialized>true</uninitialized>
         <run_address>0x400</run_address>
         <size>0x0</size>
         <input_file_ref idref="fl-67"/>
      </object_component>
      <object_component id="oc-147">
         <name>.stack</name>
         <uninitialized>true</uninitialized>
         <run_address>0x400</run_address>
         <size>0x0</size>
      </object_component>
      <object_component id="oc-25">
         <name>.ebss</name>
         <uninitialized>true</uninitialized>
         <run_address>0xada8</run_address>
         <size>0x1</size>
         <input_file_ref idref="fl-9"/>
      </object_component>
      <object_component id="oc-3f">
         <name>.ebss</name>
         <uninitialized>true</uninitialized>
         <run_address>0xaf40</run_address>
         <size>0x9a</size>
         <input_file_ref idref="fl-f"/>
      </object_component>
      <object_component id="oc-63">
         <name>.ebss</name>
         <uninitialized>true</uninitialized>
         <run_address>0xadc0</run_address>
         <size>0x16c</size>
         <input_file_ref idref="fl-17"/>
      </object_component>
      <object_component id="oc-d5">
         <name>.ebss</name>
         <uninitialized>true</uninitialized>
         <run_address>0xada4</run_address>
         <size>0x4</size>
         <input_file_ref idref="fl-69"/>
      </object_component>
      <object_component id="oc-db">
         <name>.ebss</name>
         <uninitialized>true</uninitialized>
         <run_address>0xada0</run_address>
         <size>0x4</size>
         <input_file_ref idref="fl-6a"/>
      </object_component>
      <object_component id="oc-e5">
         <name>.ebss</name>
         <uninitialized>true</uninitialized>
         <run_address>0xada9</run_address>
         <size>0x1</size>
         <input_file_ref idref="fl-6c"/>
      </object_component>
      <object_component id="oc-2a">
         <name>.econst</name>
         <load_address>0xb080</load_address>
         <run_address>0xb080</run_address>
         <size>0x1c</size>
         <input_file_ref idref="fl-a"/>
      </object_component>
      <object_component id="oc-85">
         <name>.econst</name>
         <load_address>0xb09c</load_address>
         <run_address>0xb09c</run_address>
         <size>0x8</size>
         <input_file_ref idref="fl-1f"/>
      </object_component>
      <object_component id="oc-40">
         <name>.econst</name>
         <load_address>0xb0a4</load_address>
         <run_address>0xb0a4</run_address>
         <size>0x4</size>
         <input_file_ref idref="fl-f"/>
      </object_component>
      <object_component id="oc-c8">
         <name>IQmath</name>
         <load_address>0xafda</load_address>
         <run_address>0xafda</run_address>
         <size>0x42</size>
         <input_file_ref idref="fl-65"/>
      </object_component>
      <object_component id="oc-c7">
         <name>IQmath</name>
         <load_address>0xb01c</load_address>
         <run_address>0xb01c</run_address>
         <size>0x29</size>
         <input_file_ref idref="fl-64"/>
      </object_component>
      <object_component id="oc-c5">
         <name>IQmath</name>
         <load_address>0xb045</load_address>
         <run_address>0xb045</run_address>
         <size>0x27</size>
         <input_file_ref idref="fl-62"/>
      </object_component>
      <object_component id="oc-c9">
         <name>IQmath</name>
         <load_address>0xb06c</load_address>
         <run_address>0xb06c</run_address>
         <size>0x14</size>
         <input_file_ref idref="fl-66"/>
      </object_component>
      <object_component id="oc-c6">
         <name>IQmathTables</name>
         <load_address>0x3fdc30</load_address>
         <run_address>0x3fdc30</run_address>
         <size>0xb50</size>
         <input_file_ref idref="fl-63"/>
      </object_component>
      <object_component id="oc-15">
         <name>.debug_info</name>
         <load_address>0x0</load_address>
         <run_address>0x0</run_address>
         <size>0x228</size>
         <input_file_ref idref="fl-5"/>
      </object_component>
      <object_component id="oc-18">
         <name>.debug_info</name>
         <load_address>0x228</load_address>
         <run_address>0x228</run_address>
         <size>0x43b2</size>
         <input_file_ref idref="fl-6"/>
      </object_component>
      <object_component id="oc-1c">
         <name>.debug_info</name>
         <load_address>0x45da</load_address>
         <run_address>0x45da</run_address>
         <size>0x3fc</size>
         <input_file_ref idref="fl-7"/>
      </object_component>
      <object_component id="oc-20">
         <name>.debug_info</name>
         <load_address>0x49d6</load_address>
         <run_address>0x49d6</run_address>
         <size>0x4d67</size>
         <input_file_ref idref="fl-8"/>
      </object_component>
      <object_component id="oc-24">
         <name>.debug_info</name>
         <load_address>0x973d</load_address>
         <run_address>0x973d</run_address>
         <size>0x1056</size>
         <input_file_ref idref="fl-9"/>
      </object_component>
      <object_component id="oc-29">
         <name>.debug_info</name>
         <load_address>0xa793</load_address>
         <run_address>0xa793</run_address>
         <size>0x92cb</size>
         <input_file_ref idref="fl-a"/>
      </object_component>
      <object_component id="oc-2e">
         <name>.debug_info</name>
         <load_address>0x13a5e</load_address>
         <run_address>0x13a5e</run_address>
         <size>0xccf</size>
         <input_file_ref idref="fl-b"/>
      </object_component>
      <object_component id="oc-32">
         <name>.debug_info</name>
         <load_address>0x1472d</load_address>
         <run_address>0x1472d</run_address>
         <size>0x202d</size>
         <input_file_ref idref="fl-c"/>
      </object_component>
      <object_component id="oc-36">
         <name>.debug_info</name>
         <load_address>0x1675a</load_address>
         <run_address>0x1675a</run_address>
         <size>0x5d7</size>
         <input_file_ref idref="fl-d"/>
      </object_component>
      <object_component id="oc-3a">
         <name>.debug_info</name>
         <load_address>0x16d31</load_address>
         <run_address>0x16d31</run_address>
         <size>0x36ea</size>
         <input_file_ref idref="fl-e"/>
      </object_component>
      <object_component id="oc-3e">
         <name>.debug_info</name>
         <load_address>0x1a41b</load_address>
         <run_address>0x1a41b</run_address>
         <size>0xf2a3</size>
         <input_file_ref idref="fl-f"/>
      </object_component>
      <object_component id="oc-44">
         <name>.debug_info</name>
         <load_address>0x296be</load_address>
         <run_address>0x296be</run_address>
         <size>0x3ab</size>
         <input_file_ref idref="fl-10"/>
      </object_component>
      <object_component id="oc-48">
         <name>.debug_info</name>
         <load_address>0x29a69</load_address>
         <run_address>0x29a69</run_address>
         <size>0xc38</size>
         <input_file_ref idref="fl-11"/>
      </object_component>
      <object_component id="oc-4c">
         <name>.debug_info</name>
         <load_address>0x2a6a1</load_address>
         <run_address>0x2a6a1</run_address>
         <size>0xa06</size>
         <input_file_ref idref="fl-12"/>
      </object_component>
      <object_component id="oc-50">
         <name>.debug_info</name>
         <load_address>0x2b0a7</load_address>
         <run_address>0x2b0a7</run_address>
         <size>0x3a7</size>
         <input_file_ref idref="fl-13"/>
      </object_component>
      <object_component id="oc-54">
         <name>.debug_info</name>
         <load_address>0x2b44e</load_address>
         <run_address>0x2b44e</run_address>
         <size>0x431</size>
         <input_file_ref idref="fl-14"/>
      </object_component>
      <object_component id="oc-58">
         <name>.debug_info</name>
         <load_address>0x2b87f</load_address>
         <run_address>0x2b87f</run_address>
         <size>0x46b7</size>
         <input_file_ref idref="fl-15"/>
      </object_component>
      <object_component id="oc-5d">
         <name>.debug_info</name>
         <load_address>0x2ff36</load_address>
         <run_address>0x2ff36</run_address>
         <size>0x1a01</size>
         <input_file_ref idref="fl-16"/>
      </object_component>
      <object_component id="oc-61">
         <name>.debug_info</name>
         <load_address>0x31937</load_address>
         <run_address>0x31937</run_address>
         <size>0x835a</size>
         <input_file_ref idref="fl-17"/>
      </object_component>
      <object_component id="oc-68">
         <name>.debug_info</name>
         <load_address>0x39c91</load_address>
         <run_address>0x39c91</run_address>
         <size>0xafaf</size>
         <input_file_ref idref="fl-18"/>
      </object_component>
      <object_component id="oc-6c">
         <name>.debug_info</name>
         <load_address>0x44c40</load_address>
         <run_address>0x44c40</run_address>
         <size>0x135f</size>
         <input_file_ref idref="fl-19"/>
      </object_component>
      <object_component id="oc-70">
         <name>.debug_info</name>
         <load_address>0x45f9f</load_address>
         <run_address>0x45f9f</run_address>
         <size>0x3a5</size>
         <input_file_ref idref="fl-1a"/>
      </object_component>
      <object_component id="oc-74">
         <name>.debug_info</name>
         <load_address>0x46344</load_address>
         <run_address>0x46344</run_address>
         <size>0x44a</size>
         <input_file_ref idref="fl-1b"/>
      </object_component>
      <object_component id="oc-78">
         <name>.debug_info</name>
         <load_address>0x4678e</load_address>
         <run_address>0x4678e</run_address>
         <size>0xeed</size>
         <input_file_ref idref="fl-1c"/>
      </object_component>
      <object_component id="oc-7c">
         <name>.debug_info</name>
         <load_address>0x4767b</load_address>
         <run_address>0x4767b</run_address>
         <size>0x40d</size>
         <input_file_ref idref="fl-1d"/>
      </object_component>
      <object_component id="oc-81">
         <name>.debug_info</name>
         <load_address>0x47a88</load_address>
         <run_address>0x47a88</run_address>
         <size>0x1a8</size>
         <input_file_ref idref="fl-1e"/>
      </object_component>
      <object_component id="oc-84">
         <name>.debug_info</name>
         <load_address>0x47c30</load_address>
         <run_address>0x47c30</run_address>
         <size>0x49bc</size>
         <input_file_ref idref="fl-1f"/>
      </object_component>
      <object_component id="oc-89">
         <name>.debug_info</name>
         <load_address>0x4c5ec</load_address>
         <run_address>0x4c5ec</run_address>
         <size>0x128f</size>
         <input_file_ref idref="fl-20"/>
      </object_component>
      <object_component id="oc-8e">
         <name>.debug_info</name>
         <load_address>0x4d87b</load_address>
         <run_address>0x4d87b</run_address>
         <size>0xc0</size>
         <input_file_ref idref="fl-23"/>
      </object_component>
      <object_component id="oc-92">
         <name>.debug_info</name>
         <load_address>0x4d93b</load_address>
         <run_address>0x4d93b</run_address>
         <size>0xc0</size>
         <input_file_ref idref="fl-24"/>
      </object_component>
      <object_component id="oc-96">
         <name>.debug_info</name>
         <load_address>0x4d9fb</load_address>
         <run_address>0x4d9fb</run_address>
         <size>0xc0</size>
         <input_file_ref idref="fl-25"/>
      </object_component>
      <object_component id="oc-9a">
         <name>.debug_info</name>
         <load_address>0x4dabb</load_address>
         <run_address>0x4dabb</run_address>
         <size>0xc0</size>
         <input_file_ref idref="fl-26"/>
      </object_component>
      <object_component id="oc-9e">
         <name>.debug_info</name>
         <load_address>0x4db7b</load_address>
         <run_address>0x4db7b</run_address>
         <size>0xc0</size>
         <input_file_ref idref="fl-27"/>
      </object_component>
      <object_component id="oc-a2">
         <name>.debug_info</name>
         <load_address>0x4dc3b</load_address>
         <run_address>0x4dc3b</run_address>
         <size>0xc0</size>
         <input_file_ref idref="fl-28"/>
      </object_component>
      <object_component id="oc-a6">
         <name>.debug_info</name>
         <load_address>0x4dcfb</load_address>
         <run_address>0x4dcfb</run_address>
         <size>0xc0</size>
         <input_file_ref idref="fl-29"/>
      </object_component>
      <object_component id="oc-aa">
         <name>.debug_info</name>
         <load_address>0x4ddbb</load_address>
         <run_address>0x4ddbb</run_address>
         <size>0xc3</size>
         <input_file_ref idref="fl-2a"/>
      </object_component>
      <object_component id="oc-ae">
         <name>.debug_info</name>
         <load_address>0x4de7e</load_address>
         <run_address>0x4de7e</run_address>
         <size>0xcc</size>
         <input_file_ref idref="fl-2b"/>
      </object_component>
      <object_component id="oc-b2">
         <name>.debug_info</name>
         <load_address>0x4df4a</load_address>
         <run_address>0x4df4a</run_address>
         <size>0xcc</size>
         <input_file_ref idref="fl-2c"/>
      </object_component>
      <object_component id="oc-b6">
         <name>.debug_info</name>
         <load_address>0x4e016</load_address>
         <run_address>0x4e016</run_address>
         <size>0xcf</size>
         <input_file_ref idref="fl-2d"/>
      </object_component>
      <object_component id="oc-ba">
         <name>.debug_info</name>
         <load_address>0x4e0e5</load_address>
         <run_address>0x4e0e5</run_address>
         <size>0xc6</size>
         <input_file_ref idref="fl-2e"/>
      </object_component>
      <object_component id="oc-be">
         <name>.debug_info</name>
         <load_address>0x4e1ab</load_address>
         <run_address>0x4e1ab</run_address>
         <size>0xc0</size>
         <input_file_ref idref="fl-2f"/>
      </object_component>
      <object_component id="oc-c2">
         <name>.debug_info</name>
         <load_address>0x4e26b</load_address>
         <run_address>0x4e26b</run_address>
         <size>0xc3</size>
         <input_file_ref idref="fl-30"/>
      </object_component>
      <object_component id="oc-cc">
         <name>.debug_info</name>
         <load_address>0x4e32e</load_address>
         <run_address>0x4e32e</run_address>
         <size>0xde</size>
         <input_file_ref idref="fl-67"/>
      </object_component>
      <object_component id="oc-cf">
         <name>.debug_info</name>
         <load_address>0x4e40c</load_address>
         <run_address>0x4e40c</run_address>
         <size>0x3bd</size>
         <input_file_ref idref="fl-68"/>
      </object_component>
      <object_component id="oc-d3">
         <name>.debug_info</name>
         <load_address>0x4e7c9</load_address>
         <run_address>0x4e7c9</run_address>
         <size>0x3d6</size>
         <input_file_ref idref="fl-69"/>
      </object_component>
      <object_component id="oc-d9">
         <name>.debug_info</name>
         <load_address>0x4eb9f</load_address>
         <run_address>0x4eb9f</run_address>
         <size>0x3fc</size>
         <input_file_ref idref="fl-6a"/>
      </object_component>
      <object_component id="oc-df">
         <name>.debug_info</name>
         <load_address>0x4ef9b</load_address>
         <run_address>0x4ef9b</run_address>
         <size>0x47d</size>
         <input_file_ref idref="fl-6b"/>
      </object_component>
      <object_component id="oc-e3">
         <name>.debug_info</name>
         <load_address>0x4f418</load_address>
         <run_address>0x4f418</run_address>
         <size>0x2a3</size>
         <input_file_ref idref="fl-6c"/>
      </object_component>
      <object_component id="oc-e7">
         <name>.debug_info</name>
         <load_address>0x4f6bb</load_address>
         <run_address>0x4f6bb</run_address>
         <size>0x31f</size>
         <input_file_ref idref="fl-6d"/>
      </object_component>
      <object_component id="oc-eb">
         <name>.debug_info</name>
         <load_address>0x4f9da</load_address>
         <run_address>0x4f9da</run_address>
         <size>0x37b</size>
         <input_file_ref idref="fl-6e"/>
      </object_component>
      <object_component id="oc-f0">
         <name>.debug_info</name>
         <load_address>0x4fd55</load_address>
         <run_address>0x4fd55</run_address>
         <size>0xcc</size>
         <input_file_ref idref="fl-6f"/>
      </object_component>
      <object_component id="oc-f4">
         <name>.debug_info</name>
         <load_address>0x4fe21</load_address>
         <run_address>0x4fe21</run_address>
         <size>0xc6</size>
         <input_file_ref idref="fl-70"/>
      </object_component>
      <object_component id="oc-f7">
         <name>.debug_info</name>
         <load_address>0x4fee7</load_address>
         <run_address>0x4fee7</run_address>
         <size>0x44d</size>
         <input_file_ref idref="fl-71"/>
      </object_component>
      <object_component id="oc-fc">
         <name>.debug_info</name>
         <load_address>0x50334</load_address>
         <run_address>0x50334</run_address>
         <size>0xeb</size>
         <input_file_ref idref="fl-72"/>
      </object_component>
      <object_component id="oc-ff">
         <name>.debug_info</name>
         <load_address>0x5041f</load_address>
         <run_address>0x5041f</run_address>
         <size>0x452</size>
         <input_file_ref idref="fl-73"/>
      </object_component>
      <object_component id="oc-103">
         <name>.debug_info</name>
         <load_address>0x50871</load_address>
         <run_address>0x50871</run_address>
         <size>0x450</size>
         <input_file_ref idref="fl-74"/>
      </object_component>
      <object_component id="oc-107">
         <name>.debug_info</name>
         <load_address>0x50cc1</load_address>
         <run_address>0x50cc1</run_address>
         <size>0x34b</size>
         <input_file_ref idref="fl-75"/>
      </object_component>
      <object_component id="oc-10b">
         <name>.debug_info</name>
         <load_address>0x5100c</load_address>
         <run_address>0x5100c</run_address>
         <size>0x398</size>
         <input_file_ref idref="fl-76"/>
      </object_component>
      <object_component id="oc-148">
         <name>.debug_info</name>
         <load_address>0x513a4</load_address>
         <run_address>0x513a4</run_address>
         <size>0x6f</size>
      </object_component>
      <object_component id="oc-16">
         <name>.debug_line</name>
         <load_address>0x0</load_address>
         <run_address>0x0</run_address>
         <size>0x9d</size>
         <input_file_ref idref="fl-5"/>
      </object_component>
      <object_component id="oc-1a">
         <name>.debug_line</name>
         <load_address>0x9d</load_address>
         <run_address>0x9d</run_address>
         <size>0x35c</size>
         <input_file_ref idref="fl-6"/>
      </object_component>
      <object_component id="oc-1e">
         <name>.debug_line</name>
         <load_address>0x3f9</load_address>
         <run_address>0x3f9</run_address>
         <size>0x65</size>
         <input_file_ref idref="fl-7"/>
      </object_component>
      <object_component id="oc-22">
         <name>.debug_line</name>
         <load_address>0x45e</load_address>
         <run_address>0x45e</run_address>
         <size>0x583</size>
         <input_file_ref idref="fl-8"/>
      </object_component>
      <object_component id="oc-27">
         <name>.debug_line</name>
         <load_address>0x9e1</load_address>
         <run_address>0x9e1</run_address>
         <size>0x14a</size>
         <input_file_ref idref="fl-9"/>
      </object_component>
      <object_component id="oc-2c">
         <name>.debug_line</name>
         <load_address>0xb2b</load_address>
         <run_address>0xb2b</run_address>
         <size>0x1549</size>
         <input_file_ref idref="fl-a"/>
      </object_component>
      <object_component id="oc-30">
         <name>.debug_line</name>
         <load_address>0x2074</load_address>
         <run_address>0x2074</run_address>
         <size>0x108</size>
         <input_file_ref idref="fl-b"/>
      </object_component>
      <object_component id="oc-34">
         <name>.debug_line</name>
         <load_address>0x217c</load_address>
         <run_address>0x217c</run_address>
         <size>0x1d2</size>
         <input_file_ref idref="fl-c"/>
      </object_component>
      <object_component id="oc-38">
         <name>.debug_line</name>
         <load_address>0x234e</load_address>
         <run_address>0x234e</run_address>
         <size>0x72</size>
         <input_file_ref idref="fl-d"/>
      </object_component>
      <object_component id="oc-3c">
         <name>.debug_line</name>
         <load_address>0x23c0</load_address>
         <run_address>0x23c0</run_address>
         <size>0x2a5</size>
         <input_file_ref idref="fl-e"/>
      </object_component>
      <object_component id="oc-42">
         <name>.debug_line</name>
         <load_address>0x2665</load_address>
         <run_address>0x2665</run_address>
         <size>0xbf4</size>
         <input_file_ref idref="fl-f"/>
      </object_component>
      <object_component id="oc-46">
         <name>.debug_line</name>
         <load_address>0x3259</load_address>
         <run_address>0x3259</run_address>
         <size>0x63</size>
         <input_file_ref idref="fl-10"/>
      </object_component>
      <object_component id="oc-4a">
         <name>.debug_line</name>
         <load_address>0x32bc</load_address>
         <run_address>0x32bc</run_address>
         <size>0xee</size>
         <input_file_ref idref="fl-11"/>
      </object_component>
      <object_component id="oc-4e">
         <name>.debug_line</name>
         <load_address>0x33aa</load_address>
         <run_address>0x33aa</run_address>
         <size>0xd2</size>
         <input_file_ref idref="fl-12"/>
      </object_component>
      <object_component id="oc-52">
         <name>.debug_line</name>
         <load_address>0x347c</load_address>
         <run_address>0x347c</run_address>
         <size>0x61</size>
         <input_file_ref idref="fl-13"/>
      </object_component>
      <object_component id="oc-56">
         <name>.debug_line</name>
         <load_address>0x34dd</load_address>
         <run_address>0x34dd</run_address>
         <size>0xa4</size>
         <input_file_ref idref="fl-14"/>
      </object_component>
      <object_component id="oc-5b">
         <name>.debug_line</name>
         <load_address>0x3581</load_address>
         <run_address>0x3581</run_address>
         <size>0x32d</size>
         <input_file_ref idref="fl-15"/>
      </object_component>
      <object_component id="oc-5f">
         <name>.debug_line</name>
         <load_address>0x38ae</load_address>
         <run_address>0x38ae</run_address>
         <size>0x1e1</size>
         <input_file_ref idref="fl-16"/>
      </object_component>
      <object_component id="oc-66">
         <name>.debug_line</name>
         <load_address>0x3a8f</load_address>
         <run_address>0x3a8f</run_address>
         <size>0xa5f</size>
         <input_file_ref idref="fl-17"/>
      </object_component>
      <object_component id="oc-6a">
         <name>.debug_line</name>
         <load_address>0x44ee</load_address>
         <run_address>0x44ee</run_address>
         <size>0xa35</size>
         <input_file_ref idref="fl-18"/>
      </object_component>
      <object_component id="oc-6e">
         <name>.debug_line</name>
         <load_address>0x4f23</load_address>
         <run_address>0x4f23</run_address>
         <size>0x106</size>
         <input_file_ref idref="fl-19"/>
      </object_component>
      <object_component id="oc-72">
         <name>.debug_line</name>
         <load_address>0x5029</load_address>
         <run_address>0x5029</run_address>
         <size>0x63</size>
         <input_file_ref idref="fl-1a"/>
      </object_component>
      <object_component id="oc-76">
         <name>.debug_line</name>
         <load_address>0x508c</load_address>
         <run_address>0x508c</run_address>
         <size>0x6b</size>
         <input_file_ref idref="fl-1b"/>
      </object_component>
      <object_component id="oc-7a">
         <name>.debug_line</name>
         <load_address>0x50f7</load_address>
         <run_address>0x50f7</run_address>
         <size>0x11f</size>
         <input_file_ref idref="fl-1c"/>
      </object_component>
      <object_component id="oc-7e">
         <name>.debug_line</name>
         <load_address>0x5216</load_address>
         <run_address>0x5216</run_address>
         <size>0x61</size>
         <input_file_ref idref="fl-1d"/>
      </object_component>
      <object_component id="oc-82">
         <name>.debug_line</name>
         <load_address>0x5277</load_address>
         <run_address>0x5277</run_address>
         <size>0x7e</size>
         <input_file_ref idref="fl-1e"/>
      </object_component>
      <object_component id="oc-87">
         <name>.debug_line</name>
         <load_address>0x52f5</load_address>
         <run_address>0x52f5</run_address>
         <size>0x472</size>
         <input_file_ref idref="fl-1f"/>
      </object_component>
      <object_component id="oc-8b">
         <name>.debug_line</name>
         <load_address>0x5767</load_address>
         <run_address>0x5767</run_address>
         <size>0x169</size>
         <input_file_ref idref="fl-20"/>
      </object_component>
      <object_component id="oc-8f">
         <name>.debug_line</name>
         <load_address>0x58d0</load_address>
         <run_address>0x58d0</run_address>
         <size>0x9f</size>
         <input_file_ref idref="fl-23"/>
      </object_component>
      <object_component id="oc-93">
         <name>.debug_line</name>
         <load_address>0x596f</load_address>
         <run_address>0x596f</run_address>
         <size>0x55</size>
         <input_file_ref idref="fl-24"/>
      </object_component>
      <object_component id="oc-97">
         <name>.debug_line</name>
         <load_address>0x59c4</load_address>
         <run_address>0x59c4</run_address>
         <size>0xa6</size>
         <input_file_ref idref="fl-25"/>
      </object_component>
      <object_component id="oc-9b">
         <name>.debug_line</name>
         <load_address>0x5a6a</load_address>
         <run_address>0x5a6a</run_address>
         <size>0x4f</size>
         <input_file_ref idref="fl-26"/>
      </object_component>
      <object_component id="oc-9f">
         <name>.debug_line</name>
         <load_address>0x5ab9</load_address>
         <run_address>0x5ab9</run_address>
         <size>0xa8</size>
         <input_file_ref idref="fl-27"/>
      </object_component>
      <object_component id="oc-a3">
         <name>.debug_line</name>
         <load_address>0x5b61</load_address>
         <run_address>0x5b61</run_address>
         <size>0x8a</size>
         <input_file_ref idref="fl-28"/>
      </object_component>
      <object_component id="oc-a7">
         <name>.debug_line</name>
         <load_address>0x5beb</load_address>
         <run_address>0x5beb</run_address>
         <size>0x3e</size>
         <input_file_ref idref="fl-29"/>
      </object_component>
      <object_component id="oc-ab">
         <name>.debug_line</name>
         <load_address>0x5c29</load_address>
         <run_address>0x5c29</run_address>
         <size>0x53</size>
         <input_file_ref idref="fl-2a"/>
      </object_component>
      <object_component id="oc-af">
         <name>.debug_line</name>
         <load_address>0x5c7c</load_address>
         <run_address>0x5c7c</run_address>
         <size>0x5b</size>
         <input_file_ref idref="fl-2b"/>
      </object_component>
      <object_component id="oc-b3">
         <name>.debug_line</name>
         <load_address>0x5cd7</load_address>
         <run_address>0x5cd7</run_address>
         <size>0x53</size>
         <input_file_ref idref="fl-2c"/>
      </object_component>
      <object_component id="oc-b7">
         <name>.debug_line</name>
         <load_address>0x5d2a</load_address>
         <run_address>0x5d2a</run_address>
         <size>0x56</size>
         <input_file_ref idref="fl-2d"/>
      </object_component>
      <object_component id="oc-bb">
         <name>.debug_line</name>
         <load_address>0x5d80</load_address>
         <run_address>0x5d80</run_address>
         <size>0x4f</size>
         <input_file_ref idref="fl-2e"/>
      </object_component>
      <object_component id="oc-bf">
         <name>.debug_line</name>
         <load_address>0x5dcf</load_address>
         <run_address>0x5dcf</run_address>
         <size>0x46</size>
         <input_file_ref idref="fl-2f"/>
      </object_component>
      <object_component id="oc-c3">
         <name>.debug_line</name>
         <load_address>0x5e15</load_address>
         <run_address>0x5e15</run_address>
         <size>0x4c</size>
         <input_file_ref idref="fl-30"/>
      </object_component>
      <object_component id="oc-cd">
         <name>.debug_line</name>
         <load_address>0x5e61</load_address>
         <run_address>0x5e61</run_address>
         <size>0x70</size>
         <input_file_ref idref="fl-67"/>
      </object_component>
      <object_component id="oc-d1">
         <name>.debug_line</name>
         <load_address>0x5ed1</load_address>
         <run_address>0x5ed1</run_address>
         <size>0x56</size>
         <input_file_ref idref="fl-68"/>
      </object_component>
      <object_component id="oc-d7">
         <name>.debug_line</name>
         <load_address>0x5f27</load_address>
         <run_address>0x5f27</run_address>
         <size>0x5a</size>
         <input_file_ref idref="fl-69"/>
      </object_component>
      <object_component id="oc-dd">
         <name>.debug_line</name>
         <load_address>0x5f81</load_address>
         <run_address>0x5f81</run_address>
         <size>0x5b</size>
         <input_file_ref idref="fl-6a"/>
      </object_component>
      <object_component id="oc-e1">
         <name>.debug_line</name>
         <load_address>0x5fdc</load_address>
         <run_address>0x5fdc</run_address>
         <size>0x56</size>
         <input_file_ref idref="fl-6b"/>
      </object_component>
      <object_component id="oc-e9">
         <name>.debug_line</name>
         <load_address>0x6032</load_address>
         <run_address>0x6032</run_address>
         <size>0x41</size>
         <input_file_ref idref="fl-6d"/>
      </object_component>
      <object_component id="oc-ed">
         <name>.debug_line</name>
         <load_address>0x6073</load_address>
         <run_address>0x6073</run_address>
         <size>0x43</size>
         <input_file_ref idref="fl-6e"/>
      </object_component>
      <object_component id="oc-f1">
         <name>.debug_line</name>
         <load_address>0x60b6</load_address>
         <run_address>0x60b6</run_address>
         <size>0x5d</size>
         <input_file_ref idref="fl-6f"/>
      </object_component>
      <object_component id="oc-f5">
         <name>.debug_line</name>
         <load_address>0x6113</load_address>
         <run_address>0x6113</run_address>
         <size>0x50</size>
         <input_file_ref idref="fl-70"/>
      </object_component>
      <object_component id="oc-f9">
         <name>.debug_line</name>
         <load_address>0x6163</load_address>
         <run_address>0x6163</run_address>
         <size>0x70</size>
         <input_file_ref idref="fl-71"/>
      </object_component>
      <object_component id="oc-fd">
         <name>.debug_line</name>
         <load_address>0x61d3</load_address>
         <run_address>0x61d3</run_address>
         <size>0x66</size>
         <input_file_ref idref="fl-72"/>
      </object_component>
      <object_component id="oc-101">
         <name>.debug_line</name>
         <load_address>0x6239</load_address>
         <run_address>0x6239</run_address>
         <size>0x50</size>
         <input_file_ref idref="fl-73"/>
      </object_component>
      <object_component id="oc-105">
         <name>.debug_line</name>
         <load_address>0x6289</load_address>
         <run_address>0x6289</run_address>
         <size>0x4b</size>
         <input_file_ref idref="fl-74"/>
      </object_component>
      <object_component id="oc-109">
         <name>.debug_line</name>
         <load_address>0x62d4</load_address>
         <run_address>0x62d4</run_address>
         <size>0x48</size>
         <input_file_ref idref="fl-75"/>
      </object_component>
      <object_component id="oc-10d">
         <name>.debug_line</name>
         <load_address>0x631c</load_address>
         <run_address>0x631c</run_address>
         <size>0x54</size>
         <input_file_ref idref="fl-76"/>
      </object_component>
      <object_component id="oc-17">
         <name>.debug_abbrev</name>
         <load_address>0x0</load_address>
         <run_address>0x0</run_address>
         <size>0x20</size>
         <input_file_ref idref="fl-5"/>
      </object_component>
      <object_component id="oc-1b">
         <name>.debug_abbrev</name>
         <load_address>0x20</load_address>
         <run_address>0x20</run_address>
         <size>0x17a</size>
         <input_file_ref idref="fl-6"/>
      </object_component>
      <object_component id="oc-1f">
         <name>.debug_abbrev</name>
         <load_address>0x19a</load_address>
         <run_address>0x19a</run_address>
         <size>0xbc</size>
         <input_file_ref idref="fl-7"/>
      </object_component>
      <object_component id="oc-23">
         <name>.debug_abbrev</name>
         <load_address>0x256</load_address>
         <run_address>0x256</run_address>
         <size>0x15d</size>
         <input_file_ref idref="fl-8"/>
      </object_component>
      <object_component id="oc-28">
         <name>.debug_abbrev</name>
         <load_address>0x3b3</load_address>
         <run_address>0x3b3</run_address>
         <size>0x10a</size>
         <input_file_ref idref="fl-9"/>
      </object_component>
      <object_component id="oc-2d">
         <name>.debug_abbrev</name>
         <load_address>0x4bd</load_address>
         <run_address>0x4bd</run_address>
         <size>0x1f3</size>
         <input_file_ref idref="fl-a"/>
      </object_component>
      <object_component id="oc-31">
         <name>.debug_abbrev</name>
         <load_address>0x6b0</load_address>
         <run_address>0x6b0</run_address>
         <size>0xea</size>
         <input_file_ref idref="fl-b"/>
      </object_component>
      <object_component id="oc-35">
         <name>.debug_abbrev</name>
         <load_address>0x79a</load_address>
         <run_address>0x79a</run_address>
         <size>0x14b</size>
         <input_file_ref idref="fl-c"/>
      </object_component>
      <object_component id="oc-39">
         <name>.debug_abbrev</name>
         <load_address>0x8e5</load_address>
         <run_address>0x8e5</run_address>
         <size>0xbc</size>
         <input_file_ref idref="fl-d"/>
      </object_component>
      <object_component id="oc-3d">
         <name>.debug_abbrev</name>
         <load_address>0x9a1</load_address>
         <run_address>0x9a1</run_address>
         <size>0x154</size>
         <input_file_ref idref="fl-e"/>
      </object_component>
      <object_component id="oc-43">
         <name>.debug_abbrev</name>
         <load_address>0xaf5</load_address>
         <run_address>0xaf5</run_address>
         <size>0x21a</size>
         <input_file_ref idref="fl-f"/>
      </object_component>
      <object_component id="oc-47">
         <name>.debug_abbrev</name>
         <load_address>0xd0f</load_address>
         <run_address>0xd0f</run_address>
         <size>0xbc</size>
         <input_file_ref idref="fl-10"/>
      </object_component>
      <object_component id="oc-4b">
         <name>.debug_abbrev</name>
         <load_address>0xdcb</load_address>
         <run_address>0xdcb</run_address>
         <size>0x11d</size>
         <input_file_ref idref="fl-11"/>
      </object_component>
      <object_component id="oc-4f">
         <name>.debug_abbrev</name>
         <load_address>0xee8</load_address>
         <run_address>0xee8</run_address>
         <size>0xf8</size>
         <input_file_ref idref="fl-12"/>
      </object_component>
      <object_component id="oc-53">
         <name>.debug_abbrev</name>
         <load_address>0xfe0</load_address>
         <run_address>0xfe0</run_address>
         <size>0xbc</size>
         <input_file_ref idref="fl-13"/>
      </object_component>
      <object_component id="oc-57">
         <name>.debug_abbrev</name>
         <load_address>0x109c</load_address>
         <run_address>0x109c</run_address>
         <size>0xbc</size>
         <input_file_ref idref="fl-14"/>
      </object_component>
      <object_component id="oc-5c">
         <name>.debug_abbrev</name>
         <load_address>0x1158</load_address>
         <run_address>0x1158</run_address>
         <size>0x179</size>
[...]
      </symbol>
      <symbol id="sm-418">
         <name>FS$$CMP</name>
         <value>0xad30</value>
         <object_component_ref idref="oc-99"/>
      </symbol>
      <symbol id="sm-425">
         <name>FS$$DIV</name>
         <value>0xa794</value>
         <object_component_ref idref="oc-9d"/>
      </symbol>
      <symbol id="sm-432">
         <name>FS$$MPY</name>
         <value>0xa8ea</value>
         <object_component_ref idref="oc-a1"/>
      </symbol>
      <symbol id="sm-43b">
         <name>FS$$NEG</name>
         <value>0xad9a</value>
         <object_component_ref idref="oc-a5"/>
      </symbol>
      <symbol id="sm-447">
         <name>FS$$TOFD</name>
         <value>0xacae</value>
         <object_component_ref idref="oc-a9"/>
      </symbol>
      <symbol id="sm-454">
         <name>FS$$TOI</name>
         <value>0xabc9</value>
         <object_component_ref idref="oc-ad"/>
      </symbol>
      <symbol id="sm-461">
         <name>FS$$TOU</name>
         <value>0xac91</value>
         <object_component_ref idref="oc-b1"/>
      </symbol>
      <symbol id="sm-46e">
         <name>FS$$TOUL</name>
         <value>0xac31</value>
         <object_component_ref idref="oc-b5"/>
      </symbol>
      <symbol id="sm-479">
         <name>I$$TOFS</name>
         <value>0xacca</value>
         <object_component_ref idref="oc-b9"/>
      </symbol>
      <symbol id="sm-483">
         <name>U$$TOFS</name>
         <value>0xad6e</value>
         <object_component_ref idref="oc-bd"/>
      </symbol>
      <symbol id="sm-48f">
         <name>UL$$TOFS</name>
         <value>0xad5b</value>
         <object_component_ref idref="oc-c1"/>
      </symbol>
      <symbol id="sm-491">
         <name>_CTRL_getVersion</name>
         <value>0x3fa721</value>
      </symbol>
      <symbol id="sm-493">
         <name>_CTRL_initCtrl</name>
         <value>0x3fa6fb</value>
      </symbol>
      <symbol id="sm-495">
         <name>_CTRL_runTraj</name>
         <value>0x3fa5d1</value>
      </symbol>
      <symbol id="sm-497">
         <name>_CTRL_setEstParams</name>
         <value>0x3f9e64</value>
      </symbol>
      <symbol id="sm-499">
         <name>_CTRL_setUserMotorParams</name>
         <value>0x3f9d31</value>
      </symbol>
      <symbol id="sm-49b">
         <name>_CTRL_setupCtrl</name>
         <value>0x3f9b43</value>
      </symbol>
      <symbol id="sm-49d">
         <name>_CTRL_setupEstIdleState</name>
         <value>0x3f99a5</value>
      </symbol>
      <symbol id="sm-49f">
         <name>_CTRL_setupEstOnLineState</name>
         <value>0x3f996a</value>
      </symbol>
      <symbol id="sm-4a1">
         <name>_CTRL_setupTraj</name>
         <value>0x3f9806</value>
      </symbol>
      <symbol id="sm-4a3">
         <name>_EST_doCurrentCtrl</name>
         <value>0x3f9760</value>
      </symbol>
      <symbol id="sm-4a5">
         <name>_EST_doSpeedCtrl</name>
         <value>0x3f9758</value>
      </symbol>
      <symbol id="sm-4a7">
         <name>_EST_getAngle_pu</name>
         <value>0x3f8c0d</value>
      </symbol>
      <symbol id="sm-4a9">
         <name>_EST_getFlux_VpHz</name>
         <value>0x3f96be</value>
      </symbol>
      <symbol id="sm-4ab">
         <name>_EST_getFlux_pu</name>
         <value>0x3f96ab</value>
      </symbol>
      <symbol id="sm-4ad">
         <name>_EST_getFm_pu</name>
         <value>0x3f968e</value>
      </symbol>
      <symbol id="sm-4af">
         <name>_EST_getIdRated</name>
         <value>0x3f9632</value>
      </symbol>
      <symbol id="sm-4b1">
         <name>_EST_getLs_coarse_max_pu</name>
         <value>0x3f95ff</value>
      </symbol>
      <symbol id="sm-4b3">
         <name>_EST_getLs_d_H</name>
         <value>0x3f95f5</value>
      </symbol>
      <symbol id="sm-4b5">
         <name>_EST_getLs_d_pu</name>
         <value>0x3f95f0</value>
      </symbol>
      <symbol id="sm-4b7">
         <name>_EST_getLs_q_H</name>
         <value>0x3f95ce</value>
      </symbol>
      <symbol id="sm-4b9">
         <name>_EST_getLs_q_pu</name>
         <value>0x3f95c9</value>
      </symbol>
      <symbol id="sm-4bb">
         <name>_EST_getMaxCurrentSlope_pu</name>
         <value>0x3f95bd</value>
      </symbol>
      <symbol id="sm-4bd">
         <name>_EST_getOneOverDcBus_pu</name>
         <value>0x3f95b3</value>
      </symbol>
      <symbol id="sm-4bf">
         <name>_EST_getRr_Ohm</name>
         <value>0x3f95ad</value>
      </symbol>
      <symbol id="sm-4c1">
         <name>_EST_getRs_Ohm</name>
         <value>0x3f9513</value>
      </symbol>
      <symbol id="sm-4c3">
         <name>_EST_getSpeed_krpm</name>
         <value>0x3f94c6</value>
      </symbol>
      <symbol id="sm-4c5">
         <name>_EST_getState</name>
         <value>0x3f861b</value>
      </symbol>
      <symbol id="sm-4c7">
         <name>_EST_get_krpm_to_pu_sf</name>
         <value>0x3f9458</value>
      </symbol>
      <symbol id="sm-4c9">
         <name>_EST_get_pu_to_krpm_sf</name>
         <value>0x3f9453</value>
      </symbol>
      <symbol id="sm-4cb">
         <name>_EST_isError</name>
         <value>0x3f938d</value>
      </symbol>
      <symbol id="sm-4cd">
         <name>_EST_isIdle</name>
         <value>0x3f9386</value>
      </symbol>
      <symbol id="sm-4cf">
         <name>_EST_isLockRotor</name>
         <value>0x3f937f</value>
      </symbol>
      <symbol id="sm-4d1">
         <name>_EST_isMotorIdentified</name>
         <value>0x3f8679</value>
      </symbol>
      <symbol id="sm-4d3">
         <name>_EST_isOnLine</name>
         <value>0x3f9378</value>
      </symbol>
      <symbol id="sm-4d5">
         <name>_EST_run</name>
         <value>0x3f927b</value>
      </symbol>
      <symbol id="sm-4d7">
         <name>_EST_setFlag_enableForceAngle</name>
         <value>0x3f8bdb</value>
      </symbol>
      <symbol id="sm-4d9">
         <name>_EST_setFlag_enableRsRecalc</name>
         <value>0x3f8bd3</value>
      </symbol>
      <symbol id="sm-4db">
         <name>_EST_setId_ref_pu</name>
         <value>0x3f8b80</value>
      </symbol>
      <symbol id="sm-4dd">
         <name>_EST_setIdle</name>
         <value>0x3f8b7a</value>
      </symbol>
      <symbol id="sm-4df">
         <name>_EST_setIdle_all</name>
         <value>0x3f8b67</value>
      </symbol>
      <symbol id="sm-4e1">
         <name>_EST_setIq_ref_pu</name>
         <value>0x3f8b63</value>
      </symbol>
      <symbol id="sm-4e3">
         <name>_EST_setLs_d_pu</name>
         <value>0x3f8b45</value>
      </symbol>
      <symbol id="sm-4e5">
         <name>_EST_setLs_qFmt</name>
         <value>0x3f8af1</value>
      </symbol>
      <symbol id="sm-4e7">
         <name>_EST_setLs_q_pu</name>
         <value>0x3f8ae7</value>
      </symbol>
      <symbol id="sm-4e9">
         <name>_EST_setMaxCurrentSlope_pu</name>
         <value>0x3f8adb</value>
      </symbol>
      <symbol id="sm-4eb">
         <name>_EST_setRs_pu</name>
         <value>0x3f8a18</value>
      </symbol>
      <symbol id="sm-4ed">
         <name>_EST_updateId_ref_pu</name>
         <value>0x3f89f5</value>
      </symbol>
      <symbol id="sm-4ef">
         <name>_EST_updateState</name>
         <value>0x3f8713</value>
      </symbol>
      <symbol id="sm-4f1">
         <name>_EST_useZeroIq_ref</name>
         <value>0x3f861d</value>
      </symbol>
      <symbol id="sm-4fb">
         <name>__IQ24cosPU</name>
         <value>0xb045</value>
         <object_component_ref idref="oc-c5"/>
      </symbol>
      <symbol id="sm-4ff">
         <name>_IQ16mpyRndSatTable</name>
         <value>0x3fe6c0</value>
         <object_component_ref idref="oc-c6"/>
      </symbol>
      <symbol id="sm-500">
         <name>_IQ24mpyRndSatTable</name>
         <value>0x3fe660</value>
         <object_component_ref idref="oc-c6"/>
      </symbol>
      <symbol id="sm-501">
         <name>_IQ13mpyRndSatTable</name>
         <value>0x3fe6e4</value>
         <object_component_ref idref="oc-c6"/>
      </symbol>
      <symbol id="sm-502">
         <name>_IQ21mpyRndSatTable</name>
         <value>0x3fe684</value>
         <object_component_ref idref="oc-c6"/>
      </symbol>
      <symbol id="sm-503">
         <name>_IQ10mpyRndSatTable</name>
         <value>0x3fe708</value>
         <object_component_ref idref="oc-c6"/>
      </symbol>
      <symbol id="sm-504">
         <name>_IQdivTable</name>
         <value>0x3fe140</value>
         <object_component_ref idref="oc-c6"/>
      </symbol>
      <symbol id="sm-505">
         <name>_IQ9mpyRndSatTable</name>
         <value>0x3fe714</value>
         <object_component_ref idref="oc-c6"/>
      </symbol>
      <symbol id="sm-506">
         <name>_IQ6mpyRndSatTable</name>
         <value>0x3fe738</value>
         <object_component_ref idref="oc-c6"/>
      </symbol>
      <symbol id="sm-507">
         <name>_IQatan2TableEnd</name>
         <value>0x3fe618</value>
         <object_component_ref idref="oc-c6"/>
      </symbol>
      <symbol id="sm-508">
         <name>_IQdivTableEnd</name>
         <value>0x3fe342</value>
         <object_component_ref idref="oc-c6"/>
      </symbol>
      <symbol id="sm-509">
         <name>_IQ29mpyRndSatTable</name>
         <value>0x3fe624</value>
         <object_component_ref idref="oc-c6"/>
      </symbol>
      <symbol id="sm-50a">
         <name>_IQ3mpyRndSatTable</name>
         <value>0x3fe75c</value>
         <object_component_ref idref="oc-c6"/>
      </symbol>
      <symbol id="sm-50b">
         <name>_IQ18mpyRndSatTable</name>
         <value>0x3fe6a8</value>
         <object_component_ref idref="oc-c6"/>
      </symbol>
      <symbol id="sm-50c">
         <name>_IQ26mpyRndSatTable</name>
         <value>0x3fe648</value>
         <object_component_ref idref="oc-c6"/>
      </symbol>
      <symbol id="sm-50d">
         <name>_IQcosTableEnd</name>
         <value>0x3fe132</value>
         <object_component_ref idref="oc-c6"/>
      </symbol>
      <symbol id="sm-50e">
         <name>_IQsinTableEnd</name>
         <value>0x3fe030</value>
         <object_component_ref idref="oc-c6"/>
      </symbol>
      <symbol id="sm-50f">
         <name>_IQ15mpyRndSatTable</name>
         <value>0x3fe6cc</value>
         <object_component_ref idref="oc-c6"/>
      </symbol>
      <symbol id="sm-510">
         <name>_IQ23mpyRndSatTable</name>
         <value>0x3fe66c</value>
         <object_component_ref idref="oc-c6"/>
      </symbol>
      <symbol id="sm-511">
         <name>_IQ12mpyRndSatTable</name>
         <value>0x3fe6f0</value>
         <object_component_ref idref="oc-c6"/>
      </symbol>
      <symbol id="sm-512">
         <name>_IQ20mpyRndSatTable</name>
         <value>0x3fe690</value>
         <object_component_ref idref="oc-c6"/>
      </symbol>
      <symbol id="sm-513">
         <name>_IQisqrtTableEnd</name>
         <value>0x3fe454</value>
         <object_component_ref idref="oc-c6"/>
      </symbol>
      <symbol id="sm-514">
         <name>_IQ8mpyRndSatTable</name>
         <value>0x3fe720</value>
         <object_component_ref idref="oc-c6"/>
      </symbol>
      <symbol id="sm-515">
         <name>_IQisqrtRoundSatTable</name>
         <value>0x3fe342</value>
         <object_component_ref idref="oc-c6"/>
      </symbol>
      <symbol id="sm-516">
         <name>_IQ5mpyRndSatTable</name>
         <value>0x3fe744</value>
         <object_component_ref idref="oc-c6"/>
      </symbol>
      <symbol id="sm-517">
         <name>_IQmpyRndSatTable</name>
         <value>0x3fe618</value>
         <object_component_ref idref="oc-c6"/>
      </symbol>
      <symbol id="sm-518">
         <name>_IQ28mpyRndSatTable</name>
         <value>0x3fe630</value>
         <object_component_ref idref="oc-c6"/>
      </symbol>
      <symbol id="sm-519">
         <name>_IQatan2Table</name>
         <value>0x3fe492</value>
         <object_component_ref idref="oc-c6"/>
      </symbol>
      <symbol id="sm-51a">
         <name>_IQ2mpyRndSatTable</name>
         <value>0x3fe768</value>
         <object_component_ref idref="oc-c6"/>
      </symbol>
      <symbol id="sm-51b">
         <name>_IQatan2HalfPITable</name>
         <value>0x3fe454</value>
         <object_component_ref idref="oc-c6"/>
      </symbol>
      <symbol id="sm-51c">
         <name>_IQ17mpyRndSatTable</name>
         <value>0x3fe6b4</value>
         <object_component_ref idref="oc-c6"/>
      </symbol>
      <symbol id="sm-51d">
         <name>_IQ25mpyRndSatTable</name>
         <value>0x3fe654</value>
         <object_component_ref idref="oc-c6"/>
      </symbol>
      <symbol id="sm-51e">
         <name>_IQsqrtTable</name>
         <value>0x3fe352</value>
         <object_component_ref idref="oc-c6"/>
      </symbol>
      <symbol id="sm-51f">
         <name>_IQsqrtTableEnd</name>
         <value>0x3fe454</value>
         <object_component_ref idref="oc-c6"/>
      </symbol>
      <symbol id="sm-520">
         <name>_IQ14mpyRndSatTable</name>
         <value>0x3fe6d8</value>
         <object_component_ref idref="oc-c6"/>
      </symbol>
      <symbol id="sm-521">
         <name>_IQ22mpyRndSatTable</name>
         <value>0x3fe678</value>
         <object_component_ref idref="oc-c6"/>
      </symbol>
      <symbol id="sm-522">
         <name>_IQ30mpyRndSatTable</name>
         <value>0x3fe618</value>
         <object_component_ref idref="oc-c6"/>
      </symbol>
      <symbol id="sm-523">
         <name>_IQsqrtRoundSatTable</name>
         <value>0x3fe342</value>
         <object_component_ref idref="oc-c6"/>
      </symbol>
      <symbol id="sm-524">
         <name>_IQ11mpyRndSatTable</name>
         <value>0x3fe6fc</value>
         <object_component_ref idref="oc-c6"/>
      </symbol>
      <symbol id="sm-525">
         <name>_IQdivRoundSatTable</name>
         <value>0x3fe132</value>
         <object_component_ref idref="oc-c6"/>
      </symbol>
      <symbol id="sm-526">
         <name>_IQ7mpyRndSatTable</name>
         <value>0x3fe72c</value>
         <object_component_ref idref="oc-c6"/>
      </symbol>
      <symbol id="sm-527">
         <name>_IQcosTable</name>
         <value>0x3fdd30</value>
         <object_component_ref idref="oc-c6"/>
      </symbol>
      <symbol id="sm-528">
         <name>_IQisqrtTable</name>
         <value>0x3fe352</value>
         <object_component_ref idref="oc-c6"/>
      </symbol>
      <symbol id="sm-529">
         <name>_IQ4mpyRndSatTable</name>
         <value>0x3fe750</value>
         <object_component_ref idref="oc-c6"/>
      </symbol>
      <symbol id="sm-52a">
         <name>_IQ19mpyRndSatTable</name>
         <value>0x3fe69c</value>
         <object_component_ref idref="oc-c6"/>
      </symbol>
      <symbol id="sm-52b">
         <name>_IQ27mpyRndSatTable</name>
         <value>0x3fe63c</value>
         <object_component_ref idref="oc-c6"/>
      </symbol>
      <symbol id="sm-52c">
         <name>_IQmpyRndSatTableEnd</name>
         <value>0x3fe780</value>
         <object_component_ref idref="oc-c6"/>
      </symbol>
      <symbol id="sm-52d">
         <name>_IQ1mpyRndSatTable</name>
         <value>0x3fe774</value>
         <object_component_ref idref="oc-c6"/>
      </symbol>
      <symbol id="sm-52e">
         <name>_IQsinTable</name>
         <value>0x3fdc30</value>
         <object_component_ref idref="oc-c6"/>
      </symbol>
      <symbol id="sm-538">
         <name>__IQ24sinPU</name>
         <value>0xb01c</value>
         <object_component_ref idref="oc-c7"/>
      </symbol>
      <symbol id="sm-542">
         <name>__IQ24sqrt</name>
         <value>0xafda</value>
         <object_component_ref idref="oc-c8"/>
      </symbol>
      <symbol id="sm-54c">
         <name>__IQ30toF</name>
         <value>0xb06c</value>
         <object_component_ref idref="oc-c9"/>
      </symbol>
      <symbol id="sm-560">
         <name>_c_int00</name>
         <value>0xaa66</value>
         <object_component_ref idref="oc-12"/>
      </symbol>
      <symbol id="sm-561">
         <name>__stack</name>
         <value>0x400</value>
         <object_component_ref idref="oc-ca"/>
      </symbol>
      <symbol id="sm-56d">
         <name>__args_main</name>
         <value>0xacfe</value>
         <object_component_ref idref="oc-10f"/>
      </symbol>
      <symbol id="sm-56e">
         <name>__TI_args_main</name>
         <value>0x1</value>
      </symbol>
      <symbol id="sm-57f">
         <name>C$$EXIT</name>
         <value>0xad17</value>
         <object_component_ref idref="oc-110"/>
      </symbol>
      <symbol id="sm-580">
         <name>_exit</name>
         <value>0xad19</value>
         <object_component_ref idref="oc-110"/>
      </symbol>
      <symbol id="sm-581">
         <name>___TI_cleanup_ptr</name>
         <value>0xada4</value>
         <object_component_ref idref="oc-d5"/>
      </symbol>
      <symbol id="sm-582">
         <name>_abort</name>
         <value>0xad17</value>
         <object_component_ref idref="oc-110"/>
      </symbol>
      <symbol id="sm-583">
         <name>___TI_dtors_ptr</name>
         <value>0xada6</value>
         <object_component_ref idref="oc-d5"/>
      </symbol>
      <symbol id="sm-591">
         <name>__unlock</name>
         <value>0xada0</value>
         <object_component_ref idref="oc-db"/>
      </symbol>
      <symbol id="sm-592">
         <name>__lock</name>
         <value>0xada2</value>
         <object_component_ref idref="oc-db"/>
      </symbol>
      <symbol id="sm-593">
         <name>__register_lock</name>
         <value>0xad82</value>
         <object_component_ref idref="oc-113"/>
      </symbol>
      <symbol id="sm-594">
         <name>__nop</name>
         <value>0xad86</value>
         <object_component_ref idref="oc-113"/>
      </symbol>
      <symbol id="sm-595">
         <name>__register_unlock</name>
         <value>0xad7e</value>
         <object_component_ref idref="oc-113"/>
      </symbol>
      <symbol id="sm-5a5">
         <name>_log</name>
         <value>0xa4b6</value>
         <object_component_ref idref="oc-118"/>
      </symbol>
      <symbol id="sm-5af">
         <name>_errno</name>
         <value>0xada9</value>
         <object_component_ref idref="oc-e5"/>
      </symbol>
      <symbol id="sm-5bc">
         <name>_frexp</name>
         <value>0xad47</value>
         <object_component_ref idref="oc-129"/>
      </symbol>
      <symbol id="sm-5c9">
         <name>_modf</name>
         <value>0xab1b</value>
         <object_component_ref idref="oc-119"/>
      </symbol>
      <symbol id="sm-5d8">
         <name>FS$$TOL</name>
         <value>0xab79</value>
         <object_component_ref idref="oc-ef"/>
      </symbol>
      <symbol id="sm-5e3">
         <name>L$$TOFS</name>
         <value>0xace4</value>
         <object_component_ref idref="oc-f3"/>
      </symbol>
      <symbol id="sm-5f6">
         <name>_pow</name>
         <value>0xa68a</value>
         <object_component_ref idref="oc-11a"/>
      </symbol>
      <symbol id="sm-600">
         <name>I$$MOD</name>
         <value>0xabff</value>
         <object_component_ref idref="oc-fb"/>
      </symbol>
      <symbol id="sm-601">
         <name>I$$DIV</name>
         <value>0xabee</value>
         <object_component_ref idref="oc-fb"/>
      </symbol>
      <symbol id="sm-60d">
         <name>__log</name>
         <value>0xa5fd</value>
         <object_component_ref idref="oc-12a"/>
      </symbol>
      <symbol id="sm-61b">
         <name>_exp</name>
         <value>0xa560</value>
         <object_component_ref idref="oc-12b"/>
      </symbol>
      <symbol id="sm-62a">
         <name>_ldexp</name>
         <value>0xaaaa</value>
         <object_component_ref idref="oc-12c"/>
      </symbol>
      <symbol id="sm-637">
         <name>_sqrt</name>
         <value>0xa944</value>
         <object_component_ref idref="oc-11b"/>
      </symbol>
   </symbol_table>
   <title>Link successful</title>
</link_info>
