<?xml version="1.0"?>
<link_info>
   <banner>TMS320C2000 Linker PC v6.2.7</banner>
   <copyright>Copyright (c) 1996-2014 Texas Instruments Incorporated</copyright>
   <link_time>0x57c5397c</link_time>
   <link_errors>0x0</link_errors>
   <output_file>proj_lab01.out</output_file>
   <entry_point>
      <name>_c_int00</name>
      <address>0x9d8f</address>
   </entry_point>
   <input_file_list>
      <input_file id="fl-5">
         <path>.\</path>
         <kind>object</kind>
         <file>adc.obj</file>
         <name>adc.obj</name>
      </input_file>
      <input_file id="fl-6">
         <path>.\</path>
         <kind>object</kind>
         <file>clk.obj</file>
         <name>clk.obj</name>
      </input_file>
      <input_file id="fl-7">
         <path>.\</path>
         <kind>object</kind>
         <file>cpu.obj</file>
         <name>cpu.obj</name>
      </input_file>
      <input_file id="fl-8">
         <path>.\</path>
         <kind>object</kind>
         <file>flash.obj</file>
         <name>flash.obj</name>
      </input_file>
      <input_file id="fl-9">
         <path>.\</path>
         <kind>object</kind>
         <file>gpio.obj</file>
         <name>gpio.obj</name>
      </input_file>
      <input_file id="fl-a">
         <path>.\</path>
         <kind>object</kind>
         <file>hal.obj</file>
         <name>hal.obj</name>
      </input_file>
      <input_file id="fl-b">
         <path>.\</path>
         <kind>object</kind>
         <file>osc.obj</file>
         <name>osc.obj</name>
      </input_file>
      <input_file id="fl-c">
         <path>.\</path>
         <kind>object</kind>
         <file>pie.obj</file>
         <name>pie.obj</name>
      </input_file>
      <input_file id="fl-d">
         <path>.\</path>
         <kind>object</kind>
         <file>pll.obj</file>
         <name>pll.obj</name>
      </input_file>
      <input_file id="fl-e">
         <path>.\</path>
         <kind>object</kind>
         <file>proj_lab01.obj</file>
         <name>proj_lab01.obj</name>
      </input_file>
      <input_file id="fl-f">
         <path>.\</path>
         <kind>object</kind>
         <file>pwm.obj</file>
         <name>pwm.obj</name>
      </input_file>
      <input_file id="fl-10">
         <path>.\</path>
         <kind>object</kind>
         <file>pwr.obj</file>
         <name>pwr.obj</name>
      </input_file>
      <input_file id="fl-11">
         <path>.\</path>
         <kind>object</kind>
         <file>timer.obj</file>
         <name>timer.obj</name>
      </input_file>
      <input_file id="fl-12">
         <path>.\</path>
         <kind>object</kind>
         <file>usDelay.obj</file>
         <name>usDelay.obj</name>
      </input_file>
      <input_file id="fl-13">
         <path>.\</path>
         <kind>object</kind>
         <file>user.obj</file>
         <name>user.obj</name>
      </input_file>
      <input_file id="fl-14">
         <path>.\</path>
         <kind>object</kind>
         <file>wdog.obj</file>
         <name>wdog.obj</name>
      </input_file>
      <input_file id="fl-17">
         <path>D:\ti\ccsv6\tools\compiler\c2000_6.2.7\lib\</path>
         <kind>archive</kind>
         <file>rts2800_ml.lib</file>
         <name>fd_mpy.obj</name>
      </input_file>
      <input_file id="fl-18">
         <path>D:\ti\ccsv6\tools\compiler\c2000_6.2.7\lib\</path>
         <kind>archive</kind>
         <file>rts2800_ml.lib</file>
         <name>fd_tol.obj</name>
      </input_file>
      <input_file id="fl-19">
         <path>D:\ti\ccsv6\tools\compiler\c2000_6.2.7\lib\</path>
         <kind>archive</kind>
         <file>rts2800_ml.lib</file>
         <name>fs_add.obj</name>
      </input_file>
      <input_file id="fl-1a">
         <path>D:\ti\ccsv6\tools\compiler\c2000_6.2.7\lib\</path>
         <kind>archive</kind>
         <file>rts2800_ml.lib</file>
         <name>fs_cmp.obj</name>
      </input_file>
      <input_file id="fl-1b">
         <path>D:\ti\ccsv6\tools\compiler\c2000_6.2.7\lib\</path>
         <kind>archive</kind>
         <file>rts2800_ml.lib</file>
         <name>fs_div.obj</name>
      </input_file>
      <input_file id="fl-1c">
         <path>D:\ti\ccsv6\tools\compiler\c2000_6.2.7\lib\</path>
         <kind>archive</kind>
         <file>rts2800_ml.lib</file>
         <name>fs_mpy.obj</name>
      </input_file>
      <input_file id="fl-1d">
         <path>D:\ti\ccsv6\tools\compiler\c2000_6.2.7\lib\</path>
         <kind>archive</kind>
         <file>rts2800_ml.lib</file>
         <name>fs_neg.obj</name>
      </input_file>
      <input_file id="fl-1e">
         <path>D:\ti\ccsv6\tools\compiler\c2000_6.2.7\lib\</path>
         <kind>archive</kind>
         <file>rts2800_ml.lib</file>
         <name>fs_tofd.obj</name>
      </input_file>
      <input_file id="fl-1f">
         <path>D:\ti\ccsv6\tools\compiler\c2000_6.2.7\lib\</path>
         <kind>archive</kind>
         <file>rts2800_ml.lib</file>
         <name>fs_toi.obj</name>
      </input_file>
      <input_file id="fl-20">
         <path>D:\ti\ccsv6\tools\compiler\c2000_6.2.7\lib\</path>
         <kind>archive</kind>
         <file>rts2800_ml.lib</file>
         <name>fs_tou.obj</name>
      </input_file>
      <input_file id="fl-21">
         <path>D:\ti\ccsv6\tools\compiler\c2000_6.2.7\lib\</path>
         <kind>archive</kind>
         <file>rts2800_ml.lib</file>
         <name>fs_toul.obj</name>
      </input_file>
      <input_file id="fl-22">
         <path>D:\ti\ccsv6\tools\compiler\c2000_6.2.7\lib\</path>
         <kind>archive</kind>
         <file>rts2800_ml.lib</file>
         <name>i_tofs.obj</name>
      </input_file>
      <input_file id="fl-23">
         <path>D:\ti\ccsv6\tools\compiler\c2000_6.2.7\lib\</path>
         <kind>archive</kind>
         <file>rts2800_ml.lib</file>
         <name>u_tofs.obj</name>
      </input_file>
      <input_file id="fl-24">
         <path>D:\ti\ccsv6\tools\compiler\c2000_6.2.7\lib\</path>
         <kind>archive</kind>
         <file>rts2800_ml.lib</file>
         <name>ul_tofs.obj</name>
      </input_file>
      <input_file id="fl-25">
         <path>D:\ti\motorware\motorware_1_01_00_16\sw\modules\fast\lib\32b\f28x\f2806x\</path>
         <kind>archive</kind>
         <file>2806xRevB_FastSpinROMSymbols.lib</file>
         <name>TMS320x2806x_REVB_boot_rom_out__CTRL_setGains_tmp.obj</name>
      </input_file>
      <input_file id="fl-26">
         <path>D:\ti\motorware\motorware_1_01_00_16\sw\modules\fast\lib\32b\f28x\f2806x\</path>
         <kind>archive</kind>
         <file>2806xRevB_FastSpinROMSymbols.lib</file>
         <name>TMS320x2806x_REVB_boot_rom_out__EST_getFlux_pu_tmp.obj</name>
      </input_file>
      <input_file id="fl-27">
         <path>D:\ti\motorware\motorware_1_01_00_16\sw\modules\fast\lib\32b\f28x\f2806x\</path>
         <kind>archive</kind>
         <file>2806xRevB_FastSpinROMSymbols.lib</file>
         <name>TMS320x2806x_REVB_boot_rom_out__EST_getLs_coarse_max_pu_tmp.obj</name>
      </input_file>
      <input_file id="fl-28">
         <path>D:\ti\motorware\motorware_1_01_00_16\sw\modules\fast\lib\32b\f28x\f2806x\</path>
         <kind>archive</kind>
         <file>2806xRevB_FastSpinROMSymbols.lib</file>
         <name>TMS320x2806x_REVB_boot_rom_out__EST_getLs_d_H_tmp.obj</name>
      </input_file>
      <input_file id="fl-29">
         <path>D:\ti\motorware\motorware_1_01_00_16\sw\modules\fast\lib\32b\f28x\f2806x\</path>
         <kind>archive</kind>
         <file>2806xRevB_FastSpinROMSymbols.lib</file>
         <name>TMS320x2806x_REVB_boot_rom_out__EST_getLs_d_pu_tmp.obj</name>
      </input_file>
      <input_file id="fl-2a">
         <path>D:\ti\motorware\motorware_1_01_00_16\sw\modules\fast\lib\32b\f28x\f2806x\</path>
         <kind>archive</kind>
         <file>2806xRevB_FastSpinROMSymbols.lib</file>
         <name>TMS320x2806x_REVB_boot_rom_out__EST_getLs_q_H_tmp.obj</name>
      </input_file>
      <input_file id="fl-2b">
         <path>D:\ti\motorware\motorware_1_01_00_16\sw\modules\fast\lib\32b\f28x\f2806x\</path>
         <kind>archive</kind>
         <file>2806xRevB_FastSpinROMSymbols.lib</file>
         <name>TMS320x2806x_REVB_boot_rom_out__EST_getLs_q_pu_tmp.obj</name>
      </input_file>
      <input_file id="fl-2c">
         <path>D:\ti\motorware\motorware_1_01_00_16\sw\modules\fast\lib\32b\f28x\f2806x\</path>
         <kind>archive</kind>
         <file>2806xRevB_FastSpinROMSymbols.lib</file>
         <name>TMS320x2806x_REVB_boot_rom_out__EST_getRs_Ohm_tmp.obj</name>
      </input_file>
      <input_file id="fl-2d">
         <path>D:\ti\motorware\motorware_1_01_00_16\sw\modules\fast\lib\32b\f28x\f2806x\</path>
         <kind>archive</kind>
         <file>2806xRevB_FastSpinROMSymbols.lib</file>
         <name>TMS320x2806x_REVB_boot_rom_out__EST_setLs_d_pu_tmp.obj</name>
      </input_file>
      <input_file id="fl-2e">
         <path>D:\ti\motorware\motorware_1_01_00_16\sw\modules\fast\lib\32b\f28x\f2806x\</path>
         <kind>archive</kind>
         <file>2806xRevB_FastSpinROMSymbols.lib</file>
         <name>TMS320x2806x_REVB_boot_rom_out__EST_setLs_qFmt_tmp.obj</name>
      </input_file>
      <input_file id="fl-2f">
         <path>D:\ti\motorware\motorware_1_01_00_16\sw\modules\fast\lib\32b\f28x\f2806x\</path>
         <kind>archive</kind>
         <file>2806xRevB_FastSpinROMSymbols.lib</file>
         <name>TMS320x2806x_REVB_boot_rom_out__EST_setLs_q_pu_tmp.obj</name>
      </input_file>
      <input_file id="fl-30">
         <path>D:\ti\motorware\motorware_1_01_00_16\sw\modules\fast\lib\32b\f28x\f2806x\</path>
         <kind>archive</kind>
         <file>2806xRevB_FastSpinROMSymbols.lib</file>
         <name>TMS320x2806x_REVB_boot_rom_out__OFFSET_init_tmp.obj</name>
      </input_file>
      <input_file id="fl-31">
         <path>D:\ti\motorware\motorware_1_01_00_16\sw\modules\fast\lib\32b\f28x\f2806x\</path>
         <kind>archive</kind>
         <file>2806xRevB_FastSpinROMSymbols.lib</file>
         <name>TMS320x2806x_REVB_boot_rom_out__OFFSET_setBeta_tmp.obj</name>
      </input_file>
      <input_file id="fl-32">
         <path>D:\ti\motorware\motorware_1_01_00_16\sw\modules\fast\lib\32b\f28x\f2806x\</path>
         <kind>archive</kind>
         <file>2806xRevB_FastSpinROMSymbols.lib</file>
         <name>TMS320x2806x_REVB_boot_rom_out__OFFSET_setInitCond_tmp.obj</name>
      </input_file>
      <input_file id="fl-33">
         <path>D:\ti\motorware\motorware_1_01_00_16\sw\modules\fast\lib\32b\f28x\f2806x\</path>
         <kind>archive</kind>
         <file>2806xRevB_FastSpinROMSymbols.lib</file>
         <name>TMS320x2806x_REVB_boot_rom_out__OFFSET_setOffset_tmp.obj</name>
      </input_file>
      <input_file id="fl-34">
         <path>D:\ti\motorware\motorware_1_01_00_16\sw\modules\iqmath\lib\f28x\32b\</path>
         <kind>archive</kind>
         <file>IQmath.lib</file>
         <name>IQ30toF.obj</name>
      </input_file>
      <input_file id="fl-35">
         <path>D:\ti\ccsv6\tools\compiler\c2000_6.2.7\lib\</path>
         <kind>archive</kind>
         <file>rts2800_ml.lib</file>
         <name>boot.obj</name>
      </input_file>
      <input_file id="fl-36">
         <path>D:\ti\ccsv6\tools\compiler\c2000_6.2.7\lib\</path>
         <kind>archive</kind>
         <file>rts2800_ml.lib</file>
         <name>args_main.obj</name>
      </input_file>
      <input_file id="fl-37">
         <path>D:\ti\ccsv6\tools\compiler\c2000_6.2.7\lib\</path>
         <kind>archive</kind>
         <file>rts2800_ml.lib</file>
         <name>exit.obj</name>
      </input_file>
      <input_file id="fl-38">
         <path>D:\ti\ccsv6\tools\compiler\c2000_6.2.7\lib\</path>
         <kind>archive</kind>
         <file>rts2800_ml.lib</file>
         <name>_lock.obj</name>
      </input_file>
      <input_file id="fl-39">
         <path>D:\ti\ccsv6\tools\compiler\c2000_6.2.7\lib\</path>
         <kind>archive</kind>
         <file>rts2800_ml.lib</file>
         <name>log.obj</name>
      </input_file>
      <input_file id="fl-3a">
         <path>D:\ti\ccsv6\tools\compiler\c2000_6.2.7\lib\</path>
         <kind>archive</kind>
         <file>rts2800_ml.lib</file>
         <name>errno.obj</name>
      </input_file>
      <input_file id="fl-3b">
         <path>D:\ti\ccsv6\tools\compiler\c2000_6.2.7\lib\</path>
         <kind>archive</kind>
         <file>rts2800_ml.lib</file>
         <name>frexp.obj</name>
      </input_file>
      <input_file id="fl-3c">
         <path>D:\ti\ccsv6\tools\compiler\c2000_6.2.7\lib\</path>
         <kind>archive</kind>
         <file>rts2800_ml.lib</file>
         <name>modf.obj</name>
      </input_file>
      <input_file id="fl-3d">
         <path>D:\ti\ccsv6\tools\compiler\c2000_6.2.7\lib\</path>
         <kind>archive</kind>
         <file>rts2800_ml.lib</file>
         <name>fs_tol.obj</name>
      </input_file>
      <input_file id="fl-3e">
         <path>D:\ti\ccsv6\tools\compiler\c2000_6.2.7\lib\</path>
         <kind>archive</kind>
         <file>rts2800_ml.lib</file>
         <name>l_tofs.obj</name>
      </input_file>
      <input_file id="fl-3f">
         <path>D:\ti\ccsv6\tools\compiler\c2000_6.2.7\lib\</path>
         <kind>archive</kind>
         <file>rts2800_ml.lib</file>
         <name>pow.obj</name>
      </input_file>
      <input_file id="fl-40">
         <path>D:\ti\ccsv6\tools\compiler\c2000_6.2.7\lib\</path>
         <kind>archive</kind>
         <file>rts2800_ml.lib</file>
         <name>i_div.obj</name>
      </input_file>
      <input_file id="fl-41">
         <path>D:\ti\ccsv6\tools\compiler\c2000_6.2.7\lib\</path>
         <kind>archive</kind>
         <file>rts2800_ml.lib</file>
         <name>_log.obj</name>
      </input_file>
      <input_file id="fl-42">
         <path>D:\ti\ccsv6\tools\compiler\c2000_6.2.7\lib\</path>
         <kind>archive</kind>
         <file>rts2800_ml.lib</file>
         <name>exp.obj</name>
      </input_file>
      <input_file id="fl-43">
         <path>D:\ti\ccsv6\tools\compiler\c2000_6.2.7\lib\</path>
         <kind>archive</kind>
         <file>rts2800_ml.lib</file>
         <name>ldexp.obj</name>
      </input_file>
      <input_file id="fl-44">
         <path>D:\ti\ccsv6\tools\compiler\c2000_6.2.7\lib\</path>
         <kind>archive</kind>
         <file>rts2800_ml.lib</file>
         <name>sqrt.obj</name>
      </input_file>
   </input_file_list>
   <object_component_list>
      <object_component id="oc-e5">
         <name>ramfuncs</name>
         <load_address>0xf4</load_address>
         <run_address>0xf4</run_address>
         <size>0x32</size>
         <input_file_ref idref="fl-8"/>
      </object_component>
      <object_component id="oc-4e">
         <name>ramfuncs</name>
         <load_address>0x126</load_address>
         <run_address>0x126</run_address>
         <size>0x4</size>
         <input_file_ref idref="fl-12"/>
      </object_component>
      <object_component id="oc-de">
         <name>.text</name>
         <load_address>0x8000</load_address>
         <run_address>0x8000</run_address>
         <size>0x97b</size>
         <input_file_ref idref="fl-a"/>
      </object_component>
      <object_component id="oc-df">
         <name>.text</name>
         <load_address>0x897b</load_address>
         <run_address>0x897b</run_address>
         <size>0x48c</size>
         <input_file_ref idref="fl-13"/>
      </object_component>
      <object_component id="oc-e1">
         <name>.text</name>
         <load_address>0x8e07</load_address>
         <run_address>0x8e07</run_address>
         <size>0x2f0</size>
         <input_file_ref idref="fl-f"/>
      </object_component>
      <object_component id="oc-e6">
         <name>.text</name>
         <load_address>0x90f7</load_address>
         <run_address>0x90f7</run_address>
         <size>0x1fb</size>
         <input_file_ref idref="fl-5"/>
      </object_component>
      <object_component id="oc-db">
         <name>.text</name>
         <load_address>0x92f2</load_address>
         <run_address>0x92f2</run_address>
         <size>0x193</size>
         <input_file_ref idref="fl-9"/>
      </object_component>
      <object_component id="oc-e2">
         <name>.text</name>
         <load_address>0x9485</load_address>
         <run_address>0x9485</run_address>
         <size>0x18a</size>
         <input_file_ref idref="fl-6"/>
      </object_component>
      <object_component id="oc-e4">
         <name>.text</name>
         <load_address>0x960f</load_address>
         <run_address>0x960f</run_address>
         <size>0x10e</size>
         <input_file_ref idref="fl-c"/>
      </object_component>
      <object_component id="oc-3e">
         <name>.text:retain</name>
         <load_address>0x971d</load_address>
         <run_address>0x971d</run_address>
         <size>0xb2</size>
         <input_file_ref idref="fl-e"/>
      </object_component>
      <object_component id="oc-ec">
         <name>.text</name>
         <load_address>0x97cf</load_address>
         <run_address>0x97cf</run_address>
         <size>0xaa</size>
         <input_file_ref idref="fl-39"/>
      </object_component>
      <object_component id="oc-f2">
         <name>.text</name>
         <load_address>0x9879</load_address>
         <run_address>0x9879</run_address>
         <size>0x9d</size>
         <input_file_ref idref="fl-42"/>
      </object_component>
      <object_component id="oc-f1">
         <name>.text</name>
         <load_address>0x9916</load_address>
         <run_address>0x9916</run_address>
         <size>0x8d</size>
         <input_file_ref idref="fl-41"/>
      </object_component>
      <object_component id="oc-ee">
         <name>.text</name>
         <load_address>0x99a3</load_address>
         <run_address>0x99a3</run_address>
         <size>0x87</size>
         <input_file_ref idref="fl-3f"/>
      </object_component>
      <object_component id="oc-5b">
         <name>.text</name>
         <load_address>0x9a2a</load_address>
         <run_address>0x9a2a</run_address>
         <size>0x83</size>
         <input_file_ref idref="fl-17"/>
      </object_component>
      <object_component id="oc-6b">
         <name>.text</name>
         <load_address>0x9aad</load_address>
         <run_address>0x9aad</run_address>
         <size>0x83</size>
         <input_file_ref idref="fl-1b"/>
      </object_component>
      <object_component id="oc-63">
         <name>.text</name>
         <load_address>0x9b30</load_address>
         <run_address>0x9b30</run_address>
         <size>0x78</size>
         <input_file_ref idref="fl-19"/>
      </object_component>
      <object_component id="oc-e3">
         <name>.text</name>
         <load_address>0x9ba8</load_address>
         <run_address>0x9ba8</run_address>
         <size>0x5b</size>
         <input_file_ref idref="fl-d"/>
      </object_component>
      <object_component id="oc-6f">
         <name>.text</name>
         <load_address>0x9c03</load_address>
         <run_address>0x9c03</run_address>
         <size>0x5a</size>
         <input_file_ref idref="fl-1c"/>
      </object_component>
      <object_component id="oc-dd">
         <name>.text</name>
         <load_address>0x9c5d</load_address>
         <run_address>0x9c5d</run_address>
         <size>0x55</size>
         <input_file_ref idref="fl-e"/>
      </object_component>
      <object_component id="oc-ef">
         <name>.text</name>
         <load_address>0x9cb2</load_address>
         <run_address>0x9cb2</run_address>
         <size>0x50</size>
         <input_file_ref idref="fl-44"/>
      </object_component>
      <object_component id="oc-eb">
         <name>.text</name>
         <load_address>0x9d02</load_address>
         <run_address>0x9d02</run_address>
         <size>0x47</size>
         <input_file_ref idref="fl-10"/>
      </object_component>
      <object_component id="oc-e9">
         <name>.text</name>
         <load_address>0x9d49</load_address>
         <run_address>0x9d49</run_address>
         <size>0x46</size>
         <input_file_ref idref="fl-14"/>
      </object_component>
      <object_component id="oc-12">
         <name>.text</name>
         <load_address>0x9d8f</load_address>
         <run_address>0x9d8f</run_address>
         <size>0x44</size>
         <input_file_ref idref="fl-35"/>
      </object_component>
      <object_component id="oc-f3">
         <name>.text</name>
         <load_address>0x9dd3</load_address>
         <run_address>0x9dd3</run_address>
         <size>0x3f</size>
         <input_file_ref idref="fl-43"/>
      </object_component>
      <object_component id="oc-e0">
         <name>.text</name>
         <load_address>0x9e12</load_address>
         <run_address>0x9e12</run_address>
         <size>0x32</size>
         <input_file_ref idref="fl-11"/>
      </object_component>
      <object_component id="oc-ed">
         <name>.text</name>
         <load_address>0x9e44</load_address>
         <run_address>0x9e44</run_address>
         <size>0x31</size>
         <input_file_ref idref="fl-3c"/>
      </object_component>
      <object_component id="oc-e7">
         <name>.text</name>
         <load_address>0x9e75</load_address>
         <run_address>0x9e75</run_address>
         <size>0x2d</size>
         <input_file_ref idref="fl-b"/>
      </object_component>
      <object_component id="oc-b9">
         <name>.text</name>
         <load_address>0x9ea2</load_address>
         <run_address>0x9ea2</run_address>
         <size>0x29</size>
         <input_file_ref idref="fl-3d"/>
      </object_component>
      <object_component id="oc-e8">
         <name>.text</name>
         <load_address>0x9ecb</load_address>
         <run_address>0x9ecb</run_address>
         <size>0x27</size>
         <input_file_ref idref="fl-7"/>
      </object_component>
      <object_component id="oc-7b">
         <name>.text</name>
         <load_address>0x9ef2</load_address>
         <run_address>0x9ef2</run_address>
         <size>0x25</size>
         <input_file_ref idref="fl-1f"/>
      </object_component>
      <object_component id="oc-c5">
         <name>.text</name>
         <load_address>0x9f17</load_address>
         <run_address>0x9f17</run_address>
         <size>0x22</size>
         <input_file_ref idref="fl-40"/>
      </object_component>
      <object_component id="oc-83">
         <name>.text</name>
         <load_address>0x9f39</load_address>
         <run_address>0x9f39</run_address>
         <size>0x21</size>
         <input_file_ref idref="fl-21"/>
      </object_component>
      <object_component id="oc-ea">
         <name>.text</name>
         <load_address>0x9f5a</load_address>
         <run_address>0x9f5a</run_address>
         <size>0x20</size>
         <input_file_ref idref="fl-8"/>
      </object_component>
      <object_component id="oc-5f">
         <name>.text</name>
         <load_address>0x9f7a</load_address>
         <run_address>0x9f7a</run_address>
         <size>0x1f</size>
         <input_file_ref idref="fl-18"/>
      </object_component>
      <object_component id="oc-7f">
         <name>.text</name>
         <load_address>0x9f99</load_address>
         <run_address>0x9f99</run_address>
         <size>0x1d</size>
         <input_file_ref idref="fl-20"/>
      </object_component>
      <object_component id="oc-77">
         <name>.text</name>
         <load_address>0x9fb6</load_address>
         <run_address>0x9fb6</run_address>
         <size>0x1c</size>
         <input_file_ref idref="fl-1e"/>
      </object_component>
      <object_component id="oc-87">
         <name>.text</name>
         <load_address>0x9fd2</load_address>
         <run_address>0x9fd2</run_address>
         <size>0x1a</size>
         <input_file_ref idref="fl-22"/>
      </object_component>
      <object_component id="oc-bd">
         <name>.text</name>
         <load_address>0x9fec</load_address>
         <run_address>0x9fec</run_address>
         <size>0x1a</size>
         <input_file_ref idref="fl-3e"/>
      </object_component>
      <object_component id="oc-d9">
         <name>.text</name>
         <load_address>0xa006</load_address>
         <run_address>0xa006</run_address>
         <size>0x19</size>
         <input_file_ref idref="fl-36"/>
      </object_component>
      <object_component id="oc-da">
         <name>.text</name>
         <load_address>0xa01f</load_address>
         <run_address>0xa01f</run_address>
         <size>0x19</size>
         <input_file_ref idref="fl-37"/>
      </object_component>
      <object_component id="oc-67">
         <name>.text</name>
         <load_address>0xa038</load_address>
         <run_address>0xa038</run_address>
         <size>0x17</size>
         <input_file_ref idref="fl-1a"/>
      </object_component>
      <object_component id="oc-f0">
         <name>.text</name>
         <load_address>0xa04f</load_address>
         <run_address>0xa04f</run_address>
         <size>0x14</size>
         <input_file_ref idref="fl-3b"/>
      </object_component>
      <object_component id="oc-8f">
         <name>.text</name>
         <load_address>0xa063</load_address>
         <run_address>0xa063</run_address>
         <size>0x13</size>
         <input_file_ref idref="fl-24"/>
      </object_component>
      <object_component id="oc-8b">
         <name>.text</name>
         <load_address>0xa076</load_address>
         <run_address>0xa076</run_address>
         <size>0x10</size>
         <input_file_ref idref="fl-23"/>
      </object_component>
      <object_component id="oc-dc">
         <name>.text</name>
         <load_address>0xa086</load_address>
         <run_address>0xa086</run_address>
         <size>0x9</size>
         <input_file_ref idref="fl-38"/>
      </object_component>
      <object_component id="oc-33">
         <name>.text:retain</name>
         <load_address>0xa08f</load_address>
         <run_address>0xa08f</run_address>
         <size>0x5</size>
         <input_file_ref idref="fl-c"/>
      </object_component>
      <object_component id="oc-73">
         <name>.text</name>
         <load_address>0xa094</load_address>
         <run_address>0xa094</run_address>
         <size>0x5</size>
         <input_file_ref idref="fl-1d"/>
      </object_component>
      <object_component id="oc-3c">
         <name>.cinit</name>
         <load_address>0x50</load_address>
         <run_address>0x50</run_address>
         <size>0x8a</size>
         <input_file_ref idref="fl-e"/>
      </object_component>
      <object_component id="oc-a4">
         <name>.cinit</name>
         <load_address>0xda</load_address>
         <run_address>0xda</run_address>
         <size>0xa</size>
         <input_file_ref idref="fl-38"/>
      </object_component>
      <object_component id="oc-9e">
         <name>.cinit</name>
         <load_address>0xe4</load_address>
         <run_address>0xe4</run_address>
         <size>0xa</size>
         <input_file_ref idref="fl-37"/>
      </object_component>
      <object_component id="oc-ae">
         <name>.cinit</name>
         <load_address>0xee</load_address>
         <run_address>0xee</run_address>
         <size>0x4</size>
         <input_file_ref idref="fl-3a"/>
      </object_component>
      <object_component id="oc-95">
         <name>.reset</name>
         <load_address>0x3fffc0</load_address>
         <run_address>0x3fffc0</run_address>
         <size>0x2</size>
         <input_file_ref idref="fl-35"/>
      </object_component>
      <object_component id="oc-94">
         <name>.stack</name>
         <uninitialized>true</uninitialized>
         <run_address>0x400</run_address>
         <size>0x0</size>
         <input_file_ref idref="fl-35"/>
      </object_component>
      <object_component id="oc-10d">
         <name>.stack</name>
         <uninitialized>true</uninitialized>
         <run_address>0x400</run_address>
         <size>0x0</size>
      </object_component>
      <object_component id="oc-1c">
         <name>.ebss</name>
         <uninitialized>true</uninitialized>
         <run_address>0xa0a2</run_address>
         <size>0x1</size>
         <input_file_ref idref="fl-7"/>
      </object_component>
      <object_component id="oc-29">
         <name>.ebss</name>
         <uninitialized>true</uninitialized>
         <run_address>0xa240</run_address>
         <size>0x9a</size>
         <input_file_ref idref="fl-a"/>
      </object_component>
      <object_component id="oc-3d">
         <name>.ebss</name>
         <uninitialized>true</uninitialized>
         <run_address>0xa0c0</run_address>
         <size>0x16c</size>
         <input_file_ref idref="fl-e"/>
      </object_component>
      <object_component id="oc-9f">
         <name>.ebss</name>
         <uninitialized>true</uninitialized>
         <run_address>0xa09e</run_address>
         <size>0x4</size>
         <input_file_ref idref="fl-37"/>
      </object_component>
      <object_component id="oc-a5">
         <name>.ebss</name>
         <uninitialized>true</uninitialized>
         <run_address>0xa09a</run_address>
         <size>0x4</size>
         <input_file_ref idref="fl-38"/>
      </object_component>
      <object_component id="oc-af">
         <name>.ebss</name>
         <uninitialized>true</uninitialized>
         <run_address>0xa0a3</run_address>
         <size>0x1</size>
         <input_file_ref idref="fl-3a"/>
      </object_component>
      <object_component id="oc-53">
         <name>.econst</name>
         <load_address>0xa2ee</load_address>
         <run_address>0xa2ee</run_address>
         <size>0x8</size>
         <input_file_ref idref="fl-13"/>
      </object_component>
      <object_component id="oc-2a">
         <name>.econst</name>
         <load_address>0xa2f6</load_address>
         <run_address>0xa2f6</run_address>
         <size>0x4</size>
         <input_file_ref idref="fl-a"/>
      </object_component>
      <object_component id="oc-93">
         <name>IQmath</name>
         <load_address>0xa2da</load_address>
         <run_address>0xa2da</run_address>
         <size>0x14</size>
         <input_file_ref idref="fl-34"/>
      </object_component>
      <object_component id="oc-13">
         <name>.debug_info</name>
         <load_address>0x0</load_address>
         <run_address>0x0</run_address>
         <size>0x43b2</size>
         <input_file_ref idref="fl-5"/>
      </object_component>
      <object_component id="oc-17">
         <name>.debug_info</name>
         <load_address>0x43b2</load_address>
         <run_address>0x43b2</run_address>
         <size>0x4d67</size>
         <input_file_ref idref="fl-6"/>
      </object_component>
      <object_component id="oc-1b">
         <name>.debug_info</name>
         <load_address>0x9119</load_address>
         <run_address>0x9119</run_address>
         <size>0x1056</size>
         <input_file_ref idref="fl-7"/>
      </object_component>
      <object_component id="oc-20">
         <name>.debug_info</name>
         <load_address>0xa16f</load_address>
         <run_address>0xa16f</run_address>
         <size>0x202d</size>
         <input_file_ref idref="fl-8"/>
      </object_component>
      <object_component id="oc-24">
         <name>.debug_info</name>
         <load_address>0xc19c</load_address>
         <run_address>0xc19c</run_address>
         <size>0x36ea</size>
         <input_file_ref idref="fl-9"/>
      </object_component>
      <object_component id="oc-28">
         <name>.debug_info</name>
         <load_address>0xf886</load_address>
         <run_address>0xf886</run_address>
         <size>0xf2a3</size>
         <input_file_ref idref="fl-a"/>
      </object_component>
      <object_component id="oc-2e">
         <name>.debug_info</name>
         <load_address>0x1eb29</load_address>
         <run_address>0x1eb29</run_address>
         <size>0xa06</size>
         <input_file_ref idref="fl-b"/>
      </object_component>
      <object_component id="oc-32">
         <name>.debug_info</name>
         <load_address>0x1f52f</load_address>
         <run_address>0x1f52f</run_address>
         <size>0x46b7</size>
         <input_file_ref idref="fl-c"/>
      </object_component>
      <object_component id="oc-37">
         <name>.debug_info</name>
         <load_address>0x23be6</load_address>
         <run_address>0x23be6</run_address>
         <size>0x1a01</size>
         <input_file_ref idref="fl-d"/>
      </object_component>
      <object_component id="oc-3b">
         <name>.debug_info</name>
         <load_address>0x255e7</load_address>
         <run_address>0x255e7</run_address>
         <size>0x5d11</size>
         <input_file_ref idref="fl-e"/>
      </object_component>
      <object_component id="oc-42">
         <name>.debug_info</name>
         <load_address>0x2b2f8</load_address>
         <run_address>0x2b2f8</run_address>
         <size>0xafaf</size>
         <input_file_ref idref="fl-f"/>
      </object_component>
      <object_component id="oc-46">
         <name>.debug_info</name>
         <load_address>0x362a7</load_address>
         <run_address>0x362a7</run_address>
         <size>0x135f</size>
         <input_file_ref idref="fl-10"/>
      </object_component>
      <object_component id="oc-4a">
         <name>.debug_info</name>
         <load_address>0x37606</load_address>
         <run_address>0x37606</run_address>
         <size>0xeed</size>
         <input_file_ref idref="fl-11"/>
      </object_component>
      <object_component id="oc-4f">
         <name>.debug_info</name>
         <load_address>0x384f3</load_address>
         <run_address>0x384f3</run_address>
         <size>0x1a8</size>
         <input_file_ref idref="fl-12"/>
      </object_component>
      <object_component id="oc-52">
         <name>.debug_info</name>
         <load_address>0x3869b</load_address>
         <run_address>0x3869b</run_address>
         <size>0x49bc</size>
         <input_file_ref idref="fl-13"/>
      </object_component>
      <object_component id="oc-57">
         <name>.debug_info</name>
         <load_address>0x3d057</load_address>
         <run_address>0x3d057</run_address>
         <size>0x128f</size>
         <input_file_ref idref="fl-14"/>
      </object_component>
      <object_component id="oc-5c">
         <name>.debug_info</name>
         <load_address>0x3e2e6</load_address>
         <run_address>0x3e2e6</run_address>
         <size>0xc0</size>
         <input_file_ref idref="fl-17"/>
      </object_component>
      <object_component id="oc-60">
         <name>.debug_info</name>
         <load_address>0x3e3a6</load_address>
         <run_address>0x3e3a6</run_address>
         <size>0xc0</size>
         <input_file_ref idref="fl-18"/>
      </object_component>
      <object_component id="oc-64">
         <name>.debug_info</name>
         <load_address>0x3e466</load_address>
         <run_address>0x3e466</run_address>
         <size>0xc0</size>
         <input_file_ref idref="fl-19"/>
      </object_component>
      <object_component id="oc-68">
         <name>.debug_info</name>
         <load_address>0x3e526</load_address>
         <run_address>0x3e526</run_address>
         <size>0xc0</size>
         <input_file_ref idref="fl-1a"/>
      </object_component>
      <object_component id="oc-6c">
         <name>.debug_info</name>
         <load_address>0x3e5e6</load_address>
         <run_address>0x3e5e6</run_address>
         <size>0xc0</size>
         <input_file_ref idref="fl-1b"/>
      </object_component>
      <object_component id="oc-70">
         <name>.debug_info</name>
         <load_address>0x3e6a6</load_address>
         <run_address>0x3e6a6</run_address>
         <size>0xc0</size>
         <input_file_ref idref="fl-1c"/>
      </object_component>
      <object_component id="oc-74">
         <name>.debug_info</name>
         <load_address>0x3e766</load_address>
         <run_address>0x3e766</run_address>
         <size>0xc0</size>
         <input_file_ref idref="fl-1d"/>
      </object_component>
      <object_component id="oc-78">
         <name>.debug_info</name>
         <load_address>0x3e826</load_address>
         <run_address>0x3e826</run_address>
         <size>0xc3</size>
         <input_file_ref idref="fl-1e"/>
      </object_component>
      <object_component id="oc-7c">
         <name>.debug_info</name>
         <load_address>0x3e8e9</load_address>
         <run_address>0x3e8e9</run_address>
         <size>0xcc</size>
         <input_file_ref idref="fl-1f"/>
      </object_component>
      <object_component id="oc-80">
         <name>.debug_info</name>
         <load_address>0x3e9b5</load_address>
         <run_address>0x3e9b5</run_address>
         <size>0xcc</size>
         <input_file_ref idref="fl-20"/>
      </object_component>
      <object_component id="oc-84">
         <name>.debug_info</name>
         <load_address>0x3ea81</load_address>
         <run_address>0x3ea81</run_address>
         <size>0xcf</size>
         <input_file_ref idref="fl-21"/>
      </object_component>
      <object_component id="oc-88">
         <name>.debug_info</name>
         <load_address>0x3eb50</load_address>
         <run_address>0x3eb50</run_address>
         <size>0xc6</size>
         <input_file_ref idref="fl-22"/>
      </object_component>
      <object_component id="oc-8c">
         <name>.debug_info</name>
         <load_address>0x3ec16</load_address>
         <run_address>0x3ec16</run_address>
         <size>0xc0</size>
         <input_file_ref idref="fl-23"/>
      </object_component>
      <object_component id="oc-90">
         <name>.debug_info</name>
         <load_address>0x3ecd6</load_address>
         <run_address>0x3ecd6</run_address>
         <size>0xc3</size>
         <input_file_ref idref="fl-24"/>
      </object_component>
      <object_component id="oc-96">
         <name>.debug_info</name>
         <load_address>0x3ed99</load_address>
         <run_address>0x3ed99</run_address>
         <size>0xde</size>
         <input_file_ref idref="fl-35"/>
      </object_component>
      <object_component id="oc-99">
         <name>.debug_info</name>
         <load_address>0x3ee77</load_address>
         <run_address>0x3ee77</run_address>
         <size>0x3bd</size>
         <input_file_ref idref="fl-36"/>
      </object_component>
      <object_component id="oc-9d">
         <name>.debug_info</name>
         <load_address>0x3f234</load_address>
         <run_address>0x3f234</run_address>
         <size>0x3d6</size>
         <input_file_ref idref="fl-37"/>
      </object_component>
      <object_component id="oc-a3">
         <name>.debug_info</name>
         <load_address>0x3f60a</load_address>
         <run_address>0x3f60a</run_address>
         <size>0x3fc</size>
         <input_file_ref idref="fl-38"/>
      </object_component>
      <object_component id="oc-a9">
         <name>.debug_info</name>
         <load_address>0x3fa06</load_address>
         <run_address>0x3fa06</run_address>
         <size>0x47d</size>
         <input_file_ref idref="fl-39"/>
      </object_component>
      <object_component id="oc-ad">
         <name>.debug_info</name>
         <load_address>0x3fe83</load_address>
         <run_address>0x3fe83</run_address>
         <size>0x2a3</size>
         <input_file_ref idref="fl-3a"/>
      </object_component>
      <object_component id="oc-b1">
         <name>.debug_info</name>
         <load_address>0x40126</load_address>
         <run_address>0x40126</run_address>
         <size>0x31f</size>
         <input_file_ref idref="fl-3b"/>
      </object_component>
      <object_component id="oc-b5">
         <name>.debug_info</name>
         <load_address>0x40445</load_address>
         <run_address>0x40445</run_address>
         <size>0x37b</size>
         <input_file_ref idref="fl-3c"/>
      </object_component>
      <object_component id="oc-ba">
         <name>.debug_info</name>
         <load_address>0x407c0</load_address>
         <run_address>0x407c0</run_address>
         <size>0xcc</size>
         <input_file_ref idref="fl-3d"/>
      </object_component>
      <object_component id="oc-be">
         <name>.debug_info</name>
         <load_address>0x4088c</load_address>
         <run_address>0x4088c</run_address>
         <size>0xc6</size>
         <input_file_ref idref="fl-3e"/>
      </object_component>
      <object_component id="oc-c1">
         <name>.debug_info</name>
         <load_address>0x40952</load_address>
         <run_address>0x40952</run_address>
         <size>0x44d</size>
         <input_file_ref idref="fl-3f"/>
      </object_component>
      <object_component id="oc-c6">
         <name>.debug_info</name>
         <load_address>0x40d9f</load_address>
         <run_address>0x40d9f</run_address>
         <size>0xeb</size>
         <input_file_ref idref="fl-40"/>
      </object_component>
      <object_component id="oc-c9">
         <name>.debug_info</name>
         <load_address>0x40e8a</load_address>
         <run_address>0x40e8a</run_address>
         <size>0x452</size>
         <input_file_ref idref="fl-41"/>
      </object_component>
      <object_component id="oc-cd">
         <name>.debug_info</name>
         <load_address>0x412dc</load_address>
         <run_address>0x412dc</run_address>
         <size>0x450</size>
         <input_file_ref idref="fl-42"/>
      </object_component>
      <object_component id="oc-d1">
         <name>.debug_info</name>
         <load_address>0x4172c</load_address>
         <run_address>0x4172c</run_address>
         <size>0x34b</size>
         <input_file_ref idref="fl-43"/>
      </object_component>
      <object_component id="oc-d5">
         <name>.debug_info</name>
         <load_address>0x41a77</load_address>
         <run_address>0x41a77</run_address>
         <size>0x398</size>
         <input_file_ref idref="fl-44"/>
      </object_component>
      <object_component id="oc-10e">
         <name>.debug_info</name>
         <load_address>0x41e0f</load_address>
         <run_address>0x41e0f</run_address>
         <size>0x6f</size>
      </object_component>
      <object_component id="oc-14">
         <name>.debug_frame</name>
         <load_address>0x0</load_address>
         <run_address>0x0</run_address>
         <size>0x364</size>
         <input_file_ref idref="fl-5"/>
      </object_component>
      <object_component id="oc-18">
         <name>.debug_frame</name>
         <load_address>0x364</load_address>
         <run_address>0x364</run_address>
         <size>0x5ec</size>
         <input_file_ref idref="fl-6"/>
      </object_component>
      <object_component id="oc-1d">
         <name>.debug_frame</name>
         <load_address>0x950</load_address>
         <run_address>0x950</run_address>
         <size>0x16c</size>
         <input_file_ref idref="fl-7"/>
      </object_component>
      <object_component id="oc-21">
         <name>.debug_frame</name>
         <load_address>0xabc</load_address>
         <run_address>0xabc</run_address>
         <size>0x1e4</size>
         <input_file_ref idref="fl-8"/>
      </object_component>
      <object_component id="oc-25">
         <name>.debug_frame</name>
         <load_address>0xca0</load_address>
         <run_address>0xca0</run_address>
         <size>0x1d4</size>
         <input_file_ref idref="fl-9"/>
      </object_component>
      <object_component id="oc-2b">
         <name>.debug_frame</name>
         <load_address>0xe74</load_address>
         <run_address>0xe74</run_address>
         <size>0x484</size>
         <input_file_ref idref="fl-a"/>
      </object_component>
      <object_component id="oc-2f">
         <name>.debug_frame</name>
         <load_address>0x12f8</load_address>
         <run_address>0x12f8</run_address>
         <size>0xc4</size>
         <input_file_ref idref="fl-b"/>
      </object_component>
      <object_component id="oc-34">
         <name>.debug_frame</name>
         <load_address>0x13bc</load_address>
         <run_address>0x13bc</run_address>
         <size>0x2ec</size>
         <input_file_ref idref="fl-c"/>
      </object_component>
      <object_component id="oc-38">
         <name>.debug_frame</name>
         <load_address>0x16a8</load_address>
         <run_address>0x16a8</run_address>
         <size>0x1fc</size>
         <input_file_ref idref="fl-d"/>
      </object_component>
      <object_component id="oc-3f">
         <name>.debug_frame</name>
         <load_address>0x18a4</load_address>
         <run_address>0x18a4</run_address>
         <size>0xea</size>
         <input_file_ref idref="fl-e"/>
      </object_component>
      <object_component id="oc-43">
         <name>.debug_frame</name>
         <load_address>0x198e</load_address>
         <run_address>0x198e</run_address>
         <size>0xa6c</size>
         <input_file_ref idref="fl-f"/>
      </object_component>
      <object_component id="oc-47">
         <name>.debug_frame</name>
         <load_address>0x23fa</load_address>
         <run_address>0x23fa</run_address>
         <size>0x10c</size>
         <input_file_ref idref="fl-10"/>
      </object_component>
      <object_component id="oc-4b">
         <name>.debug_frame</name>
         <load_address>0x2506</load_address>
         <run_address>0x2506</run_address>
         <size>0x124</size>
         <input_file_ref idref="fl-11"/>
      </object_component>
      <object_component id="oc-54">
         <name>.debug_frame</name>
         <load_address>0x262a</load_address>
         <run_address>0x262a</run_address>
         <size>0x28f</size>
         <input_file_ref idref="fl-13"/>
      </object_component>
      <object_component id="oc-58">
         <name>.debug_frame</name>
         <load_address>0x28b9</load_address>
         <run_address>0x28b9</run_address>
         <size>0x16c</size>
         <input_file_ref idref="fl-14"/>
      </object_component>
      <object_component id="oc-9a">
         <name>.debug_frame</name>
         <load_address>0x2a25</load_address>
         <run_address>0x2a25</run_address>
         <size>0x7c</size>
         <input_file_ref idref="fl-36"/>
      </object_component>
      <object_component id="oc-a0">
         <name>.debug_frame</name>
         <load_address>0x2aa1</load_address>
         <run_address>0x2aa1</run_address>
         <size>0x9d</size>
         <input_file_ref idref="fl-37"/>
      </object_component>
      <object_component id="oc-a6">
         <name>.debug_frame</name>
         <load_address>0x2b3e</load_address>
         <run_address>0x2b3e</run_address>
         <size>0xac</size>
         <input_file_ref idref="fl-38"/>
      </object_component>
      <object_component id="oc-aa">
         <name>.debug_frame</name>
         <load_address>0x2bea</load_address>
         <run_address>0x2bea</run_address>
         <size>0x9e</size>
         <input_file_ref idref="fl-39"/>
      </object_component>
      <object_component id="oc-b2">
         <name>.debug_frame</name>
         <load_address>0x2c88</load_address>
         <run_address>0x2c88</run_address>
         <size>0x82</size>
         <input_file_ref idref="fl-3b"/>
      </object_component>
      <object_component id="oc-b6">
         <name>.debug_frame</name>
         <load_address>0x2d0a</load_address>
         <run_address>0x2d0a</run_address>
         <size>0x94</size>
         <input_file_ref idref="fl-3c"/>
      </object_component>
      <object_component id="oc-c2">
         <name>.debug_frame</name>
         <load_address>0x2d9e</load_address>
         <run_address>0x2d9e</run_address>
         <size>0x9e</size>
         <input_file_ref idref="fl-3f"/>
      </object_component>
      <object_component id="oc-ca">
         <name>.debug_frame</name>
         <load_address>0x2e3c</load_address>
         <run_address>0x2e3c</run_address>
         <size>0x9e</size>
         <input_file_ref idref="fl-41"/>
      </object_component>
      <object_component id="oc-ce">
         <name>.debug_frame</name>
         <load_address>0x2eda</load_address>
         <run_address>0x2eda</run_address>
         <size>0x9e</size>
         <input_file_ref idref="fl-42"/>
      </object_component>
      <object_component id="oc-d2">
         <name>.debug_frame</name>
         <load_address>0x2f78</load_address>
         <run_address>0x2f78</run_address>
         <size>0x8b</size>
         <input_file_ref idref="fl-43"/>
      </object_component>
      <object_component id="oc-d6">
         <name>.debug_frame</name>
         <load_address>0x3003</load_address>
         <run_address>0x3003</run_address>
         <size>0x9e</size>
         <input_file_ref idref="fl-44"/>
      </object_component>
      <object_component id="oc-15">
         <name>.debug_line</name>
         <load_address>0x0</load_address>
         <run_address>0x0</run_address>
         <size>0x35c</size>
         <input_file_ref idref="fl-5"/>
      </object_component>
      <object_component id="oc-19">
         <name>.debug_line</name>
         <load_address>0x35c</load_address>
         <run_address>0x35c</run_address>
         <size>0x583</size>
         <input_file_ref idref="fl-6"/>
      </object_component>
      <object_component id="oc-1e">
         <name>.debug_line</name>
         <load_address>0x8df</load_address>
         <run_address>0x8df</run_address>
         <size>0x14a</size>
         <input_file_ref idref="fl-7"/>
      </object_component>
      <object_component id="oc-22">
         <name>.debug_line</name>
         <load_address>0xa29</load_address>
         <run_address>0xa29</run_address>
         <size>0x1d2</size>
         <input_file_ref idref="fl-8"/>
      </object_component>
      <object_component id="oc-26">
         <name>.debug_line</name>
         <load_address>0xbfb</load_address>
         <run_address>0xbfb</run_address>
         <size>0x2a5</size>
         <input_file_ref idref="fl-9"/>
      </object_component>
      <object_component id="oc-2c">
         <name>.debug_line</name>
         <load_address>0xea0</load_address>
         <run_address>0xea0</run_address>
         <size>0xbf4</size>
         <input_file_ref idref="fl-a"/>
      </object_component>
      <object_component id="oc-30">
         <name>.debug_line</name>
         <load_address>0x1a94</load_address>
         <run_address>0x1a94</run_address>
         <size>0xd2</size>
         <input_file_ref idref="fl-b"/>
      </object_component>
      <object_component id="oc-35">
         <name>.debug_line</name>
         <load_address>0x1b66</load_address>
         <run_address>0x1b66</run_address>
         <size>0x32d</size>
         <input_file_ref idref="fl-c"/>
      </object_component>
      <object_component id="oc-39">
         <name>.debug_line</name>
         <load_address>0x1e93</load_address>
         <run_address>0x1e93</run_address>
         <size>0x1e1</size>
         <input_file_ref idref="fl-d"/>
      </object_component>
      <object_component id="oc-40">
         <name>.debug_line</name>
         <load_address>0x2074</load_address>
         <run_address>0x2074</run_address>
         <size>0x354</size>
         <input_file_ref idref="fl-e"/>
      </object_component>
      <object_component id="oc-44">
         <name>.debug_line</name>
         <load_address>0x23c8</load_address>
         <run_address>0x23c8</run_address>
         <size>0xa35</size>
         <input_file_ref idref="fl-f"/>
      </object_component>
      <object_component id="oc-48">
         <name>.debug_line</name>
         <load_address>0x2dfd</load_address>
         <run_address>0x2dfd</run_address>
         <size>0x106</size>
         <input_file_ref idref="fl-10"/>
      </object_component>
      <object_component id="oc-4c">
         <name>.debug_line</name>
         <load_address>0x2f03</load_address>
         <run_address>0x2f03</run_address>
         <size>0x11f</size>
         <input_file_ref idref="fl-11"/>
      </object_component>
      <object_component id="oc-50">
         <name>.debug_line</name>
         <load_address>0x3022</load_address>
         <run_address>0x3022</run_address>
         <size>0x7e</size>
         <input_file_ref idref="fl-12"/>
      </object_component>
      <object_component id="oc-55">
         <name>.debug_line</name>
         <load_address>0x30a0</load_address>
         <run_address>0x30a0</run_address>
         <size>0x472</size>
         <input_file_ref idref="fl-13"/>
      </object_component>
      <object_component id="oc-59">
         <name>.debug_line</name>
         <load_address>0x3512</load_address>
         <run_address>0x3512</run_address>
         <size>0x169</size>
         <input_file_ref idref="fl-14"/>
      </object_component>
      <object_component id="oc-5d">
         <name>.debug_line</name>
         <load_address>0x367b</load_address>
         <run_address>0x367b</run_address>
         <size>0x9f</size>
         <input_file_ref idref="fl-17"/>
      </object_component>
      <object_component id="oc-61">
         <name>.debug_line</name>
         <load_address>0x371a</load_address>
         <run_address>0x371a</run_address>
         <size>0x55</size>
         <input_file_ref idref="fl-18"/>
      </object_component>
      <object_component id="oc-65">
         <name>.debug_line</name>
         <load_address>0x376f</load_address>
         <run_address>0x376f</run_address>
         <size>0xa6</size>
         <input_file_ref idref="fl-19"/>
      </object_component>
      <object_component id="oc-69">
         <name>.debug_line</name>
         <load_address>0x3815</load_address>
         <run_address>0x3815</run_address>
         <size>0x4f</size>
         <input_file_ref idref="fl-1a"/>
      </object_component>
      <object_component id="oc-6d">
         <name>.debug_line</name>
         <load_address>0x3864</load_address>
         <run_address>0x3864</run_address>
         <size>0xa8</size>
         <input_file_ref idref="fl-1b"/>
      </object_component>
      <object_component id="oc-71">
         <name>.debug_line</name>
         <load_address>0x390c</load_address>
         <run_address>0x390c</run_address>
         <size>0x8a</size>
         <input_file_ref idref="fl-1c"/>
      </object_component>
      <object_component id="oc-75">
         <name>.debug_line</name>
         <load_address>0x3996</load_address>
         <run_address>0x3996</run_address>
         <size>0x3e</size>
         <input_file_ref idref="fl-1d"/>
      </object_component>
      <object_component id="oc-79">
         <name>.debug_line</name>
         <load_address>0x39d4</load_address>
         <run_address>0x39d4</run_address>
         <size>0x53</size>
         <input_file_ref idref="fl-1e"/>
      </object_component>
      <object_component id="oc-7d">
         <name>.debug_line</name>
         <load_address>0x3a27</load_address>
         <run_address>0x3a27</run_address>
         <size>0x5b</size>
         <input_file_ref idref="fl-1f"/>
      </object_component>
      <object_component id="oc-81">
         <name>.debug_line</name>
         <load_address>0x3a82</load_address>
         <run_address>0x3a82</run_address>
         <size>0x53</size>
         <input_file_ref idref="fl-20"/>
      </object_component>
      <object_component id="oc-85">
         <name>.debug_line</name>
         <load_address>0x3ad5</load_address>
         <run_address>0x3ad5</run_address>
         <size>0x56</size>
         <input_file_ref idref="fl-21"/>
      </object_component>
      <object_component id="oc-89">
         <name>.debug_line</name>
         <load_address>0x3b2b</load_address>
         <run_address>0x3b2b</run_address>
         <size>0x4f</size>
         <input_file_ref idref="fl-22"/>
      </object_component>
      <object_component id="oc-8d">
         <name>.debug_line</name>
         <load_address>0x3b7a</load_address>
         <run_address>0x3b7a</run_address>
         <size>0x46</size>
         <input_file_ref idref="fl-23"/>
      </object_component>
      <object_component id="oc-91">
         <name>.debug_line</name>
         <load_address>0x3bc0</load_address>
         <run_address>0x3bc0</run_address>
         <size>0x4c</size>
         <input_file_ref idref="fl-24"/>
      </object_component>
      <object_component id="oc-97">
         <name>.debug_line</name>
         <load_address>0x3c0c</load_address>
         <run_address>0x3c0c</run_address>
         <size>0x70</size>
         <input_file_ref idref="fl-35"/>
      </object_component>
      <object_component id="oc-9b">
         <name>.debug_line</name>
         <load_address>0x3c7c</load_address>
         <run_address>0x3c7c</run_address>
         <size>0x56</size>
         <input_file_ref idref="fl-36"/>
      </object_component>
      <object_component id="oc-a1">
         <name>.debug_line</name>
         <load_address>0x3cd2</load_address>
         <run_address>0x3cd2</run_address>
         <size>0x5a</size>
         <input_file_ref idref="fl-37"/>
      </object_component>
      <object_component id="oc-a7">
         <name>.debug_line</name>
         <load_address>0x3d2c</load_address>
         <run_address>0x3d2c</run_address>
         <size>0x5b</size>
         <input_file_ref idref="fl-38"/>
      </object_component>
      <object_component id="oc-ab">
         <name>.debug_line</name>
         <load_address>0x3d87</load_address>
         <run_address>0x3d87</run_address>
         <size>0x56</size>
         <input_file_ref idref="fl-39"/>
      </object_component>
      <object_component id="oc-b3">
         <name>.debug_line</name>
         <load_address>0x3ddd</load_address>
         <run_address>0x3ddd</run_address>
         <size>0x41</size>
         <input_file_ref idref="fl-3b"/>
      </object_component>
      <object_component id="oc-b7">
         <name>.debug_line</name>
         <load_address>0x3e1e</load_address>
         <run_address>0x3e1e</run_address>
         <size>0x43</size>
         <input_file_ref idref="fl-3c"/>
      </object_component>
      <object_component id="oc-bb">
         <name>.debug_line</name>
         <load_address>0x3e61</load_address>
         <run_address>0x3e61</run_address>
         <size>0x5d</size>
         <input_file_ref idref="fl-3d"/>
      </object_component>
      <object_component id="oc-bf">
         <name>.debug_line</name>
         <load_address>0x3ebe</load_address>
         <run_address>0x3ebe</run_address>
         <size>0x50</size>
         <input_file_ref idref="fl-3e"/>
      </object_component>
      <object_component id="oc-c3">
         <name>.debug_line</name>
         <load_address>0x3f0e</load_address>
         <run_address>0x3f0e</run_address>
         <size>0x70</size>
         <input_file_ref idref="fl-3f"/>
      </object_component>
      <object_component id="oc-c7">
         <name>.debug_line</name>
         <load_address>0x3f7e</load_address>
         <run_address>0x3f7e</run_address>
         <size>0x66</size>
         <input_file_ref idref="fl-40"/>
      </object_component>
      <object_component id="oc-cb">
         <name>.debug_line</name>
         <load_address>0x3fe4</load_address>
         <run_address>0x3fe4</run_address>
         <size>0x50</size>
         <input_file_ref idref="fl-41"/>
      </object_component>
      <object_component id="oc-cf">
         <name>.debug_line</name>
         <load_address>0x4034</load_address>
         <run_address>0x4034</run_address>
         <size>0x4b</size>
         <input_file_ref idref="fl-42"/>
      </object_component>
      <object_component id="oc-d3">
         <name>.debug_line</name>
         <load_address>0x407f</load_address>
         <run_address>0x407f</run_address>
         <size>0x48</size>
         <input_file_ref idref="fl-43"/>
      </object_component>
      <object_component id="oc-d7">
         <name>.debug_line</name>
         <load_address>0x40c7</load_address>
         <run_address>0x40c7</run_address>
         <size>0x54</size>
         <input_file_ref idref="fl-44"/>
      </object_component>
      <object_component id="oc-16">
         <name>.debug_abbrev</name>
         <load_address>0x0</load_address>
         <run_address>0x0</run_address>
         <size>0x17a</size>
         <input_file_ref idref="fl-5"/>
      </object_component>
      <object_component id="oc-1a">
         <name>.debug_abbrev</name>
         <load_address>0x17a</load_address>
         <run_address>0x17a</run_address>
         <size>0x15d</size>
         <input_file_ref idref="fl-6"/>
      </object_component>
      <object_component id="oc-1f">
         <name>.debug_abbrev</name>
         <load_address>0x2d7</load_address>
         <run_address>0x2d7</run_address>
         <size>0x10a</size>
         <input_file_ref idref="fl-7"/>
      </object_component>
      <object_component id="oc-23">
         <name>.debug_abbrev</name>
         <load_address>0x3e1</load_address>
         <run_address>0x3e1</run_address>
         <size>0x14b</size>
         <input_file_ref idref="fl-8"/>
      </object_component>
      <object_component id="oc-27">
         <name>.debug_abbrev</name>
         <load_address>0x52c</load_address>
         <run_address>0x52c</run_address>
         <size>0x154</size>
         <input_file_ref idref="fl-9"/>
      </object_component>
      <object_component id="oc-2d">
         <name>.debug_abbrev</name>
         <load_address>0x680</load_address>
         <run_address>0x680</run_address>
         <size>0x21a</size>
         <input_file_ref idref="fl-a"/>
      </object_component>
      <object_component id="oc-31">
         <name>.debug_abbrev</name>
         <load_address>0x89a</load_address>
         <run_address>0x89a</run_address>
         <size>0xf8</size>
         <input_file_ref idref="fl-b"/>
      </object_component>
      <object_component id="oc-36">
         <name>.debug_abbrev</name>
         <load_address>0x992</load_address>
         <run_address>0x992</run_address>
         <size>0x179</size>
         <input_file_ref idref="fl-c"/>
      </object_component>
      <object_component id="oc-3a">
         <name>.debug_abbrev</name>
         <load_address>0xb0b</load_address>
         <run_address>0xb0b</run_address>
         <size>0x15d</size>
         <input_file_ref idref="fl-d"/>
      </object_component>
      <object_component id="oc-41">
         <name>.debug_abbrev</name>
         <load_address>0xc68</load_address>
         <run_address>0xc68</run_address>
         <size>0x17b</size>
         <input_file_ref idref="fl-e"/>
      </object_component>
      <object_component id="oc-45">
         <name>.debug_abbrev</name>
         <load_address>0xde3</load_address>
         <run_address>0xde3</run_address>
         <size>0x166</size>
         <input_file_ref idref="fl-f"/>
      </object_component>
      <object_component id="oc-49">
         <name>.debug_abbrev</name>
         <load_address>0xf49</load_address>
         <run_address>0xf49</run_address>
         <size>0x10a</size>
         <input_file_ref idref="fl-10"/>
      </object_component>
      <object_component id="oc-4d">
         <name>.debug_abbrev</name>
         <load_address>0x1053</load_address>
         <run_address>0x1053</run_address>
         <size>0x10a</size>
         <input_file_ref idref="fl-11"/>
      </object_component>
      <object_component id="oc-51">
         <name>.debug_abbrev</name>
         <load_address>0x115d</load_address>
         <run_address>0x115d</run_address>
         <size>0x2c</size>
         <input_file_ref idref="fl-12"/>
      </object_component>
      <object_component id="oc-56">
         <name>.debug_abbrev</name>
         <load_address>0x1189</load_address>
         <run_address>0x1189</run_address>
         <size>0x18b</size>
         <input_file_ref idref="fl-13"/>
      </object_component>
      <object_component id="oc-5a">
         <name>.debug_abbrev</name>
         <load_address>0x1314</load_address>
         <run_address>0x1314</run_address>
         <size>0x10a</size>
         <input_file_ref idref="fl-14"/>
      </object_component>
      <object_component id="oc-5e">
         <name>.debug_abbrev</name>
         <load_address>0x141e</load_address>
         <run_address>0x141e</run_address>
         <size>0x35</size>
         <input_file_ref idref="fl-17"/>
      </object_component>
      <object_component id="oc-62">
         <name>.debug_abbrev</name>
         <load_address>0x1453</load_address>
         <run_address>0x1453</run_address>
         <size>0x35</size>
         <input_file_ref idref="fl-18"/>
      </object_component>
      <object_component id="oc-66">
         <name>.debug_abbrev</name>
         <load_address>0x1488</load_address>
         <run_address>0x1488</run_address>
         <size>0x35</size>
         <input_file_ref idref="fl-19"/>
      </object_component>
      <object_component id="oc-6a">
         <name>.debug_abbrev</name>
         <load_address>0x14bd</load_address>
         <run_address>0x14bd</run_address>
         <size>0x35</size>
         <input_file_ref idref="fl-1a"/>
      </object_component>
      <object_component id="oc-6e">
         <name>.debug_abbrev</name>
         <load_address>0x14f2</load_address>
         <run_address>0x14f2</run_address>
         <size>0x35</size>
         <input_file_ref idref="fl-1b"/>
      </object_component>
      <object_component id="oc-72">
         <name>.debug_abbrev</name>
         <load_address>0x1527</load_address>
         <run_address>0x1527</run_address>
         <size>0x35</size>
         <input_file_ref idref="fl-1c"/>
      </object_component>
      <object_component id="oc-76">
         <name>.debug_abbrev</name>
         <load_address>0x155c</load_address>
         <run_address>0x155c</run_address>
         <size>0x35</size>
         <input_file_ref idref="fl-1d"/>
      </object_component>
      <object_component id="oc-7a">
         <name>.debug_abbrev</name>
         <load_address>0x1591</load_address>
         <run_address>0x1591</run_address>
         <size>0x35</size>
         <input_file_ref idref="fl-1e"/>
      </object_component>
      <object_component id="oc-7e">
         <name>.debug_abbrev</name>
         <load_address>0x15c6</load_address>
         <run_address>0x15c6</run_address>
         <size>0x35</size>
         <input_file_ref idref="fl-1f"/>
      </object_component>
      <object_component id="oc-82">
         <name>.debug_abbrev</name>
         <load_address>0x15fb</load_address>
         <run_address>0x15fb</run_address>
         <size>0x35</size>
         <input_file_ref idref="fl-20"/>
      </object_component>
      <object_component id="oc-86">
         <name>.debug_abbrev</name>
         <load_address>0x1630</load_address>
         <run_address>0x1630</run_address>
         <size>0x35</size>
         <input_file_ref idref="fl-21"/>
      </object_component>
      <object_component id="oc-8a">
         <name>.debug_abbrev</name>
         <load_address>0x1665</load_address>
         <run_address>0x1665</run_address>
         <size>0x35</size>
         <input_file_ref idref="fl-22"/>
      </object_component>
      <object_component id="oc-8e">
         <name>.debug_abbrev</name>
         <load_address>0x169a</load_address>
         <run_address>0x169a</run_address>
         <size>0x35</size>
         <input_file_ref idref="fl-23"/>
      </object_component>
      <object_component id="oc-92">
         <name>.debug_abbrev</name>
         <load_address>0x16cf</load_address>
         <run_address>0x16cf</run_address>
         <size>0x35</size>
         <input_file_ref idref="fl-24"/>
      </object_component>
      <object_component id="oc-98">
         <name>.debug_abbrev</name>
         <load_address>0x1704</load_address>
         <run_address>0x1704</run_address>
         <size>0x43</size>
         <input_file_ref idref="fl-35"/>
      </object_component>
      <object_component id="oc-9c">
         <name>.debug_abbrev</name>
         <load_address>0x1747</load_address>
         <run_address>0x1747</run_address>
         <size>0xed</size>
         <input_file_ref idref="fl-36"/>
      </object_component>
      <object_component id="oc-a2">
         <name>.debug_abbrev</name>
         <load_address>0x1834</load_address>
         <run_address>0x1834</run_address>
         <size>0x10c</size>
         <input_file_ref idref="fl-37"/>
      </object_component>
      <object_component id="oc-a8">
         <name>.debug_abbrev</name>
         <load_address>0x1940</load_address>
         <run_address>0x1940</run_address>
         <size>0xa9</size>
         <input_file_ref idref="fl-38"/>
      </object_component>
      <object_component id="oc-ac">
         <name>.debug_abbrev</name>
         <load_address>0x19e9</load_address>
         <run_address>0x19e9</run_address>
         <size>0xc9</size>
         <input_file_ref idref="fl-39"/>
      </object_component>
      <object_component id="oc-b0">
         <name>.debug_abbrev</name>
         <load_address>0x1ab2</load_address>
         <run_address>0x1ab2</run_address>
         <size>0x35</size>
         <input_file_ref idref="fl-3a"/>
      </object_component>
      <object_component id="oc-b4">
         <name>.debug_abbrev</name>
         <load_address>0x1ae7</load_address>
         <run_address>0x1ae7</run_address>
         <size>0x94</size>
         <input_file_ref idref="fl-3b"/>
      </object_component>
      <object_component id="oc-b8">
         <name>.debug_abbrev</name>
         <load_address>0x1b7b</load_address>
         <run_address>0x1b7b</run_address>
         <size>0xa2</size>
         <input_file_ref idref="fl-3c"/>
      </object_component>
      <object_component id="oc-bc">
         <name>.debug_abbrev</name>
         <load_address>0x1c1d</load_address>
         <run_address>0x1c1d</run_address>
         <size>0x35</size>
         <input_file_ref idref="fl-3d"/>
      </object_component>
      <object_component id="oc-c0">
         <name>.debug_abbrev</name>
         <load_address>0x1c52</load_address>
         <run_address>0x1c52</run_address>
         <size>0x35</size>
         <input_file_ref idref="fl-3e"/>
      </object_component>
      <object_component id="oc-c4">
         <name>.debug_abbrev</name>
         <load_address>0x1c87</load_address>
         <run_address>0x1c87</run_address>
         <size>0xc0</size>
         <input_file_ref idref="fl-3f"/>
      </object_component>
      <object_component id="oc-c8">
         <name>.debug_abbrev</name>
         <load_address>0x1d47</load_address>
         <run_address>0x1d47</run_address>
         <size>0x35</size>
         <input_file_ref idref="fl-40"/>
      </object_component>
      <object_component id="oc-cc">
         <name>.debug_abbrev</name>
         <load_address>0x1d7c</load_address>
         <run_address>0x1d7c</run_address>
         <size>0xb9</size>
         <input_file_ref idref="fl-41"/>
      </object_component>
      <object_component id="oc-d0">
         <name>.debug_abbrev</name>
         <load_address>0x1e35</load_address>
         <run_address>0x1e35</run_address>
         <size>0xc0</size>
         <input_file_ref idref="fl-42"/>
      </object_component>
      <object_component id="oc-d4">
         <name>.debug_abbrev</name>
         <load_address>0x1ef5</load_address>
         <run_address>0x1ef5</run_address>
         <size>0xa9</size>
         <input_file_ref idref="fl-43"/>
      </object_component>
      <object_component id="oc-d8">
         <name>.debug_abbrev</name>
         <load_address>0x1f9e</load_address>
         <run_address>0x1f9e</run_address>
         <size>0xb0</size>
         <input_file_ref idref="fl-44"/>
      </object_component>
      <object_component id="oc-10f">
         <name>.debug_abbrev</name>
         <load_address>0x204e</load_address>
         <run_address>0x204e</run_address>
         <size>0xd</size>
      </object_component>
   </object_component_list>
   <logical_group_list>
      <logical_group id="lg-2" display="no" color="cyan">
         <name>codestart</name>
         <run_address>0x0</run_address>
         <size>0x0</size>
         <contents>
         </contents>
      </logical_group>
      <logical_group id="lg-3" display="no" color="cyan">
         <name>ramfuncs</name>
         <load_address>0xf4</load_address>
         <run_address>0xf4</run_address>
         <size>0x36</size>
         <contents>
            <object_component_ref idref="oc-e5"/>
            <object_component_ref idref="oc-4e"/>
         </contents>
      </logical_group>
      <logical_group id="lg-4" display="no" color="cyan">
         <name>.text</name>
         <load_address>0x8000</load_address>
         <run_address>0x8000</run_address>
         <size>0x2099</size>
         <contents>
            <object_component_ref idref="oc-de"/>
            <object_component_ref idref="oc-df"/>
            <object_component_ref idref="oc-e1"/>
            <object_component_ref idref="oc-e6"/>
            <object_component_ref idref="oc-db"/>
            <object_component_ref idref="oc-e2"/>
            <object_component_ref idref="oc-e4"/>
            <object_component_ref idref="oc-3e"/>
            <object_component_ref idref="oc-ec"/>
            <object_component_ref idref="oc-f2"/>
            <object_component_ref idref="oc-f1"/>
            <object_component_ref idref="oc-ee"/>
            <object_component_ref idref="oc-5b"/>
            <object_component_ref idref="oc-6b"/>
            <object_component_ref idref="oc-63"/>
            <object_component_ref idref="oc-e3"/>
            <object_component_ref idref="oc-6f"/>
            <object_component_ref idref="oc-dd"/>
            <object_component_ref idref="oc-ef"/>
            <object_component_ref idref="oc-eb"/>
            <object_component_ref idref="oc-e9"/>
            <object_component_ref idref="oc-12"/>
            <object_component_ref idref="oc-f3"/>
            <object_component_ref idref="oc-e0"/>
            <object_component_ref idref="oc-ed"/>
            <object_component_ref idref="oc-e7"/>
            <object_component_ref idref="oc-b9"/>
            <object_component_ref idref="oc-e8"/>
            <object_component_ref idref="oc-7b"/>
            <object_component_ref idref="oc-c5"/>
            <object_component_ref idref="oc-83"/>
            <object_component_ref idref="oc-ea"/>
            <object_component_ref idref="oc-5f"/>
            <object_component_ref idref="oc-7f"/>
            <object_component_ref idref="oc-77"/>
            <object_component_ref idref="oc-87"/>
            <object_component_ref idref="oc-bd"/>
            <object_component_ref idref="oc-d9"/>
            <object_component_ref idref="oc-da"/>
            <object_component_ref idref="oc-67"/>
            <object_component_ref idref="oc-f0"/>
            <object_component_ref idref="oc-8f"/>
            <object_component_ref idref="oc-8b"/>
            <object_component_ref idref="oc-dc"/>
            <object_component_ref idref="oc-33"/>
            <object_component_ref idref="oc-73"/>
         </contents>
      </logical_group>
      <logical_group id="lg-5" display="no" color="cyan">
         <name>.cinit</name>
         <load_address>0x50</load_address>
         <run_address>0x50</run_address>
         <size>0xa4</size>
         <contents>
            <object_component_ref idref="oc-3c"/>
            <object_component_ref idref="oc-a4"/>
            <object_component_ref idref="oc-9e"/>
            <object_component_ref idref="oc-ae"/>
         </contents>
      </logical_group>
      <logical_group id="lg-6" display="no" color="cyan">
         <name>.pinit</name>
         <run_address>0x0</run_address>
         <size>0x0</size>
         <contents>
         </contents>
      </logical_group>
      <logical_group id="lg-7" display="no" color="cyan">
         <name>.switch</name>
         <run_address>0x0</run_address>
         <size>0x0</size>
         <contents>
         </contents>
      </logical_group>
      <logical_group id="lg-8" display="no" color="cyan">
         <name>.reset</name>
         <load_address>0x3fffc0</load_address>
         <run_address>0x3fffc0</run_address>
         <size>0x2</size>
         <contents>
            <object_component_ref idref="oc-95"/>
         </contents>
      </logical_group>
      <logical_group id="lg-9" display="no" color="cyan">
         <name>.stack</name>
         <run_address>0x400</run_address>
         <size>0x3b0</size>
         <contents>
            <object_component_ref idref="oc-94"/>
            <object_component_ref idref="oc-10d"/>
         </contents>
      </logical_group>
      <logical_group id="lg-a" display="no" color="cyan">
         <name>.ebss</name>
         <run_address>0xa09a</run_address>
         <size>0x240</size>
         <contents>
            <object_component_ref idref="oc-1c"/>
            <object_component_ref idref="oc-29"/>
            <object_component_ref idref="oc-3d"/>
            <object_component_ref idref="oc-9f"/>
            <object_component_ref idref="oc-a5"/>
            <object_component_ref idref="oc-af"/>
         </contents>
      </logical_group>
      <logical_group id="lg-b" display="no" color="cyan">
         <name>.econst</name>
         <load_address>0xa2ee</load_address>
         <run_address>0xa2ee</run_address>
         <size>0xc</size>
         <contents>
            <object_component_ref idref="oc-53"/>
            <object_component_ref idref="oc-2a"/>
         </contents>
      </logical_group>
      <logical_group id="lg-c" display="no" color="cyan">
         <name>.esysmem</name>
         <run_address>0x0</run_address>
         <size>0x0</size>
         <contents>
         </contents>
      </logical_group>
      <logical_group id="lg-d" display="no" color="cyan">
         <name>IQmath</name>
         <load_address>0xa2da</load_address>
         <run_address>0xa2da</run_address>
         <size>0x14</size>
         <contents>
            <object_component_ref idref="oc-93"/>
         </contents>
      </logical_group>
      <logical_group id="lg-e" display="no" color="cyan">
         <name>IQmathTables</name>
         <run_address>0x0</run_address>
         <size>0x0</size>
         <contents>
         </contents>
      </logical_group>
      <logical_group id="lg-f" display="no" color="cyan">
         <name>FPUmathTables</name>
         <run_address>0x0</run_address>
         <size>0x0</size>
         <contents>
         </contents>
      </logical_group>
      <logical_group id="lg-10" display="no" color="cyan">
         <name>Cla1Prog</name>
         <run_address>0x0</run_address>
         <size>0x0</size>
         <contents>
         </contents>
      </logical_group>
      <logical_group id="lg-11" display="no" color="cyan">
         <name>unsecure_data</name>
         <run_address>0x0</run_address>
         <size>0x0</size>
         <contents>
         </contents>
      </logical_group>
      <logical_group id="lg-104" display="never" color="cyan">
         <name>.debug_info</name>
         <load_address>0x0</load_address>
         <run_address>0x0</run_address>
         <size>0x41e7e</size>
         <contents>
            <object_component_ref idref="oc-13"/>
            <object_component_ref idref="oc-17"/>
            <object_component_ref idref="oc-1b"/>
            <object_component_ref idref="oc-20"/>
            <object_component_ref idref="oc-24"/>
            <object_component_ref idref="oc-28"/>
            <object_component_ref idref="oc-2e"/>
            <object_component_ref idref="oc-32"/>
            <object_component_ref idref="oc-37"/>
            <object_component_ref idref="oc-3b"/>
            <object_component_ref idref="oc-42"/>
            <object_component_ref idref="oc-46"/>
            <object_component_ref idref="oc-4a"/>
            <object_component_ref idref="oc-4f"/>
            <object_component_ref idref="oc-52"/>
            <object_component_ref idref="oc-57"/>
            <object_component_ref idref="oc-5c"/>
            <object_component_ref idref="oc-60"/>
[...]
      </symbol>
      <symbol id="sm-23d">
         <name>_PWM_enableAutoConvert</name>
         <value>0x9093</value>
         <object_component_ref idref="oc-e1"/>
      </symbol>
      <symbol id="sm-23e">
         <name>_PWM_setDigitalCompareBlankingPulse</name>
         <value>0x8f20</value>
         <object_component_ref idref="oc-e1"/>
      </symbol>
      <symbol id="sm-23f">
         <name>_PWM_setCounterMode</name>
         <value>0x8f95</value>
         <object_component_ref idref="oc-e1"/>
      </symbol>
      <symbol id="sm-240">
         <name>_PWM_getIntCount</name>
         <value>0x904a</value>
         <object_component_ref idref="oc-e1"/>
      </symbol>
      <symbol id="sm-241">
         <name>_PWM_enableChopping</name>
         <value>0x908f</value>
         <object_component_ref idref="oc-e1"/>
      </symbol>
      <symbol id="sm-242">
         <name>_PWM_disableDeadBandHalfCycle</name>
         <value>0x90d6</value>
         <object_component_ref idref="oc-e1"/>
      </symbol>
      <symbol id="sm-243">
         <name>_PWM_disableAutoConvert</name>
         <value>0x90e4</value>
         <object_component_ref idref="oc-e1"/>
      </symbol>
      <symbol id="sm-244">
         <name>_PWM_setTripZoneDCEventSelect_DCBEVT2</name>
         <value>0x8e4d</value>
         <object_component_ref idref="oc-e1"/>
      </symbol>
      <symbol id="sm-245">
         <name>_PWM_setTripZoneDCEventSelect_DCBEVT1</name>
         <value>0x8e59</value>
         <object_component_ref idref="oc-e1"/>
      </symbol>
      <symbol id="sm-246">
         <name>_PWM_setDeadBandRisingEdgeDelay</name>
         <value>0x8f7a</value>
         <object_component_ref idref="oc-e1"/>
      </symbol>
      <symbol id="sm-247">
         <name>_PWM_setDigitalCompareBEvent2</name>
         <value>0x8f2c</value>
         <object_component_ref idref="oc-e1"/>
      </symbol>
      <symbol id="sm-248">
         <name>_PWM_setDigitalCompareBEvent1</name>
         <value>0x8f3c</value>
         <object_component_ref idref="oc-e1"/>
      </symbol>
      <symbol id="sm-249">
         <name>_PWM_disableTripZoneSrc</name>
         <value>0x90a0</value>
         <object_component_ref idref="oc-e1"/>
      </symbol>
      <symbol id="sm-24a">
         <name>_PWM_setChoppingDutyCycle</name>
         <value>0x8fa6</value>
         <object_component_ref idref="oc-e1"/>
      </symbol>
      <symbol id="sm-24b">
         <name>_PWM_setChoppingPulseWidth</name>
         <value>0x8f9f</value>
         <object_component_ref idref="oc-e1"/>
      </symbol>
      <symbol id="sm-24c">
         <name>_PWM_setSwSync</name>
         <value>0x8e7f</value>
         <object_component_ref idref="oc-e1"/>
      </symbol>
      <symbol id="sm-24d">
         <name>_PWM_setSocAPulseSrc</name>
         <value>0x8e94</value>
         <object_component_ref idref="oc-e1"/>
      </symbol>
      <symbol id="sm-24e">
         <name>_PWM_setActionQualContSWForce_PwmB</name>
         <value>0x901c</value>
         <object_component_ref idref="oc-e1"/>
      </symbol>
      <symbol id="sm-24f">
         <name>_PWM_setDigitalCompareFilterWindow</name>
         <value>0x8f10</value>
         <object_component_ref idref="oc-e1"/>
      </symbol>
      <symbol id="sm-250">
         <name>_PWM_setActionQualContSWForce_PwmA</name>
         <value>0x9025</value>
         <object_component_ref idref="oc-e1"/>
      </symbol>
      <symbol id="sm-251">
         <name>_PWM_setActionQual_CntDown_CmpA_PwmB</name>
         <value>0x900a</value>
         <object_component_ref idref="oc-e1"/>
      </symbol>
      <symbol id="sm-252">
         <name>_PWM_setActionQual_CntDown_CmpA_PwmA</name>
         <value>0x9013</value>
         <object_component_ref idref="oc-e1"/>
      </symbol>
      <symbol id="sm-253">
         <name>_PWM_setActionQual_CntDown_CmpB_PwmB</name>
         <value>0x8ff8</value>
         <object_component_ref idref="oc-e1"/>
      </symbol>
      <symbol id="sm-254">
         <name>_PWM_setActionQual_CntDown_CmpB_PwmA</name>
         <value>0x9001</value>
         <object_component_ref idref="oc-e1"/>
      </symbol>
      <symbol id="sm-255">
         <name>_PWM_setCount</name>
         <value>0x8f99</value>
         <object_component_ref idref="oc-e1"/>
      </symbol>
      <symbol id="sm-256">
         <name>_PWM_enableTripZoneInt</name>
         <value>0x905a</value>
         <object_component_ref idref="oc-e1"/>
      </symbol>
      <symbol id="sm-257">
         <name>_PWM_setTripZoneState_DCBEVT1</name>
         <value>0x8e29</value>
         <object_component_ref idref="oc-e1"/>
      </symbol>
      <symbol id="sm-258">
         <name>_PWM_setTripZoneState_DCBEVT2</name>
         <value>0x8e1d</value>
         <object_component_ref idref="oc-e1"/>
      </symbol>
      <symbol id="sm-259">
         <name>_PWM_setActionQual_Period_PwmA</name>
         <value>0x8fcb</value>
         <object_component_ref idref="oc-e1"/>
      </symbol>
      <symbol id="sm-25a">
         <name>_PWM_setActionQual_Period_PwmB</name>
         <value>0x8fc2</value>
         <object_component_ref idref="oc-e1"/>
      </symbol>
      <symbol id="sm-265">
         <name>_PWR_init</name>
         <value>0x9d26</value>
         <object_component_ref idref="oc-eb"/>
      </symbol>
      <symbol id="sm-266">
         <name>_PWR_setNumStandByClocks</name>
         <value>0x9d02</value>
         <object_component_ref idref="oc-eb"/>
      </symbol>
      <symbol id="sm-267">
         <name>_PWR_disableWatchDogInt</name>
         <value>0x9d3b</value>
         <object_component_ref idref="oc-eb"/>
      </symbol>
      <symbol id="sm-268">
         <name>_PWR_enableWatchDogInt</name>
         <value>0x9d2d</value>
         <object_component_ref idref="oc-eb"/>
      </symbol>
      <symbol id="sm-269">
         <name>_PWR_disableBrownOutReset</name>
         <value>0x9d46</value>
         <object_component_ref idref="oc-eb"/>
      </symbol>
      <symbol id="sm-26a">
         <name>_PWR_enableBrownOutReset</name>
         <value>0x9d38</value>
         <object_component_ref idref="oc-eb"/>
      </symbol>
      <symbol id="sm-26b">
         <name>_PWR_setLowPowerMode</name>
         <value>0x9d14</value>
         <object_component_ref idref="oc-eb"/>
      </symbol>
      <symbol id="sm-276">
         <name>_TIMER_setEmulationMode</name>
         <value>0x9e20</value>
         <object_component_ref idref="oc-e0"/>
      </symbol>
      <symbol id="sm-277">
         <name>_TIMER_disableInt</name>
         <value>0x9e3e</value>
         <object_component_ref idref="oc-e0"/>
      </symbol>
      <symbol id="sm-278">
         <name>_TIMER_setPreScaler</name>
         <value>0x9e12</value>
         <object_component_ref idref="oc-e0"/>
      </symbol>
      <symbol id="sm-279">
         <name>_TIMER_setDecimationFactor</name>
         <value>0x9e24</value>
         <object_component_ref idref="oc-e0"/>
      </symbol>
      <symbol id="sm-27a">
         <name>_TIMER_getStatus</name>
         <value>0x9e38</value>
         <object_component_ref idref="oc-e0"/>
      </symbol>
      <symbol id="sm-27b">
         <name>_TIMER_init</name>
         <value>0x9e32</value>
         <object_component_ref idref="oc-e0"/>
      </symbol>
      <symbol id="sm-27c">
         <name>_TIMER_clearFlag</name>
         <value>0x9e41</value>
         <object_component_ref idref="oc-e0"/>
      </symbol>
      <symbol id="sm-27d">
         <name>_TIMER_enableInt</name>
         <value>0x9e3b</value>
         <object_component_ref idref="oc-e0"/>
      </symbol>
      <symbol id="sm-285">
         <name>_usDelay</name>
         <value>0x126</value>
         <object_component_ref idref="oc-4e"/>
      </symbol>
      <symbol id="sm-29f">
         <name>_USER_computeFlux_pu_to_VpHz_sf</name>
         <value>0x8cf9</value>
         <object_component_ref idref="oc-df"/>
      </symbol>
      <symbol id="sm-2a0">
         <name>_USER_calcPIgains</name>
         <value>0x8d56</value>
         <object_component_ref idref="oc-df"/>
      </symbol>
      <symbol id="sm-2a1">
         <name>_USER_computeTorque_Ls_Id_Iq_pu_to_Nm_sf</name>
         <value>0x8c1a</value>
         <object_component_ref idref="oc-df"/>
      </symbol>
      <symbol id="sm-2a2">
         <name>_USER_computeTorque_lbin</name>
         <value>0x8b77</value>
         <object_component_ref idref="oc-df"/>
      </symbol>
      <symbol id="sm-2a3">
         <name>_USER_getErrorCode</name>
         <value>0x8b74</value>
         <object_component_ref idref="oc-df"/>
      </symbol>
      <symbol id="sm-2a4">
         <name>_USER_computeFlux</name>
         <value>0x8d44</value>
         <object_component_ref idref="oc-df"/>
      </symbol>
      <symbol id="sm-2a5">
         <name>_USER_checkForErrors</name>
         <value>0x8d52</value>
         <object_component_ref idref="oc-df"/>
      </symbol>
      <symbol id="sm-2a6">
         <name>_USER_computeFlux_pu_to_Wb_sf</name>
         <value>0x8cae</value>
         <object_component_ref idref="oc-df"/>
      </symbol>
      <symbol id="sm-2a7">
         <name>_USER_computeTorque_Flux_Iq_pu_to_Nm_sf</name>
         <value>0x8c63</value>
         <object_component_ref idref="oc-df"/>
      </symbol>
      <symbol id="sm-2a8">
         <name>_USER_softwareUpdate1p6</name>
         <value>0x897b</value>
         <object_component_ref idref="oc-df"/>
      </symbol>
      <symbol id="sm-2a9">
         <name>_USER_setErrorCode</name>
         <value>0x8b71</value>
         <object_component_ref idref="oc-df"/>
      </symbol>
      <symbol id="sm-2aa">
         <name>_USER_setParams</name>
         <value>0x8a09</value>
         <object_component_ref idref="oc-df"/>
      </symbol>
      <symbol id="sm-2ab">
         <name>_USER_computeTorque_Nm</name>
         <value>0x8bce</value>
         <object_component_ref idref="oc-df"/>
      </symbol>
      <symbol id="sm-2b6">
         <name>_WDOG_disableInt</name>
         <value>0x9d79</value>
         <object_component_ref idref="oc-e9"/>
      </symbol>
      <symbol id="sm-2b7">
         <name>_WDOG_setPreScaler</name>
         <value>0x9d49</value>
         <object_component_ref idref="oc-e9"/>
      </symbol>
      <symbol id="sm-2b8">
         <name>_WDOG_enableInt</name>
         <value>0x9d64</value>
         <object_component_ref idref="oc-e9"/>
      </symbol>
      <symbol id="sm-2b9">
         <name>_WDOG_enable</name>
         <value>0x9d6a</value>
         <object_component_ref idref="oc-e9"/>
      </symbol>
      <symbol id="sm-2ba">
         <name>_WDOG_setCount</name>
         <value>0x9d53</value>
         <object_component_ref idref="oc-e9"/>
      </symbol>
      <symbol id="sm-2bb">
         <name>_WDOG_init</name>
         <value>0x9d55</value>
         <object_component_ref idref="oc-e9"/>
      </symbol>
      <symbol id="sm-2bc">
         <name>_WDOG_getIntStatus</name>
         <value>0x9d5b</value>
         <object_component_ref idref="oc-e9"/>
      </symbol>
      <symbol id="sm-2bd">
         <name>_WDOG_disable</name>
         <value>0x9d7f</value>
         <object_component_ref idref="oc-e9"/>
      </symbol>
      <symbol id="sm-2be">
         <name>_WDOG_enableOverRide</name>
         <value>0x9d5e</value>
         <object_component_ref idref="oc-e9"/>
      </symbol>
      <symbol id="sm-2bf">
         <name>_WDOG_disableOverRide</name>
         <value>0x9d73</value>
         <object_component_ref idref="oc-e9"/>
      </symbol>
      <symbol id="sm-2c0">
         <name>_WDOG_clearCounter</name>
         <value>0x9d87</value>
         <object_component_ref idref="oc-e9"/>
      </symbol>
      <symbol id="sm-2ce">
         <name>FD$$MPY</name>
         <value>0x9a2a</value>
         <object_component_ref idref="oc-5b"/>
      </symbol>
      <symbol id="sm-2d9">
         <name>FD$$TOL</name>
         <value>0x9f7a</value>
         <object_component_ref idref="oc-5f"/>
      </symbol>
      <symbol id="sm-2ef">
         <name>FS$$ADD</name>
         <value>0x9b35</value>
         <object_component_ref idref="oc-63"/>
      </symbol>
      <symbol id="sm-2f0">
         <name>FS$$SUB</name>
         <value>0x9b30</value>
         <object_component_ref idref="oc-63"/>
      </symbol>
      <symbol id="sm-2fe">
         <name>FS$$CMP</name>
         <value>0xa038</value>
         <object_component_ref idref="oc-67"/>
      </symbol>
      <symbol id="sm-30b">
         <name>FS$$DIV</name>
         <value>0x9aad</value>
         <object_component_ref idref="oc-6b"/>
      </symbol>
      <symbol id="sm-318">
         <name>FS$$MPY</name>
         <value>0x9c03</value>
         <object_component_ref idref="oc-6f"/>
      </symbol>
      <symbol id="sm-321">
         <name>FS$$NEG</name>
         <value>0xa094</value>
         <object_component_ref idref="oc-73"/>
      </symbol>
      <symbol id="sm-32d">
         <name>FS$$TOFD</name>
         <value>0x9fb6</value>
         <object_component_ref idref="oc-77"/>
      </symbol>
      <symbol id="sm-33a">
         <name>FS$$TOI</name>
         <value>0x9ef2</value>
         <object_component_ref idref="oc-7b"/>
      </symbol>
      <symbol id="sm-347">
         <name>FS$$TOU</name>
         <value>0x9f99</value>
         <object_component_ref idref="oc-7f"/>
      </symbol>
      <symbol id="sm-354">
         <name>FS$$TOUL</name>
         <value>0x9f39</value>
         <object_component_ref idref="oc-83"/>
      </symbol>
      <symbol id="sm-35f">
         <name>I$$TOFS</name>
         <value>0x9fd2</value>
         <object_component_ref idref="oc-87"/>
      </symbol>
      <symbol id="sm-369">
         <name>U$$TOFS</name>
         <value>0xa076</value>
         <object_component_ref idref="oc-8b"/>
      </symbol>
      <symbol id="sm-375">
         <name>UL$$TOFS</name>
         <value>0xa063</value>
         <object_component_ref idref="oc-8f"/>
      </symbol>
      <symbol id="sm-377">
         <name>_CTRL_setGains</name>
         <value>0x3fa83e</value>
      </symbol>
      <symbol id="sm-379">
         <name>_EST_getFlux_pu</name>
         <value>0x3f96ab</value>
      </symbol>
      <symbol id="sm-37b">
         <name>_EST_getLs_coarse_max_pu</name>
         <value>0x3f95ff</value>
      </symbol>
      <symbol id="sm-37d">
         <name>_EST_getLs_d_H</name>
         <value>0x3f95f5</value>
      </symbol>
      <symbol id="sm-37f">
         <name>_EST_getLs_d_pu</name>
         <value>0x3f95f0</value>
      </symbol>
      <symbol id="sm-381">
         <name>_EST_getLs_q_H</name>
         <value>0x3f95ce</value>
      </symbol>
      <symbol id="sm-383">
         <name>_EST_getLs_q_pu</name>
         <value>0x3f95c9</value>
      </symbol>
      <symbol id="sm-385">
         <name>_EST_getRs_Ohm</name>
         <value>0x3f9513</value>
      </symbol>
      <symbol id="sm-387">
         <name>_EST_setLs_d_pu</name>
         <value>0x3f8b45</value>
      </symbol>
      <symbol id="sm-389">
         <name>_EST_setLs_qFmt</name>
         <value>0x3f8af1</value>
      </symbol>
      <symbol id="sm-38b">
         <name>_EST_setLs_q_pu</name>
         <value>0x3f8ae7</value>
      </symbol>
      <symbol id="sm-38d">
         <name>_OFFSET_init</name>
         <value>0x3fb4dc</value>
      </symbol>
      <symbol id="sm-38f">
         <name>_OFFSET_setBeta</name>
         <value>0x3fb4c6</value>
      </symbol>
      <symbol id="sm-391">
         <name>_OFFSET_setInitCond</name>
         <value>0x3fb4bd</value>
      </symbol>
      <symbol id="sm-393">
         <name>_OFFSET_setOffset</name>
         <value>0x3fb4bb</value>
      </symbol>
      <symbol id="sm-39d">
         <name>__IQ30toF</name>
         <value>0xa2da</value>
         <object_component_ref idref="oc-93"/>
      </symbol>
      <symbol id="sm-3b1">
         <name>_c_int00</name>
         <value>0x9d8f</value>
         <object_component_ref idref="oc-12"/>
      </symbol>
      <symbol id="sm-3b2">
         <name>__stack</name>
         <value>0x400</value>
         <object_component_ref idref="oc-94"/>
      </symbol>
      <symbol id="sm-3be">
         <name>__args_main</name>
         <value>0xa006</value>
         <object_component_ref idref="oc-d9"/>
      </symbol>
      <symbol id="sm-3bf">
         <name>__TI_args_main</name>
         <value>0x1</value>
      </symbol>
      <symbol id="sm-3d0">
         <name>C$$EXIT</name>
         <value>0xa01f</value>
         <object_component_ref idref="oc-da"/>
      </symbol>
      <symbol id="sm-3d1">
         <name>_exit</name>
         <value>0xa021</value>
         <object_component_ref idref="oc-da"/>
      </symbol>
      <symbol id="sm-3d2">
         <name>___TI_cleanup_ptr</name>
         <value>0xa09e</value>
         <object_component_ref idref="oc-9f"/>
      </symbol>
      <symbol id="sm-3d3">
         <name>_abort</name>
         <value>0xa01f</value>
         <object_component_ref idref="oc-da"/>
      </symbol>
      <symbol id="sm-3d4">
         <name>___TI_dtors_ptr</name>
         <value>0xa0a0</value>
         <object_component_ref idref="oc-9f"/>
      </symbol>
      <symbol id="sm-3e2">
         <name>__unlock</name>
         <value>0xa09a</value>
         <object_component_ref idref="oc-a5"/>
      </symbol>
      <symbol id="sm-3e3">
         <name>__lock</name>
         <value>0xa09c</value>
         <object_component_ref idref="oc-a5"/>
      </symbol>
      <symbol id="sm-3e4">
         <name>__register_lock</name>
         <value>0xa08a</value>
         <object_component_ref idref="oc-dc"/>
      </symbol>
      <symbol id="sm-3e5">
         <name>__nop</name>
         <value>0xa08e</value>
         <object_component_ref idref="oc-dc"/>
      </symbol>
      <symbol id="sm-3e6">
         <name>__register_unlock</name>
         <value>0xa086</value>
         <object_component_ref idref="oc-dc"/>
      </symbol>
      <symbol id="sm-3f6">
         <name>_log</name>
         <value>0x97cf</value>
         <object_component_ref idref="oc-ec"/>
      </symbol>
      <symbol id="sm-400">
         <name>_errno</name>
         <value>0xa0a3</value>
         <object_component_ref idref="oc-af"/>
      </symbol>
      <symbol id="sm-40d">
         <name>_frexp</name>
         <value>0xa04f</value>
         <object_component_ref idref="oc-f0"/>
      </symbol>
      <symbol id="sm-41a">
         <name>_modf</name>
         <value>0x9e44</value>
         <object_component_ref idref="oc-ed"/>
      </symbol>
      <symbol id="sm-429">
         <name>FS$$TOL</name>
         <value>0x9ea2</value>
         <object_component_ref idref="oc-b9"/>
      </symbol>
      <symbol id="sm-434">
         <name>L$$TOFS</name>
         <value>0x9fec</value>
         <object_component_ref idref="oc-bd"/>
      </symbol>
      <symbol id="sm-447">
         <name>_pow</name>
         <value>0x99a3</value>
         <object_component_ref idref="oc-ee"/>
      </symbol>
      <symbol id="sm-451">
         <name>I$$MOD</name>
         <value>0x9f28</value>
         <object_component_ref idref="oc-c5"/>
      </symbol>
      <symbol id="sm-452">
         <name>I$$DIV</name>
         <value>0x9f17</value>
         <object_component_ref idref="oc-c5"/>
      </symbol>
      <symbol id="sm-45e">
         <name>__log</name>
         <value>0x9916</value>
         <object_component_ref idref="oc-f1"/>
      </symbol>
      <symbol id="sm-46c">
         <name>_exp</name>
         <value>0x9879</value>
         <object_component_ref idref="oc-f2"/>
      </symbol>
      <symbol id="sm-47b">
         <name>_ldexp</name>
         <value>0x9dd3</value>
         <object_component_ref idref="oc-f3"/>
      </symbol>
      <symbol id="sm-488">
         <name>_sqrt</name>
         <value>0x9cb2</value>
         <object_component_ref idref="oc-ef"/>
      </symbol>
   </symbol_table>
   <title>Link successful</title>
</link_info>
